{
  "decision": "WEIGHTING_PIPELINE_READY",
  "checks": {
    "bc_all_transport_recovery_ess_ge_0_25": true,
    "bc_all_transport_recovery_finite": true,
    "bc_all_transport_recovery_zero_weight_ratio_le_0_85": true,
    "bc_all_transport_dual_order_ess_ge_0_25": true,
    "bc_all_transport_dual_order_finite": true,
    "bc_all_transport_dual_order_zero_weight_ratio_le_0_85": true,
    "bc_all_recovery_positive_coverage_ge_0_5": true,
    "linear_sarm_equiv_transport_recovery_ess_ge_0_25": true,
    "linear_sarm_equiv_transport_recovery_finite": true,
    "linear_sarm_equiv_transport_recovery_zero_weight_ratio_le_0_85": true,
    "linear_sarm_equiv_transport_dual_order_ess_ge_0_25": true,
    "linear_sarm_equiv_transport_dual_order_finite": true,
    "linear_sarm_equiv_transport_dual_order_zero_weight_ratio_le_0_85": true,
    "linear_sarm_equiv_recovery_positive_coverage_ge_0_5": true,
    "sequential_transition_transport_recovery_ess_ge_0_25": true,
    "sequential_transition_transport_recovery_finite": true,
    "sequential_transition_transport_recovery_zero_weight_ratio_le_0_85": true,
    "sequential_transition_transport_dual_order_ess_ge_0_25": true,
    "sequential_transition_transport_dual_order_finite": true,
    "sequential_transition_transport_dual_order_zero_weight_ratio_le_0_85": true,
    "sequential_transition_recovery_positive_coverage_ge_0_5": true,
    "pathgraph_reward_v1_locked_transport_recovery_ess_ge_0_25": true,
    "pathgraph_reward_v1_locked_transport_recovery_finite": true,
    "pathgraph_reward_v1_locked_transport_recovery_zero_weight_ratio_le_0_85": true,
    "pathgraph_reward_v1_locked_transport_dual_order_ess_ge_0_25": true,
    "pathgraph_reward_v1_locked_transport_dual_order_finite": true,
    "pathgraph_reward_v1_locked_transport_dual_order_zero_weight_ratio_le_0_85": true,
    "pathgraph_reward_v1_locked_recovery_positive_coverage_ge_0_5": true,
    "bc_all_is_one": true,
    "all_weighted_loss_only": true,
    "no_weighted_sampler": true
  },
  "methods": [
    "bc_all",
    "linear_sarm_equiv",
    "sequential_transition",
    "pathgraph_reward_v1_locked"
  ]
}
