[INFO t=1.3212s] Setting option specified in config file mode: wlf
[INFO t=1.3213s] Setting option specified in config file graph_representation: ilg
[INFO t=1.3214s] Setting option specified in config file iterations: 2
[INFO t=1.3214s] Setting option specified in config file features: wl
[INFO t=1.3214s] Setting option specified in config file optimisation: rank-svm
[INFO t=1.3215s] Setting option specified in config file feature_pruning: a-m
[INFO t=1.3215s] Setting option specified in config file hash: set
[INFO t=1.3215s] Setting option specified in config file data_pruning: equivalent-weighted
[INFO t=1.3216s] Setting option specified in config file state_representation: downward
[INFO t=1.3216s] WLF mode detected. Ignoring all GNN options.
[INFO t=1.3228s] TRAIN OPTIONS:
| Option               | Value                                                                                                                                           |
|:---------------------|:------------------------------------------------------------------------------------------------------------------------------------------------|
| domain_directory     | /home/xushijie3/work/graph_cp_disr/runs/final_master/c1_route_b/public_depots_rel_v1/20261008T063544Z_9898106e/goose/train_typed                |
| model_config         | /home/xushijie3/ext/goose/configurations/classic.toml                                                                                           |
| graph_representation | ilg                                                                                                                                             |
| iterations           | 2                                                                                                                                               |
| mode                 | wlf                                                                                                                                             |
| policy_type          | search                                                                                                                                          |
| features             | wl                                                                                                                                              |
| feature_pruning      | a-m                                                                                                                                             |
| hash                 | set                                                                                                                                             |
| optimisation         | rank-svm                                                                                                                                        |
| num_hidden           | None                                                                                                                                            |
| learning_rate        | None                                                                                                                                            |
| patience             | None                                                                                                                                            |
| reduction            | None                                                                                                                                            |
| batch_size           | None                                                                                                                                            |
| epochs               | None                                                                                                                                            |
| cache                | None                                                                                                                                            |
| num_data             | None                                                                                                                                            |
| data_generation      | plan                                                                                                                                            |
| data_pruning         | equivalent-weighted                                                                                                                             |
| state_representation | downward                                                                                                                                        |
| random_seed          | 2024                                                                                                                                            |
| save_file            | /home/xushijie3/work/graph_cp_disr/runs/final_master/c1_route_b/public_depots_rel_v1/20261008T063544Z_9898106e/goose/train_typed/wl_goose.model |
| visualise_pca        | False                                                                                                                                           |
| distinguish_test     | False                                                                                                                                           |
[INFO t=1.3230s] Training using WL features
[INFO t=1.3230s] Started collecting training data...
[INFO t=1.5982s] predicates='[at/2, available/1, clear/1, in/2, lifting/2, on/2]'
[INFO t=50.9925s] Finished collecting training data in 49.66931414604187s
Initial node colours:
0 -> _OBJECT_
1 -> at T_POS_GOAL
2 -> at F_POS_GOAL
3 -> at T_NEG_GOAL
4 -> at F_NEG_GOAL
5 -> at NON_GOAL
6 -> available T_POS_GOAL
7 -> available F_POS_GOAL
8 -> available T_NEG_GOAL
9 -> available F_NEG_GOAL
10 -> available NON_GOAL
11 -> clear T_POS_GOAL
12 -> clear F_POS_GOAL
13 -> clear T_NEG_GOAL
14 -> clear F_NEG_GOAL
15 -> clear NON_GOAL
16 -> in T_POS_GOAL
17 -> in F_POS_GOAL
18 -> in T_NEG_GOAL
19 -> in F_NEG_GOAL
20 -> in NON_GOAL
21 -> lifting T_POS_GOAL
22 -> lifting F_POS_GOAL
23 -> lifting T_NEG_GOAL
24 -> lifting F_NEG_GOAL
25 -> lifting NON_GOAL
26 -> on T_POS_GOAL
27 -> on F_POS_GOAL
28 -> on T_NEG_GOAL
29 -> on F_NEG_GOAL
30 -> on NON_GOAL
[INFO t=51.2447s] Started collecting colours...
[Iteration 0]
Collecting.
[Iteration 1]
Collecting.
[Iteration 2]
Collecting.
[complete]
Minimising equivalent features...
Computing equivalence groups.
Encoding MaxSAT.
  Variables: 200
  Clauses: 1063
  Max variable name: 200
Solving MaxSAT with RC2.
MaxSAT solved!
  Solving time: 0.01267s
  Solution cost: 145
Equivalent features minimised!
  Features kept: 145
  Features pruned: 55
Post-pruning iteration 0
Pruned an additional 0 features
[INFO t=52.3015s] Finished collecting colours in 1.0564312934875488s
[INFO t=52.3016s] n_colours_per_layer:
[INFO t=52.3017s]   0=9
[INFO t=52.3018s]   1=26
[INFO t=52.3019s]   2=110
[INFO t=52.3019s] Started constructing features...
[INFO t=53.1787s] Finished constructing features in 0.8766005039215088s
[INFO t=53.1789s] X.shape=(3334, 145)
[INFO t=53.1790s] Started training model...
[INFO t=53.3592s] Finished training model in 0.18007612228393555s
[INFO t=53.3594s] Started evaluating model...
[INFO t=53.3621s] mean_accuracy=0.7859649122807018
[INFO t=53.3622s] Finished evaluating model in 0.002725839614868164s
[INFO t=53.3623s] Started saving model...
[INFO t=53.3641s] Finished saving model in 0.0016834735870361328s
[INFO t=53.3642s] Saved model successfully to /home/xushijie3/work/graph_cp_disr/runs/final_master/c1_route_b/public_depots_rel_v1/20261008T063544Z_9898106e/goose/train_typed/wl_goose.model

Collecting data from problems:   0%|          | 0/96 [00:00<?, ?it/s]
Collecting data from problems:   1%|          | 1/96 [00:00<00:50,  1.87it/s]
Collecting data from problems:   2%|▏         | 2/96 [00:00<00:40,  2.35it/s]
Collecting data from problems:   3%|▎         | 3/96 [00:01<00:45,  2.04it/s]
Collecting data from problems:   4%|▍         | 4/96 [00:01<00:39,  2.33it/s]
Collecting data from problems:   5%|▌         | 5/96 [00:02<00:38,  2.39it/s]
Collecting data from problems:   6%|▋         | 6/96 [00:02<00:35,  2.56it/s]
Collecting data from problems:   7%|▋         | 7/96 [00:02<00:35,  2.51it/s]
Collecting data from problems:   8%|▊         | 8/96 [00:03<00:33,  2.62it/s]
Collecting data from problems:   9%|▉         | 9/96 [00:03<00:33,  2.58it/s]
Collecting data from problems:  10%|█         | 10/96 [00:04<00:32,  2.63it/s]
Collecting data from problems:  11%|█▏        | 11/96 [00:04<00:33,  2.50it/s]
Collecting data from problems:  12%|█▎        | 12/96 [00:05<00:37,  2.26it/s]
Collecting data from problems:  14%|█▎        | 13/96 [00:05<00:38,  2.15it/s]
Collecting data from problems:  15%|█▍        | 14/96 [00:06<00:40,  2.00it/s]
Collecting data from problems:  16%|█▌        | 15/96 [00:06<00:41,  1.97it/s]
Collecting data from problems:  17%|█▋        | 16/96 [00:07<00:42,  1.87it/s]
Collecting data from problems:  18%|█▊        | 17/96 [00:07<00:41,  1.89it/s]
Collecting data from problems:  19%|█▉        | 18/96 [00:08<00:42,  1.83it/s]
Collecting data from problems:  20%|█▉        | 19/96 [00:08<00:42,  1.83it/s]
Collecting data from problems:  21%|██        | 20/96 [00:09<00:39,  1.91it/s]
Collecting data from problems:  22%|██▏       | 21/96 [00:09<00:39,  1.91it/s]
Collecting data from problems:  23%|██▎       | 22/96 [00:10<00:41,  1.79it/s]
Collecting data from problems:  24%|██▍       | 23/96 [00:11<00:40,  1.82it/s]
Collecting data from problems:  25%|██▌       | 24/96 [00:11<00:41,  1.75it/s]
Collecting data from problems:  26%|██▌       | 25/96 [00:12<00:40,  1.76it/s]
Collecting data from problems:  27%|██▋       | 26/96 [00:12<00:40,  1.72it/s]
Collecting data from problems:  28%|██▊       | 27/96 [00:13<00:35,  1.97it/s]
Collecting data from problems:  29%|██▉       | 28/96 [00:13<00:35,  1.94it/s]
Collecting data from problems:  30%|███       | 29/96 [00:14<00:35,  1.90it/s]
Collecting data from problems:  31%|███▏      | 30/96 [00:14<00:36,  1.79it/s]
Collecting data from problems:  32%|███▏      | 31/96 [00:15<00:36,  1.79it/s]
Collecting data from problems:  33%|███▎      | 32/96 [00:16<00:35,  1.79it/s]
Collecting data from problems:  34%|███▍      | 33/96 [00:16<00:36,  1.73it/s]
Collecting data from problems:  35%|███▌      | 34/96 [00:17<00:34,  1.81it/s]
Collecting data from problems:  36%|███▋      | 35/96 [00:17<00:34,  1.76it/s]
Collecting data from problems:  38%|███▊      | 36/96 [00:18<00:32,  1.82it/s]
Collecting data from problems:  39%|███▊      | 37/96 [00:18<00:34,  1.69it/s]
Collecting data from problems:  40%|███▉      | 38/96 [00:19<00:34,  1.68it/s]
Collecting data from problems:  41%|████      | 39/96 [00:20<00:32,  1.78it/s]
Collecting data from problems:  42%|████▏     | 40/96 [00:20<00:29,  1.89it/s]
Collecting data from problems:  43%|████▎     | 41/96 [00:20<00:27,  1.98it/s]
Collecting data from problems:  44%|████▍     | 42/96 [00:21<00:25,  2.14it/s]
Collecting data from problems:  45%|████▍     | 43/96 [00:21<00:27,  1.95it/s]
Collecting data from problems:  46%|████▌     | 44/96 [00:22<00:27,  1.89it/s]
Collecting data from problems:  47%|████▋     | 45/96 [00:22<00:25,  2.01it/s]
Collecting data from problems:  48%|████▊     | 46/96 [00:23<00:23,  2.10it/s]
Collecting data from problems:  49%|████▉     | 47/96 [00:23<00:24,  1.96it/s]
Collecting data from problems:  50%|█████     | 48/96 [00:24<00:24,  1.96it/s]
Collecting data from problems:  51%|█████     | 49/96 [00:24<00:22,  2.06it/s]
Collecting data from problems:  52%|█████▏    | 50/96 [00:25<00:20,  2.22it/s]
Collecting data from problems:  53%|█████▎    | 51/96 [00:25<00:20,  2.25it/s]
Collecting data from problems:  54%|█████▍    | 52/96 [00:26<00:18,  2.35it/s]
Collecting data from problems:  55%|█████▌    | 53/96 [00:26<00:18,  2.36it/s]
Collecting data from problems:  56%|█████▋    | 54/96 [00:26<00:17,  2.39it/s]
Collecting data from problems:  57%|█████▋    | 55/96 [00:27<00:17,  2.35it/s]
Collecting data from problems:  58%|█████▊    | 56/96 [00:27<00:16,  2.36it/s]
Collecting data from problems:  59%|█████▉    | 57/96 [00:28<00:17,  2.18it/s]
Collecting data from problems:  60%|██████    | 58/96 [00:28<00:18,  2.03it/s]
Collecting data from problems:  61%|██████▏   | 59/96 [00:29<00:18,  2.01it/s]
Collecting data from problems:  62%|██████▎   | 60/96 [00:29<00:16,  2.21it/s]
Collecting data from problems:  64%|██████▎   | 61/96 [00:30<00:15,  2.24it/s]
Collecting data from problems:  65%|██████▍   | 62/96 [00:30<00:14,  2.33it/s]
Collecting data from problems:  66%|██████▌   | 63/96 [00:31<00:14,  2.24it/s]
Collecting data from problems:  67%|██████▋   | 64/96 [00:31<00:15,  2.07it/s]
Collecting data from problems:  68%|██████▊   | 65/96 [00:32<00:16,  1.90it/s]
Collecting data from problems:  69%|██████▉   | 66/96 [00:32<00:17,  1.76it/s]
Collecting data from problems:  70%|██████▉   | 67/96 [00:33<00:16,  1.72it/s]
Collecting data from problems:  71%|███████   | 68/96 [00:34<00:17,  1.62it/s]
Collecting data from problems:  72%|███████▏  | 69/96 [00:34<00:16,  1.63it/s]
Collecting data from problems:  73%|███████▎  | 70/96 [00:35<00:16,  1.58it/s]
Collecting data from problems:  74%|███████▍  | 71/96 [00:36<00:15,  1.59it/s]
Collecting data from problems:  75%|███████▌  | 72/96 [00:36<00:14,  1.60it/s]
Collecting data from problems:  76%|███████▌  | 73/96 [00:37<00:13,  1.75it/s]
Collecting data from problems:  77%|███████▋  | 74/96 [00:37<00:11,  1.89it/s]
Collecting data from problems:  78%|███████▊  | 75/96 [00:38<00:10,  1.99it/s]
Collecting data from problems:  79%|███████▉  | 76/96 [00:38<00:09,  2.07it/s]
Collecting data from problems:  80%|████████  | 77/96 [00:38<00:09,  2.05it/s]
Collecting data from problems:  81%|████████▏ | 78/96 [00:39<00:08,  2.09it/s]
Collecting data from problems:  82%|████████▏ | 79/96 [00:39<00:07,  2.22it/s]
Collecting data from problems:  83%|████████▎ | 80/96 [00:40<00:07,  2.26it/s]
Collecting data from problems:  84%|████████▍ | 81/96 [00:40<00:06,  2.35it/s]
Collecting data from problems:  85%|████████▌ | 82/96 [00:41<00:06,  2.02it/s]
Collecting data from problems:  86%|████████▋ | 83/96 [00:41<00:06,  1.96it/s]
Collecting data from problems:  88%|████████▊ | 84/96 [00:42<00:06,  1.77it/s]
Collecting data from problems:  89%|████████▊ | 85/96 [00:43<00:05,  1.86it/s]
Collecting data from problems:  90%|████████▉ | 86/96 [00:43<00:05,  1.97it/s]
Collecting data from problems:  91%|█████████ | 87/96 [00:43<00:04,  2.12it/s]
Collecting data from problems:  92%|█████████▏| 88/96 [00:44<00:04,  1.99it/s]
Collecting data from problems:  93%|█████████▎| 89/96 [00:44<00:03,  1.94it/s]
Collecting data from problems:  94%|█████████▍| 90/96 [00:45<00:03,  1.92it/s]
Collecting data from problems:  95%|█████████▍| 91/96 [00:46<00:02,  1.77it/s]
Collecting data from problems:  96%|█████████▌| 92/96 [00:46<00:02,  1.75it/s]
Collecting data from problems:  97%|█████████▋| 93/96 [00:47<00:01,  1.65it/s]
Collecting data from problems:  98%|█████████▊| 94/96 [00:48<00:01,  1.63it/s]
Collecting data from problems:  99%|█████████▉| 95/96 [00:48<00:00,  1.59it/s]
Collecting data from problems: 100%|██████████| 96/96 [00:49<00:00,  1.60it/s]
Collecting data from problems: 100%|██████████| 96/96 [00:49<00:00,  1.95it/s]

  0%|          | 0/1098 [00:00<?, ?it/s]
 24%|██▍       | 267/1098 [00:00<00:00, 2664.88it/s]
 49%|████▊     | 534/1098 [00:00<00:00, 2336.85it/s]
 70%|███████   | 771/1098 [00:00<00:00, 2089.31it/s]
 90%|████████▉ | 983/1098 [00:00<00:00, 1887.96it/s]
100%|██████████| 1098/1098 [00:00<00:00, 1975.28it/s]
