[robosuite WARNING] No private macro file found! (__init__.py:7)
[robosuite WARNING] It is recommended to use a private macro file (__init__.py:8)
[robosuite WARNING] To setup, run: python /home/xushijie2/envs/lerobotpi0-xfs/lib/python3.10/site-packages/robosuite/scripts/setup_macros.py (__init__.py:9)
[stage2a_v11] 2026-10-02T03:24:54Z T_B B1-K+E training start dir=/home/xushijie2/graph_cp_disr_final_tb_launch/runs/final_master/2.1.1/T_B/B1-K+E/seed_1/R-TB-E-1-20261002T031938Z-e4dc34ae
Warning: make sure gym is installed if you want to use the GymWrapper.
[stage2a_v11] 2026-10-02T03:57:23Z T_B B1-K+E PPO complete update transitions=1024 N=1024 T=5052.250000001739
[stage2a_v11] 2026-10-02T04:02:01Z T_B B1-K+E first-update self-check PASS
[stage2a_v11] 2026-10-02T04:32:51Z T_B B1-K+E PPO complete update transitions=1024 N=2048 T=10382.450000003364
[stage2a_v11] 2026-10-02T05:05:31Z T_B B1-K+E PPO complete update transitions=1024 N=3072 T=15507.900000004869
[stage2a_v11] 2026-10-02T05:35:56Z T_B B1-K+E PPO complete update transitions=1024 N=4096 T=20583.30000000609
[stage2a_v11] 2026-10-02T06:12:15Z T_B B1-K+E PPO complete update transitions=1024 N=5120 T=25579.800000007577
[stage2a_v11] 2026-10-02T06:42:35Z T_B B1-K+E PPO complete update transitions=1024 N=6144 T=30616.950000008786
[stage2a_v11] 2026-10-02T07:13:30Z T_B B1-K+E PPO complete update transitions=1024 N=7168 T=35715.900000009846
[stage2a_v11] 2026-10-02T07:44:58Z T_B B1-K+E PPO complete update transitions=1024 N=8192 T=40920.85000001079
[stage2a_v11] 2026-10-02T08:13:55Z T_B B1-K+E PPO complete update transitions=1024 N=9216 T=45210.10000001252
[stage2a_v11] 2026-10-02T08:45:12Z T_B B1-K+E PPO complete update transitions=1024 N=10240 T=50276.50000001312
[stage2a_v11] 2026-10-02T09:17:53Z T_B B1-K+E PPO complete update transitions=1024 N=11264 T=55277.800000013274
[stage2a_v11] 2026-10-02T09:49:19Z T_B B1-K+E PPO complete update transitions=1024 N=12288 T=59059.05000001413
[stage2a_v11] 2026-10-02T10:27:57Z T_B B1-K+E PPO complete update transitions=1024 N=13312 T=64019.85000001391
[stage2a_v11] 2026-10-02T11:05:22Z T_B B1-K+E PPO fragment update transitions=997 N=14309 T=68820.25000001468
{"plan": "R-TB-E-1", "stop_reason": "Tcap", "complete_updates": 13}
