[2026-07-24 15:12:32] resilient notifier started supervisor_pid=3853346 stale_sec=900 smtp_payload=event_and_time_only
[2026-07-24 15:13:42] resilient notifier started supervisor_pid=3853346 stale_sec=900 smtp_payload=event_and_time_only
[2026-07-24 15:14:38] resilient notifier started supervisor_pid=3853346 stale_sec=900 smtp_payload=event_and_time_only
[2026-07-24 15:14:54] email sent event=attention_required fingerprint=supervisor_exit:3853346
[2026-07-24 15:17:39] resilient notifier started supervisor_pid=3862308 stale_sec=900 smtp_payload=event_and_time_only
[2026-07-24 15:55:01] resilient notifier started supervisor_pid=3862308 stale_sec=900 smtp_payload=event_and_time_only
[2026-07-24 16:05:01] resilient notifier started supervisor_pid=3862308 stale_sec=900 smtp_payload=event_and_time_only
[2026-07-24 16:15:09] resilient notifier started supervisor_pid=3862308 stale_sec=900 smtp_payload=event_and_time_only
[2026-07-24 16:25:17] resilient notifier started supervisor_pid=3862308 stale_sec=900 smtp_payload=event_and_time_only
[2026-07-24 16:35:18] resilient notifier started supervisor_pid=3862308 stale_sec=900 smtp_payload=event_and_time_only
[2026-07-24 16:45:19] email sent event=attention_required fingerprint=child_failure:3862308
[2026-07-24 16:45:19] new child failure event observed
[2026-07-24 16:50:24] resilient notifier started supervisor_pid=3862308 stale_sec=900 smtp_payload=experiment_name_event_and_time_only
[2026-07-25 01:18:15] email sent event=possible_stall fingerprint=stalled:3862308
[2026-07-25 01:18:15] artifact activity stale for at least 900 seconds
[2026-07-25 01:18:30] duplicate suppressed fingerprint=stalled:3862308
[2026-07-25 01:18:30] artifact activity stale for at least 900 seconds
[2026-07-25 01:18:45] duplicate suppressed fingerprint=stalled:3862308
[2026-07-25 01:18:45] artifact activity stale for at least 900 seconds
[2026-07-25 01:19:00] duplicate suppressed fingerprint=stalled:3862308
[2026-07-25 01:19:00] artifact activity stale for at least 900 seconds
[2026-07-25 01:19:15] duplicate suppressed fingerprint=stalled:3862308
[2026-07-25 01:19:15] artifact activity stale for at least 900 seconds
[2026-07-25 01:19:30] duplicate suppressed fingerprint=stalled:3862308
[2026-07-25 01:19:30] artifact activity stale for at least 900 seconds
[2026-07-25 01:19:45] duplicate suppressed fingerprint=stalled:3862308
[2026-07-25 01:19:45] artifact activity stale for at least 900 seconds
[2026-07-25 01:20:00] duplicate suppressed fingerprint=stalled:3862308
[2026-07-25 01:20:00] artifact activity stale for at least 900 seconds
[2026-07-25 01:20:15] duplicate suppressed fingerprint=stalled:3862308
[2026-07-25 01:20:15] artifact activity stale for at least 900 seconds
[2026-07-25 01:20:30] duplicate suppressed fingerprint=stalled:3862308
[2026-07-25 01:20:30] artifact activity stale for at least 900 seconds
[2026-07-25 01:20:45] duplicate suppressed fingerprint=stalled:3862308
[2026-07-25 01:20:45] artifact activity stale for at least 900 seconds
[2026-07-25 01:21:00] duplicate suppressed fingerprint=stalled:3862308
[2026-07-25 01:21:00] artifact activity stale for at least 900 seconds
[2026-07-25 01:21:15] duplicate suppressed fingerprint=stalled:3862308
[2026-07-25 01:21:15] artifact activity stale for at least 900 seconds
[2026-07-25 01:21:30] duplicate suppressed fingerprint=stalled:3862308
[2026-07-25 01:21:30] artifact activity stale for at least 900 seconds
[2026-07-25 01:21:45] duplicate suppressed fingerprint=stalled:3862308
[2026-07-25 01:21:45] artifact activity stale for at least 900 seconds
[2026-07-25 01:22:00] duplicate suppressed fingerprint=stalled:3862308
[2026-07-25 01:22:00] artifact activity stale for at least 900 seconds
[2026-07-25 01:22:15] duplicate suppressed fingerprint=stalled:3862308
[2026-07-25 01:22:15] artifact activity stale for at least 900 seconds
[2026-07-25 01:22:20] resilient notifier started supervisor_pid=3862308 stale_sec=900 smtp_payload=experiment_name_event_and_time_only
[2026-07-25 03:32:15] email sent event=completed fingerprint=completed:3862308
