[robosuite WARNING] No private macro file found! (__init__.py:7)
[robosuite WARNING] It is recommended to use a private macro file (__init__.py:8)
[robosuite WARNING] To setup, run: python /home/__compress_data/xushijie/.conda/envs/lerobotpi0/lib/python3.10/site-packages/robosuite/scripts/setup_macros.py (__init__.py:9)
[stage2a-p0] reference D0 try 0 case D0_dev_00
Warning: make sure gym is installed if you want to use the GymWrapper.
[stage2a-p0]   -> success=True reason=TASK_SUCCESS T=15.550000000001706
[stage2a-p0] reference D0 try 1 case D0_dev_01
[stage2a-p0]   -> success=True reason=TASK_SUCCESS T=14.950000000001996
[stage2a-p0] reference D0 try 2 case D0_dev_02
[stage2a-p0]   -> success=True reason=TASK_SUCCESS T=15.050000000001983
[stage2a-p0] reference D0 try 3 case D0_dev_03
[stage2a-p0]   -> success=True reason=TASK_SUCCESS T=15.300000000001845
[stage2a-p0] reference D0 try 4 case D0_dev_04
[stage2a-p0]   -> success=True reason=TASK_SUCCESS T=14.90000000000198
[stage2a-p0] reference T_B try 0 case T_B_dev_00
[stage2a-p0]   -> success=True reason=TASK_SUCCESS T=23.09999999999752
[stage2a-p0] reference T_B try 1 case T_B_dev_01
[stage2a-p0]   -> success=True reason=TASK_SUCCESS T=22.999999999997577
[stage2a-p0] reference T_B try 2 case T_B_dev_02
[stage2a-p0]   -> success=True reason=TASK_SUCCESS T=22.5999999999978
[stage2a-p0] reference T_B try 3 case T_B_dev_03
[stage2a-p0]   -> success=True reason=TASK_SUCCESS T=24.099999999996967
[stage2a-p0] reference T_B try 4 case T_B_dev_04
[stage2a-p0]   -> success=True reason=TASK_SUCCESS T=23.09999999999752
[stage2a-p0] reference T_C try 0 case T_C_dev_00
[stage2a-p0]   -> success=True reason=TASK_SUCCESS T=27.19999999999525
[stage2a-p0] reference T_C try 1 case T_C_dev_01
[stage2a-p0]   -> success=True reason=TASK_SUCCESS T=24.59999999999669
[stage2a-p0] reference T_C try 2 case T_C_dev_02
[stage2a-p0]   -> success=True reason=TASK_SUCCESS T=22.949999999997605
[stage2a-p0] reference T_C try 3 case T_C_dev_03
[stage2a-p0]   -> success=True reason=TASK_SUCCESS T=22.249999999997993
[stage2a-p0] reference T_C try 4 case T_C_dev_04
[stage2a-p0]   -> success=True reason=TASK_SUCCESS T=23.09999999999752
{"H":23.09999999999752,"families":{"D0":{"T_ref_median":15.050000000001983,"attempts":5,"d_ref_median":4.5500000000015195,"success_case_ids":["D0_dev_00","D0_dev_01","D0_dev_02","D0_dev_03","D0_dev_04"],"successes":5},"T_B":{"T_ref_median":23.09999999999752,"attempts":5,"d_ref_median":4.199999999997672,"success_case_ids":["T_B_dev_00","T_B_dev_01","T_B_dev_02","T_B_dev_03","T_B_dev_04"],"successes":5},"T_C":{"T_ref_median":23.09999999999752,"attempts":5,"d_ref_median":4.399999999997561,"success_case_ids":["T_C_dev_00","T_C_dev_01","T_C_dev_02","T_C_dev_03","T_C_dev_04"],"successes":5}},"method_version":"2.1.1","new_rl_runs":0,"ok":true,"plan_version":"1.1","runtime_src":"/home/__compress_data/xushijie/graph_cp_disr_v2_1/experiments/manifests/runtime_manifest.yaml","stage":"0A"}
H 23.09999999999752
