[Iteration 0]
Collecting.
[Iteration 1]
Collecting.
[Iteration 2]
Collecting.
[complete]
Minimising equivalent features...
Computing equivalence groups.
Encoding MaxSAT.
  Variables: 202
  Clauses: 1072
  Max variable name: 202
Solving MaxSAT with RC2.
MaxSAT solved!
  Solving time: 0.00621655s
  Solution cost: 147
Equivalent features minimised!
  Features kept: 147
  Features pruned: 55
Post-pruning iteration 0
Pruned an additional 0 features
X (6399, 147) collect+embed 1.1s
{"states": 6399, "features": 147, "pairs_raw": 9875, "pairs_unique_nonzero": 21, "pairs_identical_features_dropped": 1, "weight_mass_before_rescale": 419.8332478573666, "weight_mass_after_rescale": 21.000000000000004, "train_pair_accuracy_weighted": 0.871739829780883, "train_pair_accuracy_unweighted": 0.5238095238095238, "fit_seconds": 0.0, "total_seconds": 1.5, "weights_nonzero": 8, "seed": 0, "svm_iterations": 13, "fits": 1}
