[gp] CAL_ABS@e20@board48 n6k1h2 {'completed': 6, 'skipped_completed': 0, 'technical_incomplete': 0}
[gp] CAL_ABS@e20@board48 n6k1h4 {'completed': 12, 'skipped_completed': 0, 'technical_incomplete': 0}
[gp] CAL_ABS@e20@board48 n6k2h2 {'completed': 18, 'skipped_completed': 0, 'technical_incomplete': 0}
[gp] CAL_ABS@e20@board48 n6k2h4 {'completed': 24, 'skipped_completed': 0, 'technical_incomplete': 0}
[gp] CAL_ABS@e20@board48 n8k1h2 {'completed': 30, 'skipped_completed': 0, 'technical_incomplete': 0}
[gp] CAL_ABS@e20@board48 n8k1h4 {'completed': 36, 'skipped_completed': 0, 'technical_incomplete': 0}
[gp] CAL_ABS@e20@board48 n8k2h2 {'completed': 42, 'skipped_completed': 0, 'technical_incomplete': 0}
[gp] CAL_ABS@e20@board48 n8k2h4 {'completed': 48, 'skipped_completed': 0, 'technical_incomplete': 0}
[gp] CAL_ABS@e40@board48 n6k1h2 {'completed': 6, 'skipped_completed': 0, 'technical_incomplete': 0}
[gp] CAL_ABS@e40@board48 n6k1h4 {'completed': 12, 'skipped_completed': 0, 'technical_incomplete': 0}
[gp] CAL_ABS@e40@board48 n6k2h2 {'completed': 18, 'skipped_completed': 0, 'technical_incomplete': 0}
[gp] CAL_ABS@e40@board48 n6k2h4 {'completed': 24, 'skipped_completed': 0, 'technical_incomplete': 0}
[gp] CAL_ABS@e40@board48 n8k1h2 {'completed': 30, 'skipped_completed': 0, 'technical_incomplete': 0}
[gp] CAL_ABS@e40@board48 n8k1h4 {'completed': 36, 'skipped_completed': 0, 'technical_incomplete': 0}
[gp] CAL_ABS@e40@board48 n8k2h2 {'completed': 42, 'skipped_completed': 0, 'technical_incomplete': 0}
[gp] CAL_ABS@e40@board48 n8k2h4 {'completed': 48, 'skipped_completed': 0, 'technical_incomplete': 0}
[gp] CAL_ABS@e60@board48 n6k1h2 {'completed': 6, 'skipped_completed': 0, 'technical_incomplete': 0}
[gp] CAL_ABS@e60@board48 n6k1h4 {'completed': 12, 'skipped_completed': 0, 'technical_incomplete': 0}
[gp] CAL_ABS@e60@board48 n6k2h2 {'completed': 18, 'skipped_completed': 0, 'technical_incomplete': 0}
[gp] CAL_ABS@e60@board48 n6k2h4 {'completed': 24, 'skipped_completed': 0, 'technical_incomplete': 0}
[gp] CAL_ABS@e60@board48 n8k1h2 {'completed': 30, 'skipped_completed': 0, 'technical_incomplete': 0}
[gp] CAL_ABS@e60@board48 n8k1h4 {'completed': 36, 'skipped_completed': 0, 'technical_incomplete': 0}
[gp] CAL_ABS@e60@board48 n8k2h2 {'completed': 42, 'skipped_completed': 0, 'technical_incomplete': 0}
[gp] CAL_ABS@e60@board48 n8k2h4 {'completed': 48, 'skipped_completed': 0, 'technical_incomplete': 0}
[gp] CAL_ABS@e80@board48 n6k1h2 {'completed': 6, 'skipped_completed': 0, 'technical_incomplete': 0}
[gp] CAL_ABS@e80@board48 n6k1h4 {'completed': 12, 'skipped_completed': 0, 'technical_incomplete': 0}
[gp] CAL_ABS@e80@board48 n6k2h2 {'completed': 18, 'skipped_completed': 0, 'technical_incomplete': 0}
[gp] CAL_ABS@e80@board48 n6k2h4 {'completed': 24, 'skipped_completed': 0, 'technical_incomplete': 0}
[gp] CAL_ABS@e80@board48 n8k1h2 {'completed': 30, 'skipped_completed': 0, 'technical_incomplete': 0}
[gp] CAL_ABS@e80@board48 n8k1h4 {'completed': 36, 'skipped_completed': 0, 'technical_incomplete': 0}
[gp] CAL_ABS@e80@board48 n8k2h2 {'completed': 42, 'skipped_completed': 0, 'technical_incomplete': 0}
[gp] CAL_ABS@e80@board48 n8k2h4 {'completed': 48, 'skipped_completed': 0, 'technical_incomplete': 0}
[gp] CAL_ABS@e100@board48 n6k1h2 {'completed': 6, 'skipped_completed': 0, 'technical_incomplete': 0}
[gp] CAL_ABS@e100@board48 n6k1h4 {'completed': 12, 'skipped_completed': 0, 'technical_incomplete': 0}
[gp] CAL_ABS@e100@board48 n6k2h2 {'completed': 18, 'skipped_completed': 0, 'technical_incomplete': 0}
[gp] CAL_ABS@e100@board48 n6k2h4 {'completed': 24, 'skipped_completed': 0, 'technical_incomplete': 0}
[gp] CAL_ABS@e100@board48 n8k1h2 {'completed': 30, 'skipped_completed': 0, 'technical_incomplete': 0}
[gp] CAL_ABS@e100@board48 n8k1h4 {'completed': 36, 'skipped_completed': 0, 'technical_incomplete': 0}
[gp] CAL_ABS@e100@board48 n8k2h2 {'completed': 42, 'skipped_completed': 0, 'technical_incomplete': 0}
[gp] CAL_ABS@e100@board48 n8k2h4 {'completed': 48, 'skipped_completed': 0, 'technical_incomplete': 0}
[gp] CAL_ABS@sel@fresh112 COLOR|BREAK {'completed': 16, 'skipped_completed': 0, 'technical_incomplete': 0}
[gp] CAL_ABS@sel@fresh112 COLOR|MONO {'completed': 32, 'skipped_completed': 0, 'technical_incomplete': 0}
[gp] CAL_ABS@sel@fresh112 H4|BREAK {'completed': 40, 'skipped_completed': 0, 'technical_incomplete': 0}
[gp] CAL_ABS@sel@fresh112 H4|MONO {'completed': 48, 'skipped_completed': 0, 'technical_incomplete': 0}
[gp] CAL_ABS@sel@fresh112 T6-2|BREAK {'completed': 56, 'skipped_completed': 0, 'technical_incomplete': 0}
[gp] CAL_ABS@sel@fresh112 T6-2|MONO {'completed': 64, 'skipped_completed': 0, 'technical_incomplete': 0}
[gp] CAL_ABS@sel@fresh112 T6-3|BREAK {'completed': 72, 'skipped_completed': 0, 'technical_incomplete': 0}
[gp] CAL_ABS@sel@fresh112 T6-3|MONO {'completed': 80, 'skipped_completed': 0, 'technical_incomplete': 0}
[gp] CAL_ABS@sel@fresh112 T7-2|BREAK {'completed': 88, 'skipped_completed': 0, 'technical_incomplete': 0}
[gp] CAL_ABS@sel@fresh112 T7-2|MONO {'completed': 96, 'skipped_completed': 0, 'technical_incomplete': 0}
[gp] CAL_ABS@sel@fresh112 T8-3|BREAK {'completed': 104, 'skipped_completed': 0, 'technical_incomplete': 0}
[gp] CAL_ABS@sel@fresh112 T8-3|MONO {'completed': 112, 'skipped_completed': 0, 'technical_incomplete': 0}
[gp] CAL_ABS@sel@dev36 dev {'completed': 36, 'skipped_completed': 0, 'technical_incomplete': 0}
[gp] CAL_ABS@sel@LOOK2@board48 n6k1h2 {'completed': 6, 'skipped_completed': 0, 'technical_incomplete': 0}
[gp] CAL_ABS@sel@LOOK2@board48 n6k1h4 {'completed': 12, 'skipped_completed': 0, 'technical_incomplete': 0}
[gp] CAL_ABS@sel@LOOK2@board48 n6k2h2 {'completed': 18, 'skipped_completed': 0, 'technical_incomplete': 0}
[gp] CAL_ABS@sel@LOOK2@board48 n6k2h4 {'completed': 24, 'skipped_completed': 0, 'technical_incomplete': 0}
[gp] CAL_ABS@sel@LOOK2@board48 n8k1h2 {'completed': 30, 'skipped_completed': 0, 'technical_incomplete': 0}
[gp] CAL_ABS@sel@LOOK2@board48 n8k1h4 {'completed': 36, 'skipped_completed': 0, 'technical_incomplete': 0}
[gp] CAL_ABS@sel@LOOK2@board48 n8k2h2 {'completed': 42, 'skipped_completed': 0, 'technical_incomplete': 0}
[gp] CAL_ABS@sel@LOOK2@board48 n8k2h4 {'completed': 48, 'skipped_completed': 0, 'technical_incomplete': 0}
[gp] CAL_ABS@sel@LOOK2@fresh112 COLOR|BREAK {'completed': 16, 'skipped_completed': 0, 'technical_incomplete': 0}
[gp] CAL_ABS@sel@LOOK2@fresh112 COLOR|MONO {'completed': 32, 'skipped_completed': 0, 'technical_incomplete': 0}
[gp] CAL_ABS@sel@LOOK2@fresh112 H4|BREAK {'completed': 40, 'skipped_completed': 0, 'technical_incomplete': 0}
[gp] CAL_ABS@sel@LOOK2@fresh112 H4|MONO {'completed': 48, 'skipped_completed': 0, 'technical_incomplete': 0}
[gp] CAL_ABS@sel@LOOK2@fresh112 T6-2|BREAK {'completed': 56, 'skipped_completed': 0, 'technical_incomplete': 0}
[gp] CAL_ABS@sel@LOOK2@fresh112 T6-2|MONO {'completed': 64, 'skipped_completed': 0, 'technical_incomplete': 0}
[gp] CAL_ABS@sel@LOOK2@fresh112 T6-3|BREAK {'completed': 72, 'skipped_completed': 0, 'technical_incomplete': 0}
[gp] CAL_ABS@sel@LOOK2@fresh112 T6-3|MONO {'completed': 80, 'skipped_completed': 0, 'technical_incomplete': 0}
[gp] CAL_ABS@sel@LOOK2@fresh112 T7-2|BREAK {'completed': 88, 'skipped_completed': 0, 'technical_incomplete': 0}
[gp] CAL_ABS@sel@LOOK2@fresh112 T7-2|MONO {'completed': 96, 'skipped_completed': 0, 'technical_incomplete': 0}
[gp] CAL_ABS@sel@LOOK2@fresh112 T8-3|BREAK {'completed': 104, 'skipped_completed': 0, 'technical_incomplete': 0}
[gp] CAL_ABS@sel@LOOK2@fresh112 T8-3|MONO {'completed': 112, 'skipped_completed': 0, 'technical_incomplete': 0}
