[robosuite WARNING] No private macro file found! (__init__.py:7)
[robosuite WARNING] It is recommended to use a private macro file (__init__.py:8)
[robosuite WARNING] To setup, run: python /home/xushijie2/envs/lerobotpi0-xfs/lib/python3.10/site-packages/robosuite/scripts/setup_macros.py (__init__.py:9)
{
  "done": [
    "9ceab3f21859bee9",
    "c62b7510ea82c971"
  ],
  "faults": [
    {
      "branch_id": "9ceab3f21859bee9",
      "fault": "WORKER_EXIT:1",
      "attempt_state": "RESERVED"
    },
    {
      "branch_id": "c62b7510ea82c971",
      "fault": "WORKER_EXIT:1",
      "attempt_state": "RESERVED"
    }
  ]
}
