{
  "locked_comparator_by_task": {
    "all_graph_tasks": "linear_sarm_equiv"
  },
  "graph_task_success_gain": 0.0666666666666667,
  "graph_task_success_ci95": [
    0.0,
    0.20000000000000007
  ],
  "improved_policy_seed_count": 1,
  "recovery_success_gain": 0.16666666666666666,
  "recovery_success_ci95": [
    0.0,
    0.5
  ],
  "worst_order_success_gain": 0.0,
  "worst_order_success_ci95": [
    0.0,
    0.0
  ],
  "long_horizon_completion_gain": 0.0666666666666667,
  "fixed_order_drop": 0.0,
  "order_gap_pathgraph": 0.3333333333333333,
  "order_gap_comparator": 0.3333333333333333,
  "policy_protocol_locked": true,
  "reward_retuned_after_test": false,
  "paired_evaluation": true,
  "bootstrap_resamples": 5000
}
