{
  "accepted_edits": 5,
  "active_view_query_max": 0.35,
  "camera_config_path": "/home/__compress_data/xushijie/graph_github_upload/artifacts/pathgraph_sarm/upgrade_v2/visual_refine_l2_v1/dynamic_dataset_v1/configs/camera_config.json",
  "camera_config_sha256": "11adff58621c42194e9f9eddb4f3d0bd9a1cd0babf0f947bacea0d05a783832e",
  "created_at": "2026-09-08T02:12:29.386788+00:00",
  "evaluation_metrics": [
    "rollouts",
    "families",
    "branch_accuracy",
    "state_readiness_accuracy",
    "transition_precondition_precision",
    "transition_effect_precision",
    "goal_precision",
    "goal_recall",
    "false_ready_rate",
    "unnecessary_manipulation_rate",
    "failure_denominator",
    "failure_recall",
    "recovery_denominator",
    "recovery_recall",
    "unknown_rate",
    "ambiguous_edge_rate",
    "graph_completion_coverage",
    "second_view_query_rate",
    "graph_id",
    "selection_score"
  ],
  "family_generation_lock_path": "/home/__compress_data/xushijie/graph_github_upload/artifacts/pathgraph_sarm/upgrade_v2/visual_refine_l2_v1/dynamic_dataset_v1/configs/fresh_confirmation_generation_lock.json",
  "family_generation_lock_sha256": "3092627927989f7f82285ed371483d659eca557493feb0ac21d6b65aa94f7ae0",
  "fresh_confirmation_used": false,
  "predicate_thresholds_path": "/home/__compress_data/xushijie/graph_github_upload/artifacts/pathgraph_sarm/upgrade_v2/visual_refine_l2_v1/observable_predicates_v1/locks/predicate_thresholds.json",
  "predicate_thresholds_sha256": "f1af7101121d62d4739e4a735b79a0fb9d3b080934089ff7f705540c1956d570",
  "schema": "pathgraph_l2r_graph_selection_lock_v1",
  "selected_graph_id": "G1_predicate_bound",
  "selected_graph_path": "/home/__compress_data/xushijie/graph_github_upload/artifacts/pathgraph_sarm/upgrade_v2/visual_refine_l2_v1/refined_graphs_v1/selection/selected_graph.json",
  "selected_graph_sha256": "eab883ea97895e12ecbb37338d38c8526b16c650dfffd376a4084f3752dab024",
  "selection_split": "dev_select",
  "source_graph_path": "/home/__compress_data/xushijie/graph_github_upload/artifacts/pathgraph_sarm/upgrade_v2/visual_refine_l2_v1/refined_graphs_v1/compiled/G1_predicate_bound.json",
  "source_graph_sha256": "eab883ea97895e12ecbb37338d38c8526b16c650dfffd376a4084f3752dab024",
  "status": "LOCKED_FOR_FRESH_CONFIRMATION"
}
