[robosuite WARNING] No private macro file found! (__init__.py:7)
[robosuite WARNING] It is recommended to use a private macro file (__init__.py:8)
[robosuite WARNING] To setup, run: python /home/xushijie2/envs/lerobotpi0-xfs/lib/python3.10/site-packages/robosuite/scripts/setup_macros.py (__init__.py:9)
[stage2a_v11] 2026-10-01T12:40:46Z T_B B2 training start dir=/home/xushijie2/graph_cp_disr_final_tb_launch/runs/final_master/2.1.1/T_B/B2/seed_1/R-TB-DK-1-20261001T115252Z-cac2fa5b
Warning: make sure gym is installed if you want to use the GymWrapper.
[stage2a_v11] 2026-10-01T13:18:46Z T_B B2 PPO complete update transitions=1024 N=1024 T=5152.850000001715
[stage2a_v11] 2026-10-01T13:45:50Z T_B B2 first-update self-check PASS
[stage2a_v11] 2026-10-01T14:37:21Z T_B B2 PPO complete update transitions=1024 N=2048 T=10274.850000003185
[stage2a_v11] 2026-10-01T15:34:43Z T_B B2 PPO complete update transitions=1024 N=3072 T=15396.500000004577
[stage2a_v11] 2026-10-01T16:44:35Z T_B B2 PPO complete update transitions=1024 N=4096 T=20565.60000000577
[stage2a_v11] 2026-10-01T17:38:12Z T_B B2 PPO complete update transitions=1024 N=5120 T=25590.55000000657
[stage2a_v11] 2026-10-01T18:30:09Z T_B B2 PPO complete update transitions=1024 N=6144 T=30587.650000006925
[stage2a_v11] 2026-10-01T19:22:04Z T_B B2 PPO complete update transitions=1024 N=7168 T=35531.30000000678
[stage2a_v11] 2026-10-01T20:07:30Z T_B B2 PPO complete update transitions=1024 N=8192 T=40370.00000000647
[stage2a_v11] 2026-10-01T20:51:30Z T_B B2 PPO complete update transitions=1024 N=9216 T=45210.65000000588
[stage2a_v11] 2026-10-01T21:34:16Z T_B B2 PPO complete update transitions=1024 N=10240 T=50006.15000000509
[stage2a_v11] 2026-10-01T22:18:35Z T_B B2 PPO complete update transitions=1024 N=11264 T=55092.70000000438
[stage2a_v11] 2026-10-01T23:01:33Z T_B B2 PPO complete update transitions=1024 N=12288 T=59911.050000003874
[stage2a_v11] 2026-10-01T23:43:53Z T_B B2 PPO complete update transitions=1024 N=13312 T=64746.40000000449
[stage2a_v11] 2026-10-02T00:20:49Z T_B B2 PPO fragment update transitions=858 N=14170 T=68817.10000000504
{"plan": "R-TB-DK-1", "stop_reason": "Tcap", "complete_updates": 13}
