[robosuite WARNING] No private macro file found! (__init__.py:7)
[robosuite WARNING] It is recommended to use a private macro file (__init__.py:8)
[robosuite WARNING] To setup, run: python /home/xushijie2/envs/lerobotpi0-xfs/lib/python3.10/site-packages/robosuite/scripts/setup_macros.py (__init__.py:9)
[stage2a_v11] 2026-10-01T13:59:28Z T_B B1-K training start dir=/home/xushijie2/graph_cp_disr_final_tb_launch/runs/final_master/2.1.1/T_B/B1-K/seed_1/R-TB-K-1-20261001T115252Z-cac2fa5b
Warning: make sure gym is installed if you want to use the GymWrapper.
[stage2a_v11] 2026-10-01T14:40:36Z T_B B1-K PPO complete update transitions=1024 N=1024 T=5152.850000001715
[stage2a_v11] 2026-10-01T14:44:46Z T_B B1-K first-update self-check PASS
[stage2a_v11] 2026-10-01T15:10:28Z T_B B1-K PPO complete update transitions=1024 N=2048 T=9552.70000000318
[stage2a_v11] 2026-10-01T15:50:53Z T_B B1-K PPO complete update transitions=1024 N=3072 T=14600.950000004954
[stage2a_v11] 2026-10-01T16:22:57Z T_B B1-K PPO complete update transitions=1024 N=4096 T=18022.500000005977
[stage2a_v11] 2026-10-01T16:57:15Z T_B B1-K PPO complete update transitions=1024 N=5120 T=22516.1500000075
[stage2a_v11] 2026-10-01T17:29:29Z T_B B1-K PPO complete update transitions=1024 N=6144 T=27695.150000009267
[stage2a_v11] 2026-10-01T18:04:41Z T_B B1-K PPO complete update transitions=1024 N=7168 T=32707.60000001092
[stage2a_v11] 2026-10-01T18:37:40Z T_B B1-K PPO complete update transitions=1024 N=8192 T=37574.70000001293
[stage2a_v11] 2026-10-01T19:11:44Z T_B B1-K PPO complete update transitions=1024 N=9216 T=42590.400000014815
[stage2a_v11] 2026-10-01T19:41:56Z T_B B1-K PPO complete update transitions=1024 N=10240 T=47585.70000001665
[stage2a_v11] 2026-10-01T20:12:26Z T_B B1-K PPO complete update transitions=1024 N=11264 T=52726.100000018545
[stage2a_v11] 2026-10-01T20:41:58Z T_B B1-K PPO complete update transitions=1024 N=12288 T=57664.00000002046
[stage2a_v11] 2026-10-01T21:11:56Z T_B B1-K PPO complete update transitions=1024 N=13312 T=62678.45000002251
[stage2a_v11] 2026-10-01T21:42:42Z T_B B1-K PPO complete update transitions=1024 N=14336 T=67850.65000002427
[stage2a_v11] 2026-10-01T21:50:48Z T_B B1-K PPO fragment update transitions=195 N=14531 T=68813.45000002472
{"plan": "R-TB-K-1", "stop_reason": "Tcap", "complete_updates": 14}
