[robosuite WARNING] No private macro file found! (__init__.py:7)
[robosuite WARNING] It is recommended to use a private macro file (__init__.py:8)
[robosuite WARNING] To setup, run: python /home/xushijie2/envs/lerobotpi0-xfs/lib/python3.10/site-packages/robosuite/scripts/setup_macros.py (__init__.py:9)
[stage2a_v11] 2026-10-01T12:02:05Z T_B B1-K+E training start dir=/home/xushijie2/graph_cp_disr_final_tb_launch/runs/final_master/2.1.1/T_B/B1-K+E/seed_0/R-TB-E-0-20261001T115252Z-cac2fa5b
Warning: make sure gym is installed if you want to use the GymWrapper.
[stage2a_v11] 2026-10-01T12:32:40Z T_B B1-K+E PPO complete update transitions=1024 N=1024 T=3866.2000000012704
[stage2a_v11] 2026-10-01T12:38:31Z T_B B1-K+E first-update self-check PASS
[stage2a_v11] 2026-10-01T13:10:41Z T_B B1-K+E PPO complete update transitions=1024 N=2048 T=8822.150000002752
[stage2a_v11] 2026-10-01T13:47:49Z T_B B1-K+E PPO complete update transitions=1024 N=3072 T=13758.400000004438
[stage2a_v11] 2026-10-01T14:19:24Z T_B B1-K+E PPO complete update transitions=1024 N=4096 T=18784.950000006032
[stage2a_v11] 2026-10-01T14:54:17Z T_B B1-K+E PPO complete update transitions=1024 N=5120 T=23801.900000007263
[stage2a_v11] 2026-10-01T15:26:00Z T_B B1-K+E PPO complete update transitions=1024 N=6144 T=28813.35000000816
[stage2a_v11] 2026-10-01T16:07:05Z T_B B1-K+E PPO complete update transitions=1024 N=7168 T=33842.50000000902
[stage2a_v11] 2026-10-01T16:37:30Z T_B B1-K+E PPO complete update transitions=1024 N=8192 T=38777.10000001072
[stage2a_v11] 2026-10-01T17:14:20Z T_B B1-K+E PPO complete update transitions=1024 N=9216 T=43618.30000001195
[stage2a_v11] 2026-10-01T17:57:42Z T_B B1-K+E PPO complete update transitions=1024 N=10240 T=48559.35000001289
[stage2a_v11] 2026-10-01T18:44:09Z T_B B1-K+E PPO complete update transitions=1024 N=11264 T=53439.15000001332
[stage2a_v11] 2026-10-01T19:21:43Z T_B B1-K+E PPO complete update transitions=1024 N=12288 T=58293.55000001374
[stage2a_v11] 2026-10-01T19:59:58Z T_B B1-K+E PPO complete update transitions=1024 N=13312 T=63106.30000001404
[stage2a_v11] 2026-10-01T20:39:02Z T_B B1-K+E PPO complete update transitions=1024 N=14336 T=67945.45000001427
[stage2a_v11] 2026-10-01T20:51:35Z T_B B1-K+E PPO fragment update transitions=176 N=14512 T=68813.30000001457
{"plan": "R-TB-E-0", "stop_reason": "Tcap", "complete_updates": 14}
