==== 2026-09-22 16:10:59 ====
2275072       45:57 S
2275069 bash -c python3 -m py_compile /home/__compress_data/xushijie/graph_cp_disr_v2_1/scripts/stage_2a/run_matrix.py && mkdir -p /home/__compress_data/xushijie/graph_cp_disr_v2_1/experiments/part_2_exploration/stage_2a/orchestrator && cd /home/__compress_data/xushijie/graph_cp_disr_v2_1 && unset DASHSCOPE_API_KEY && export STAGE2A_ORCH_MODE=first && export PYTHONUNBUFFERED=1 && nohup /home/__compress_data/xushijie/graph_cp_disr_v2_1/.venv-stage0a/bin/python /home/__compress_data/xushijie/graph_cp_disr_v2_1/scripts/stage_2a/run_matrix.py </dev/null > /home/__compress_data/xushijie/graph_cp_disr_v2_1/experiments/part_2_exploration/stage_2a/orchestrator/orch.log 2>&1 & echo \$! > /home/__compress_data/xushijie/graph_cp_disr_v2_1/experiments/part_2_exploration/stage_2a/orchestrator/orch.pid && echo STARTED && cat /home/__compress_data/xushijie/graph_cp_disr_v2_1/experiments/part_2_exploration/stage_2a/orchestrator/orch.pid
2275072 /home/__compress_data/xushijie/graph_cp_disr_v2_1/.venv-stage0a/bin/python /home/__compress_data/xushijie/graph_cp_disr_v2_1/scripts/stage_2a/run_matrix.py
2369340 /home/__compress_data/xushijie/graph_cp_disr_v2_1/.venv-stage0a/bin/python -m cp_disr --root /home/__compress_data/xushijie/graph_cp_disr_v2_1 stage-2a-run --task T_A --method B2 --seed 0 --gpu 0 --max-updates 1 --stop-after-updates 1
2372199 /home/__compress_data/xushijie/graph_cp_disr_v2_1/.venv-stage0a/bin/python -m cp_disr --root /home/__compress_data/xushijie/graph_cp_disr_v2_1 stage-2a-run --task T_A --method Full --seed 0 --gpu 0 --max-updates 1 --stop-after-updates 1
gpus [2, 1] mode first
started stage2a_T_A_B0_seed0 pid 2275077 gpu 2
started stage2a_T_A_B1_seed0 pid 2275078 gpu 1
finished stage2a_T_A_B0_seed0 code 0
started stage2a_T_A_B2_seed0 pid 2369340 gpu 2
finished stage2a_T_A_B1_seed0 code 0
started stage2a_T_A_Full_seed0 pid 2372199 gpu 1

stage2a_T_A_B0_seed0 trans 1024 ev True sum True fail False
stage2a_T_A_B1_seed0 trans 1024 ev True sum True fail False
stage2a_T_A_B2_seed0 trans 31 ev False sum False fail False
stage2a_T_A_Full_seed0 trans 5 ev False sum False fail False
eight_report False
==== 2026-09-22 16:12:59 ====
2275072       47:57 S
2275069 bash -c python3 -m py_compile /home/__compress_data/xushijie/graph_cp_disr_v2_1/scripts/stage_2a/run_matrix.py && mkdir -p /home/__compress_data/xushijie/graph_cp_disr_v2_1/experiments/part_2_exploration/stage_2a/orchestrator && cd /home/__compress_data/xushijie/graph_cp_disr_v2_1 && unset DASHSCOPE_API_KEY && export STAGE2A_ORCH_MODE=first && export PYTHONUNBUFFERED=1 && nohup /home/__compress_data/xushijie/graph_cp_disr_v2_1/.venv-stage0a/bin/python /home/__compress_data/xushijie/graph_cp_disr_v2_1/scripts/stage_2a/run_matrix.py </dev/null > /home/__compress_data/xushijie/graph_cp_disr_v2_1/experiments/part_2_exploration/stage_2a/orchestrator/orch.log 2>&1 & echo \$! > /home/__compress_data/xushijie/graph_cp_disr_v2_1/experiments/part_2_exploration/stage_2a/orchestrator/orch.pid && echo STARTED && cat /home/__compress_data/xushijie/graph_cp_disr_v2_1/experiments/part_2_exploration/stage_2a/orchestrator/orch.pid
2275072 /home/__compress_data/xushijie/graph_cp_disr_v2_1/.venv-stage0a/bin/python /home/__compress_data/xushijie/graph_cp_disr_v2_1/scripts/stage_2a/run_matrix.py
2369340 /home/__compress_data/xushijie/graph_cp_disr_v2_1/.venv-stage0a/bin/python -m cp_disr --root /home/__compress_data/xushijie/graph_cp_disr_v2_1 stage-2a-run --task T_A --method B2 --seed 0 --gpu 0 --max-updates 1 --stop-after-updates 1
2372199 /home/__compress_data/xushijie/graph_cp_disr_v2_1/.venv-stage0a/bin/python -m cp_disr --root /home/__compress_data/xushijie/graph_cp_disr_v2_1 stage-2a-run --task T_A --method Full --seed 0 --gpu 0 --max-updates 1 --stop-after-updates 1
gpus [2, 1] mode first
started stage2a_T_A_B0_seed0 pid 2275077 gpu 2
started stage2a_T_A_B1_seed0 pid 2275078 gpu 1
finished stage2a_T_A_B0_seed0 code 0
started stage2a_T_A_B2_seed0 pid 2369340 gpu 2
finished stage2a_T_A_B1_seed0 code 0
started stage2a_T_A_Full_seed0 pid 2372199 gpu 1

stage2a_T_A_B0_seed0 trans 1024 ev True sum True fail False
stage2a_T_A_B1_seed0 trans 1024 ev True sum True fail False
stage2a_T_A_B2_seed0 trans 90 ev False sum False fail False
stage2a_T_A_Full_seed0 trans 66 ev False sum False fail False
eight_report False
==== 2026-09-22 16:14:59 ====
2275072       49:57 S
2275069 bash -c python3 -m py_compile /home/__compress_data/xushijie/graph_cp_disr_v2_1/scripts/stage_2a/run_matrix.py && mkdir -p /home/__compress_data/xushijie/graph_cp_disr_v2_1/experiments/part_2_exploration/stage_2a/orchestrator && cd /home/__compress_data/xushijie/graph_cp_disr_v2_1 && unset DASHSCOPE_API_KEY && export STAGE2A_ORCH_MODE=first && export PYTHONUNBUFFERED=1 && nohup /home/__compress_data/xushijie/graph_cp_disr_v2_1/.venv-stage0a/bin/python /home/__compress_data/xushijie/graph_cp_disr_v2_1/scripts/stage_2a/run_matrix.py </dev/null > /home/__compress_data/xushijie/graph_cp_disr_v2_1/experiments/part_2_exploration/stage_2a/orchestrator/orch.log 2>&1 & echo \$! > /home/__compress_data/xushijie/graph_cp_disr_v2_1/experiments/part_2_exploration/stage_2a/orchestrator/orch.pid && echo STARTED && cat /home/__compress_data/xushijie/graph_cp_disr_v2_1/experiments/part_2_exploration/stage_2a/orchestrator/orch.pid
2275072 /home/__compress_data/xushijie/graph_cp_disr_v2_1/.venv-stage0a/bin/python /home/__compress_data/xushijie/graph_cp_disr_v2_1/scripts/stage_2a/run_matrix.py
2369340 /home/__compress_data/xushijie/graph_cp_disr_v2_1/.venv-stage0a/bin/python -m cp_disr --root /home/__compress_data/xushijie/graph_cp_disr_v2_1 stage-2a-run --task T_A --method B2 --seed 0 --gpu 0 --max-updates 1 --stop-after-updates 1
2372199 /home/__compress_data/xushijie/graph_cp_disr_v2_1/.venv-stage0a/bin/python -m cp_disr --root /home/__compress_data/xushijie/graph_cp_disr_v2_1 stage-2a-run --task T_A --method Full --seed 0 --gpu 0 --max-updates 1 --stop-after-updates 1
gpus [2, 1] mode first
started stage2a_T_A_B0_seed0 pid 2275077 gpu 2
started stage2a_T_A_B1_seed0 pid 2275078 gpu 1
finished stage2a_T_A_B0_seed0 code 0
started stage2a_T_A_B2_seed0 pid 2369340 gpu 2
finished stage2a_T_A_B1_seed0 code 0
started stage2a_T_A_Full_seed0 pid 2372199 gpu 1

stage2a_T_A_B0_seed0 trans 1024 ev True sum True fail False
stage2a_T_A_B1_seed0 trans 1024 ev True sum True fail False
stage2a_T_A_B2_seed0 trans 149 ev False sum False fail False
stage2a_T_A_Full_seed0 trans 127 ev False sum False fail False
eight_report False
==== 2026-09-22 16:17:00 ====
2275072       51:57 S
2275069 bash -c python3 -m py_compile /home/__compress_data/xushijie/graph_cp_disr_v2_1/scripts/stage_2a/run_matrix.py && mkdir -p /home/__compress_data/xushijie/graph_cp_disr_v2_1/experiments/part_2_exploration/stage_2a/orchestrator && cd /home/__compress_data/xushijie/graph_cp_disr_v2_1 && unset DASHSCOPE_API_KEY && export STAGE2A_ORCH_MODE=first && export PYTHONUNBUFFERED=1 && nohup /home/__compress_data/xushijie/graph_cp_disr_v2_1/.venv-stage0a/bin/python /home/__compress_data/xushijie/graph_cp_disr_v2_1/scripts/stage_2a/run_matrix.py </dev/null > /home/__compress_data/xushijie/graph_cp_disr_v2_1/experiments/part_2_exploration/stage_2a/orchestrator/orch.log 2>&1 & echo \$! > /home/__compress_data/xushijie/graph_cp_disr_v2_1/experiments/part_2_exploration/stage_2a/orchestrator/orch.pid && echo STARTED && cat /home/__compress_data/xushijie/graph_cp_disr_v2_1/experiments/part_2_exploration/stage_2a/orchestrator/orch.pid
2275072 /home/__compress_data/xushijie/graph_cp_disr_v2_1/.venv-stage0a/bin/python /home/__compress_data/xushijie/graph_cp_disr_v2_1/scripts/stage_2a/run_matrix.py
2369340 /home/__compress_data/xushijie/graph_cp_disr_v2_1/.venv-stage0a/bin/python -m cp_disr --root /home/__compress_data/xushijie/graph_cp_disr_v2_1 stage-2a-run --task T_A --method B2 --seed 0 --gpu 0 --max-updates 1 --stop-after-updates 1
2372199 /home/__compress_data/xushijie/graph_cp_disr_v2_1/.venv-stage0a/bin/python -m cp_disr --root /home/__compress_data/xushijie/graph_cp_disr_v2_1 stage-2a-run --task T_A --method Full --seed 0 --gpu 0 --max-updates 1 --stop-after-updates 1
gpus [2, 1] mode first
started stage2a_T_A_B0_seed0 pid 2275077 gpu 2
started stage2a_T_A_B1_seed0 pid 2275078 gpu 1
finished stage2a_T_A_B0_seed0 code 0
started stage2a_T_A_B2_seed0 pid 2369340 gpu 2
finished stage2a_T_A_B1_seed0 code 0
started stage2a_T_A_Full_seed0 pid 2372199 gpu 1

stage2a_T_A_B0_seed0 trans 1024 ev True sum True fail False
stage2a_T_A_B1_seed0 trans 1024 ev True sum True fail False
stage2a_T_A_B2_seed0 trans 206 ev False sum False fail False
stage2a_T_A_Full_seed0 trans 188 ev False sum False fail False
eight_report False
==== 2026-09-22 16:19:00 ====
2275072       53:57 S
2275069 bash -c python3 -m py_compile /home/__compress_data/xushijie/graph_cp_disr_v2_1/scripts/stage_2a/run_matrix.py && mkdir -p /home/__compress_data/xushijie/graph_cp_disr_v2_1/experiments/part_2_exploration/stage_2a/orchestrator && cd /home/__compress_data/xushijie/graph_cp_disr_v2_1 && unset DASHSCOPE_API_KEY && export STAGE2A_ORCH_MODE=first && export PYTHONUNBUFFERED=1 && nohup /home/__compress_data/xushijie/graph_cp_disr_v2_1/.venv-stage0a/bin/python /home/__compress_data/xushijie/graph_cp_disr_v2_1/scripts/stage_2a/run_matrix.py </dev/null > /home/__compress_data/xushijie/graph_cp_disr_v2_1/experiments/part_2_exploration/stage_2a/orchestrator/orch.log 2>&1 & echo \$! > /home/__compress_data/xushijie/graph_cp_disr_v2_1/experiments/part_2_exploration/stage_2a/orchestrator/orch.pid && echo STARTED && cat /home/__compress_data/xushijie/graph_cp_disr_v2_1/experiments/part_2_exploration/stage_2a/orchestrator/orch.pid
2275072 /home/__compress_data/xushijie/graph_cp_disr_v2_1/.venv-stage0a/bin/python /home/__compress_data/xushijie/graph_cp_disr_v2_1/scripts/stage_2a/run_matrix.py
2369340 /home/__compress_data/xushijie/graph_cp_disr_v2_1/.venv-stage0a/bin/python -m cp_disr --root /home/__compress_data/xushijie/graph_cp_disr_v2_1 stage-2a-run --task T_A --method B2 --seed 0 --gpu 0 --max-updates 1 --stop-after-updates 1
2372199 /home/__compress_data/xushijie/graph_cp_disr_v2_1/.venv-stage0a/bin/python -m cp_disr --root /home/__compress_data/xushijie/graph_cp_disr_v2_1 stage-2a-run --task T_A --method Full --seed 0 --gpu 0 --max-updates 1 --stop-after-updates 1
gpus [2, 1] mode first
started stage2a_T_A_B0_seed0 pid 2275077 gpu 2
started stage2a_T_A_B1_seed0 pid 2275078 gpu 1
finished stage2a_T_A_B0_seed0 code 0
started stage2a_T_A_B2_seed0 pid 2369340 gpu 2
finished stage2a_T_A_B1_seed0 code 0
started stage2a_T_A_Full_seed0 pid 2372199 gpu 1

stage2a_T_A_B0_seed0 trans 1024 ev True sum True fail False
stage2a_T_A_B1_seed0 trans 1024 ev True sum True fail False
stage2a_T_A_B2_seed0 trans 261 ev False sum False fail False
stage2a_T_A_Full_seed0 trans 245 ev False sum False fail False
eight_report False
==== 2026-09-22 16:21:00 ====
2275072       55:58 S
2275069 bash -c python3 -m py_compile /home/__compress_data/xushijie/graph_cp_disr_v2_1/scripts/stage_2a/run_matrix.py && mkdir -p /home/__compress_data/xushijie/graph_cp_disr_v2_1/experiments/part_2_exploration/stage_2a/orchestrator && cd /home/__compress_data/xushijie/graph_cp_disr_v2_1 && unset DASHSCOPE_API_KEY && export STAGE2A_ORCH_MODE=first && export PYTHONUNBUFFERED=1 && nohup /home/__compress_data/xushijie/graph_cp_disr_v2_1/.venv-stage0a/bin/python /home/__compress_data/xushijie/graph_cp_disr_v2_1/scripts/stage_2a/run_matrix.py </dev/null > /home/__compress_data/xushijie/graph_cp_disr_v2_1/experiments/part_2_exploration/stage_2a/orchestrator/orch.log 2>&1 & echo \$! > /home/__compress_data/xushijie/graph_cp_disr_v2_1/experiments/part_2_exploration/stage_2a/orchestrator/orch.pid && echo STARTED && cat /home/__compress_data/xushijie/graph_cp_disr_v2_1/experiments/part_2_exploration/stage_2a/orchestrator/orch.pid
2275072 /home/__compress_data/xushijie/graph_cp_disr_v2_1/.venv-stage0a/bin/python /home/__compress_data/xushijie/graph_cp_disr_v2_1/scripts/stage_2a/run_matrix.py
2369340 /home/__compress_data/xushijie/graph_cp_disr_v2_1/.venv-stage0a/bin/python -m cp_disr --root /home/__compress_data/xushijie/graph_cp_disr_v2_1 stage-2a-run --task T_A --method B2 --seed 0 --gpu 0 --max-updates 1 --stop-after-updates 1
2372199 /home/__compress_data/xushijie/graph_cp_disr_v2_1/.venv-stage0a/bin/python -m cp_disr --root /home/__compress_data/xushijie/graph_cp_disr_v2_1 stage-2a-run --task T_A --method Full --seed 0 --gpu 0 --max-updates 1 --stop-after-updates 1
gpus [2, 1] mode first
started stage2a_T_A_B0_seed0 pid 2275077 gpu 2
started stage2a_T_A_B1_seed0 pid 2275078 gpu 1
finished stage2a_T_A_B0_seed0 code 0
started stage2a_T_A_B2_seed0 pid 2369340 gpu 2
finished stage2a_T_A_B1_seed0 code 0
started stage2a_T_A_Full_seed0 pid 2372199 gpu 1

stage2a_T_A_B0_seed0 trans 1024 ev True sum True fail False
stage2a_T_A_B1_seed0 trans 1024 ev True sum True fail False
stage2a_T_A_B2_seed0 trans 317 ev False sum False fail False
stage2a_T_A_Full_seed0 trans 303 ev False sum False fail False
eight_report False
==== 2026-09-22 16:23:00 ====
2275072       57:58 S
2275069 bash -c python3 -m py_compile /home/__compress_data/xushijie/graph_cp_disr_v2_1/scripts/stage_2a/run_matrix.py && mkdir -p /home/__compress_data/xushijie/graph_cp_disr_v2_1/experiments/part_2_exploration/stage_2a/orchestrator && cd /home/__compress_data/xushijie/graph_cp_disr_v2_1 && unset DASHSCOPE_API_KEY && export STAGE2A_ORCH_MODE=first && export PYTHONUNBUFFERED=1 && nohup /home/__compress_data/xushijie/graph_cp_disr_v2_1/.venv-stage0a/bin/python /home/__compress_data/xushijie/graph_cp_disr_v2_1/scripts/stage_2a/run_matrix.py </dev/null > /home/__compress_data/xushijie/graph_cp_disr_v2_1/experiments/part_2_exploration/stage_2a/orchestrator/orch.log 2>&1 & echo \$! > /home/__compress_data/xushijie/graph_cp_disr_v2_1/experiments/part_2_exploration/stage_2a/orchestrator/orch.pid && echo STARTED && cat /home/__compress_data/xushijie/graph_cp_disr_v2_1/experiments/part_2_exploration/stage_2a/orchestrator/orch.pid
2275072 /home/__compress_data/xushijie/graph_cp_disr_v2_1/.venv-stage0a/bin/python /home/__compress_data/xushijie/graph_cp_disr_v2_1/scripts/stage_2a/run_matrix.py
2369340 /home/__compress_data/xushijie/graph_cp_disr_v2_1/.venv-stage0a/bin/python -m cp_disr --root /home/__compress_data/xushijie/graph_cp_disr_v2_1 stage-2a-run --task T_A --method B2 --seed 0 --gpu 0 --max-updates 1 --stop-after-updates 1
2372199 /home/__compress_data/xushijie/graph_cp_disr_v2_1/.venv-stage0a/bin/python -m cp_disr --root /home/__compress_data/xushijie/graph_cp_disr_v2_1 stage-2a-run --task T_A --method Full --seed 0 --gpu 0 --max-updates 1 --stop-after-updates 1
gpus [2, 1] mode first
started stage2a_T_A_B0_seed0 pid 2275077 gpu 2
started stage2a_T_A_B1_seed0 pid 2275078 gpu 1
finished stage2a_T_A_B0_seed0 code 0
started stage2a_T_A_B2_seed0 pid 2369340 gpu 2
finished stage2a_T_A_B1_seed0 code 0
started stage2a_T_A_Full_seed0 pid 2372199 gpu 1

stage2a_T_A_B0_seed0 trans 1024 ev True sum True fail False
stage2a_T_A_B1_seed0 trans 1024 ev True sum True fail False
stage2a_T_A_B2_seed0 trans 369 ev False sum False fail False
stage2a_T_A_Full_seed0 trans 356 ev False sum False fail False
eight_report False
==== 2026-09-22 16:25:00 ====
2275072       59:58 S
2275069 bash -c python3 -m py_compile /home/__compress_data/xushijie/graph_cp_disr_v2_1/scripts/stage_2a/run_matrix.py && mkdir -p /home/__compress_data/xushijie/graph_cp_disr_v2_1/experiments/part_2_exploration/stage_2a/orchestrator && cd /home/__compress_data/xushijie/graph_cp_disr_v2_1 && unset DASHSCOPE_API_KEY && export STAGE2A_ORCH_MODE=first && export PYTHONUNBUFFERED=1 && nohup /home/__compress_data/xushijie/graph_cp_disr_v2_1/.venv-stage0a/bin/python /home/__compress_data/xushijie/graph_cp_disr_v2_1/scripts/stage_2a/run_matrix.py </dev/null > /home/__compress_data/xushijie/graph_cp_disr_v2_1/experiments/part_2_exploration/stage_2a/orchestrator/orch.log 2>&1 & echo \$! > /home/__compress_data/xushijie/graph_cp_disr_v2_1/experiments/part_2_exploration/stage_2a/orchestrator/orch.pid && echo STARTED && cat /home/__compress_data/xushijie/graph_cp_disr_v2_1/experiments/part_2_exploration/stage_2a/orchestrator/orch.pid
2275072 /home/__compress_data/xushijie/graph_cp_disr_v2_1/.venv-stage0a/bin/python /home/__compress_data/xushijie/graph_cp_disr_v2_1/scripts/stage_2a/run_matrix.py
2369340 /home/__compress_data/xushijie/graph_cp_disr_v2_1/.venv-stage0a/bin/python -m cp_disr --root /home/__compress_data/xushijie/graph_cp_disr_v2_1 stage-2a-run --task T_A --method B2 --seed 0 --gpu 0 --max-updates 1 --stop-after-updates 1
2372199 /home/__compress_data/xushijie/graph_cp_disr_v2_1/.venv-stage0a/bin/python -m cp_disr --root /home/__compress_data/xushijie/graph_cp_disr_v2_1 stage-2a-run --task T_A --method Full --seed 0 --gpu 0 --max-updates 1 --stop-after-updates 1
gpus [2, 1] mode first
started stage2a_T_A_B0_seed0 pid 2275077 gpu 2
started stage2a_T_A_B1_seed0 pid 2275078 gpu 1
finished stage2a_T_A_B0_seed0 code 0
started stage2a_T_A_B2_seed0 pid 2369340 gpu 2
finished stage2a_T_A_B1_seed0 code 0
started stage2a_T_A_Full_seed0 pid 2372199 gpu 1

stage2a_T_A_B0_seed0 trans 1024 ev True sum True fail False
stage2a_T_A_B1_seed0 trans 1024 ev True sum True fail False
stage2a_T_A_B2_seed0 trans 423 ev False sum False fail False
stage2a_T_A_Full_seed0 trans 394 ev False sum False fail False
eight_report False
==== 2026-09-22 16:27:00 ====
