key_present=yes
[robosuite WARNING] No private macro file found! (__init__.py:7)
[robosuite WARNING] It is recommended to use a private macro file (__init__.py:8)
[robosuite WARNING] To setup, run: python /home/__compress_data/xushijie/.conda/envs/lerobotpi0/lib/python3.10/site-packages/robosuite/scripts/setup_macros.py (__init__.py:9)
[stage2a-p0] 0D start T_B
Warning: make sure gym is installed if you want to use the GymWrapper.
[stage2a-p0] T_B UniformMaskedRandom T_B_dev_01 success=False reason=NO_CANDIDATE_SAFE_TERMINATION:d0-env-0:ep-1 T=47.35
[stage2a-p0] T_B UniformMaskedRandom T_B_dev_05 success=False reason=NO_CANDIDATE_SAFE_TERMINATION:d0-env-0:ep-2 T=38.35
[stage2a-p0] T_B UniformMaskedRandom T_B_dev_10 success=True reason=TASK_SUCCESS T=23.50
[stage2a-p0] T_B UniformMaskedRandom T_B_dev_15 success=False reason=DEADLINE T=60.00
[stage2a-p0] T_B UniformMaskedRandom T_B_dev_16 success=False reason=NO_CANDIDATE_SAFE_TERMINATION:d0-env-0:ep-5 T=46.95
[stage2a-p0] T_B UniformMaskedRandom T_B_dev_07 success=True reason=TASK_SUCCESS T=45.30
[stage2a-p0] T_B UniformMaskedRandom T_B_dev_05 success=False reason=NO_CANDIDATE_SAFE_TERMINATION:d0-env-0:ep-7 T=40.40
[stage2a-p0] T_B UniformMaskedRandom T_B_dev_17 success=False reason=NO_CANDIDATE_SAFE_TERMINATION:d0-env-0:ep-8 T=30.80
[stage2a-p0] T_B UniformMaskedRandom T_B_dev_19 success=False reason=DEADLINE T=60.00
[stage2a-p0] T_B UniformMaskedRandom T_B_dev_13 success=False reason=NO_CANDIDATE_SAFE_TERMINATION:d0-env-0:ep-10 T=53.35
[stage2a-p0] T_B UniformMaskedRandom T_B_dev_15 success=False reason=NO_CANDIDATE_SAFE_TERMINATION:d0-env-0:ep-11 T=55.65
[stage2a-p0] T_B UniformMaskedRandom T_B_dev_07 success=False reason=DEADLINE T=60.00
[stage2a-p0] T_B UniformMaskedRandom T_B_dev_07 success=False reason=DEADLINE T=60.00
[stage2a-p0] T_B UniformMaskedRandom T_B_dev_04 success=False reason=DEADLINE T=60.00
[stage2a-p0] T_B UniformMaskedRandom T_B_dev_15 success=False reason=DEADLINE T=60.00
[stage2a-p0] T_B UniformMaskedRandom T_B_dev_06 success=True reason=TASK_SUCCESS T=40.55
[stage2a-p0] T_B UniformMaskedRandom T_B_dev_14 success=True reason=TASK_SUCCESS T=32.65
[stage2a-p0] T_B UniformMaskedRandom T_B_dev_12 success=False reason=NO_CANDIDATE_SAFE_TERMINATION:d0-env-0:ep-18 T=31.25
[stage2a-p0] T_B UniformMaskedRandom T_B_dev_13 success=False reason=NO_CANDIDATE_SAFE_TERMINATION:d0-env-0:ep-19 T=11.80
[stage2a-p0] T_B UniformMaskedRandom T_B_dev_09 success=False reason=DEADLINE T=60.00
[stage2a-p0] T_B UniformMaskedRandom T_B_dev_01 success=False reason=DEADLINE T=60.00
[stage2a-p0] T_B UniformMaskedRandom T_B_dev_00 success=False reason=DEADLINE T=60.00
[stage2a-p0] T_B UniformMaskedRandom T_B_dev_16 success=False reason=NO_CANDIDATE_SAFE_TERMINATION:d0-env-0:ep-23 T=31.50
[stage2a-p0] T_B UniformMaskedRandom T_B_dev_15 success=False reason=DEADLINE T=60.00
[stage2a-p0] T_B UniformMaskedRandom T_B_dev_14 success=False reason=DEADLINE T=60.00
[stage2a-p0] T_B UniformMaskedRandom T_B_dev_17 success=False reason=DEADLINE T=60.00
[stage2a-p0] T_B UniformMaskedRandom T_B_dev_19 success=False reason=NO_CANDIDATE_SAFE_TERMINATION:d0-env-0:ep-27 T=28.35
[stage2a-p0] T_B UniformMaskedRandom T_B_dev_17 success=False reason=DEADLINE T=60.00
[stage2a-p0] T_B UniformMaskedRandom T_B_dev_04 success=False reason=DEADLINE T=60.00
[stage2a-p0] T_B UniformMaskedRandom T_B_dev_06 success=False reason=NO_CANDIDATE_SAFE_TERMINATION:d0-env-0:ep-30 T=54.25
[stage2a-p0] T_B UniformMaskedRandom T_B_dev_05 success=False reason=DEADLINE T=60.00
[stage2a-p0] T_B UniformMaskedRandom T_B_dev_16 success=False reason=NO_CANDIDATE_SAFE_TERMINATION:d0-env-0:ep-32 T=51.90
[stage2a-p0] T_B UniformMaskedRandom T_B_dev_04 success=True reason=TASK_SUCCESS T=23.95
[stage2a-p0] T_B UniformMaskedRandom T_B_dev_12 success=False reason=DEADLINE T=60.00
[stage2a-p0] T_B UniformMaskedRandom T_B_dev_07 success=False reason=DEADLINE T=60.00
[stage2a-p0] T_B UniformMaskedRandom T_B_dev_08 success=True reason=TASK_SUCCESS T=29.30
[stage2a-p0] T_B UniformMaskedRandom T_B_dev_05 success=False reason=DEADLINE T=60.00
[stage2a-p0] T_B UniformMaskedRandom T_B_dev_18 success=False reason=DEADLINE T=60.00
[stage2a-p0] T_B UniformMaskedRandom T_B_dev_19 success=False reason=NO_CANDIDATE_SAFE_TERMINATION:d0-env-0:ep-39 T=24.55
[stage2a-p0] T_B UniformMaskedRandom T_B_dev_19 success=False reason=DEADLINE T=60.00
[stage2a-p0] T_B UniformMaskedRandom T_B_dev_01 success=False reason=DEADLINE T=60.00
[stage2a-p0] T_B UniformMaskedRandom T_B_dev_19 success=False reason=NO_CANDIDATE_SAFE_TERMINATION:d0-env-0:ep-42 T=54.35
[stage2a-p0] T_B UniformMaskedRandom T_B_dev_15 success=False reason=NO_CANDIDATE_SAFE_TERMINATION:d0-env-0:ep-43 T=23.90
[stage2a-p0] T_B UniformMaskedRandom T_B_dev_00 success=False reason=NO_CANDIDATE_SAFE_TERMINATION:d0-env-0:ep-44 T=33.30
[stage2a-p0] T_B UniformMaskedRandom T_B_dev_13 success=False reason=NO_CANDIDATE_SAFE_TERMINATION:d0-env-0:ep-45 T=35.40
[stage2a-p0] T_B UniformMaskedRandom T_B_dev_04 success=True reason=TASK_SUCCESS T=23.95
[stage2a-p0] T_B UniformMaskedRandom T_B_dev_01 success=False reason=NO_CANDIDATE_SAFE_TERMINATION:d0-env-0:ep-47 T=46.50
[stage2a-p0] T_B UniformMaskedRandom T_B_dev_03 success=False reason=DEADLINE T=60.00
[stage2a-p0] T_B UniformMaskedRandom T_B_dev_01 success=False reason=NO_CANDIDATE_SAFE_TERMINATION:d0-env-0:ep-49 T=39.70
[stage2a-p0] T_B UniformMaskedRandom T_B_dev_06 success=False reason=NO_CANDIDATE_SAFE_TERMINATION:d0-env-0:ep-50 T=55.40
[stage2a-p0] T_B UniformMaskedRandom T_B_dev_11 success=False reason=NO_CANDIDATE_SAFE_TERMINATION:d0-env-0:ep-51 T=38.30
[stage2a-p0] T_B UniformMaskedRandom T_B_dev_15 success=False reason=NO_CANDIDATE_SAFE_TERMINATION:d0-env-0:ep-52 T=32.45
[stage2a-p0] T_B UniformMaskedRandom T_B_dev_01 success=True reason=TASK_SUCCESS T=22.85
[stage2a-p0] T_B UniformMaskedRandom T_B_dev_15 success=False reason=DEADLINE T=60.00
[stage2a-p0] T_B UniformMaskedRandom T_B_dev_02 success=False reason=DEADLINE T=60.00
[stage2a-p0] T_B UniformMaskedRandom T_B_dev_01 success=False reason=NO_CANDIDATE_SAFE_TERMINATION:d0-env-0:ep-56 T=37.00
[stage2a-p0] T_B UniformMaskedRandom T_B_dev_08 success=False reason=DEADLINE T=60.00
[stage2a-p0] T_B UniformMaskedRandom T_B_dev_00 success=False reason=DEADLINE T=60.00
[stage2a-p0] T_B UniformMaskedRandom T_B_dev_17 success=False reason=DEADLINE T=60.00
[stage2a-p0] T_B UniformMaskedRandom T_B_dev_12 success=False reason=NO_CANDIDATE_SAFE_TERMINATION:d0-env-0:ep-60 T=52.85
[stage2a-p0] T_B UniformMaskedRandom T_B_dev_18 success=False reason=DEADLINE T=60.00
[stage2a-p0] T_B UniformMaskedRandom T_B_dev_05 success=False reason=DEADLINE T=60.00
[stage2a-p0] T_B UniformMaskedRandom T_B_dev_08 success=True reason=TASK_SUCCESS T=38.40
[stage2a-p0] T_B UniformMaskedRandom T_B_dev_16 success=False reason=MAX_DECISIONS T=40.60
[stage2a-p0] T_B UniformMaskedRandom T_B_dev_03 success=False reason=NO_CANDIDATE_SAFE_TERMINATION:d0-env-0:ep-65 T=47.65
[stage2a-p0] T_B UniformMaskedRandom T_B_dev_03 success=False reason=NO_CANDIDATE_SAFE_TERMINATION:d0-env-0:ep-66 T=33.20
[stage2a-p0] T_B UniformMaskedRandom T_B_dev_01 success=False reason=DEADLINE T=60.00
[stage2a-p0] T_B UniformMaskedRandom T_B_dev_01 success=False reason=DEADLINE T=60.00
[stage2a-p0] T_B UniformMaskedRandom T_B_dev_14 success=False reason=DEADLINE T=60.00
[stage2a-p0] T_B UniformMaskedRandom T_B_dev_07 success=False reason=NO_CANDIDATE_SAFE_TERMINATION:d0-env-0:ep-70 T=45.10
[stage2a-p0] T_B UniformMaskedRandom T_B_dev_11 success=False reason=DEADLINE T=60.00
[stage2a-p0] T_B UniformMaskedRandom T_B_dev_12 success=False reason=NO_CANDIDATE_SAFE_TERMINATION:d0-env-0:ep-72 T=37.10
[stage2a-p0] T_B UniformMaskedRandom T_B_dev_09 success=False reason=DEADLINE T=60.00
[stage2a-p0] T_B UniformMaskedRandom T_B_dev_10 success=False reason=NO_CANDIDATE_SAFE_TERMINATION:d0-env-0:ep-74 T=39.15
[stage2a-p0] T_B UniformMaskedRandom T_B_dev_14 success=True reason=TASK_SUCCESS T=49.35
[stage2a-p0] T_B UniformMaskedRandom T_B_dev_10 success=False reason=DEADLINE T=60.00
[stage2a-p0] T_B UniformMaskedRandom T_B_dev_00 success=False reason=NO_CANDIDATE_SAFE_TERMINATION:d0-env-0:ep-77 T=47.15
[stage2a-p0] T_B UniformMaskedRandom T_B_dev_00 success=False reason=NO_CANDIDATE_SAFE_TERMINATION:d0-env-0:ep-78 T=52.85
[stage2a-p0] T_B UniformMaskedRandom T_B_dev_04 success=False reason=DEADLINE T=60.00
[stage2a-p0] T_B UniformMaskedRandom T_B_dev_04 success=False reason=NO_CANDIDATE_SAFE_TERMINATION:d0-env-0:ep-80 T=30.95
[stage2a-p0] T_B UniformMaskedRandom T_B_dev_17 success=False reason=DEADLINE T=60.00
[stage2a-p0] T_B UniformMaskedRandom T_B_dev_06 success=False reason=DEADLINE T=60.00
[stage2a-p0] T_B UniformMaskedRandom T_B_dev_07 success=False reason=DEADLINE T=60.00
[stage2a-p0] T_B UniformMaskedRandom T_B_dev_13 success=False reason=NO_CANDIDATE_SAFE_TERMINATION:d0-env-0:ep-84 T=39.95
[stage2a-p0] T_B UniformMaskedRandom T_B_dev_14 success=False reason=NO_CANDIDATE_SAFE_TERMINATION:d0-env-0:ep-85 T=32.05
[stage2a-p0] T_B UniformMaskedRandom T_B_dev_02 success=False reason=DEADLINE T=60.00
[stage2a-p0] T_B UniformMaskedRandom T_B_dev_00 success=False reason=NO_CANDIDATE_SAFE_TERMINATION:d0-env-0:ep-87 T=35.65
[stage2a-p0] T_B UniformMaskedRandom T_B_dev_19 success=False reason=DEADLINE T=60.00
[stage2a-p0] T_B UniformMaskedRandom T_B_dev_06 success=False reason=DEADLINE T=60.00
[stage2a-p0] T_B UniformMaskedRandom T_B_dev_03 success=False reason=NO_CANDIDATE_SAFE_TERMINATION:d0-env-0:ep-90 T=33.45
[stage2a-p0] T_B UniformMaskedRandom T_B_dev_05 success=True reason=TASK_SUCCESS T=31.75
[stage2a-p0] T_B UniformMaskedRandom T_B_dev_12 success=False reason=NO_CANDIDATE_SAFE_TERMINATION:d0-env-0:ep-92 T=30.05
[stage2a-p0] T_B UniformMaskedRandom T_B_dev_08 success=True reason=TASK_SUCCESS T=52.20
[stage2a-p0] T_B UniformMaskedRandom T_B_dev_15 success=False reason=NO_CANDIDATE_SAFE_TERMINATION:d0-env-0:ep-94 T=32.35
[stage2a-p0] T_B UniformMaskedRandom T_B_dev_03 success=True reason=TASK_SUCCESS T=24.05
[stage2a-p0] T_B UniformMaskedRandom T_B_dev_00 success=False reason=DEADLINE T=60.00
[stage2a-p0] T_B UniformMaskedRandom T_B_dev_18 success=False reason=DEADLINE T=60.00
[stage2a-p0] T_B UniformMaskedRandom T_B_dev_19 success=False reason=DEADLINE T=60.00
[stage2a-p0] T_B UniformMaskedRandom T_B_dev_02 success=False reason=NO_CANDIDATE_SAFE_TERMINATION:d0-env-0:ep-99 T=34.65
[stage2a-p0] T_B UniformMaskedRandom T_B_dev_10 success=False reason=NO_CANDIDATE_SAFE_TERMINATION:d0-env-0:ep-100 T=30.80
[stage2a-p0] 0D start T_C
[stage2a-p0] T_C UniformMaskedRandom T_C_dev_00 success=False reason=DEADLINE T=60.00
[stage2a-p0] T_C UniformMaskedRandom T_C_dev_15 success=True reason=TASK_SUCCESS T=14.80
[stage2a-p0] T_C UniformMaskedRandom T_C_dev_14 success=False reason=NO_CANDIDATE_SAFE_TERMINATION:d0-env-0:ep-3 T=37.95
[stage2a-p0] T_C UniformMaskedRandom T_C_dev_15 success=False reason=NO_CANDIDATE_SAFE_TERMINATION:d0-env-0:ep-4 T=51.85
[stage2a-p0] T_C UniformMaskedRandom T_C_dev_17 success=True reason=TASK_SUCCESS T=52.35
[stage2a-p0] T_C UniformMaskedRandom T_C_dev_16 success=False reason=NO_CANDIDATE_SAFE_TERMINATION:d0-env-0:ep-6 T=54.30
[stage2a-p0] T_C UniformMaskedRandom T_C_dev_05 success=True reason=TASK_SUCCESS T=53.05
[stage2a-p0] T_C UniformMaskedRandom T_C_dev_12 success=True reason=TASK_SUCCESS T=23.65
[stage2a-p0] T_C UniformMaskedRandom T_C_dev_03 success=False reason=NO_CANDIDATE_SAFE_TERMINATION:d0-env-0:ep-9 T=42.90
[stage2a-p0] T_C UniformMaskedRandom T_C_dev_11 success=False reason=NO_CANDIDATE_SAFE_TERMINATION:d0-env-0:ep-10 T=23.70
[stage2a-p0] T_C UniformMaskedRandom T_C_dev_11 success=False reason=NO_CANDIDATE_SAFE_TERMINATION:d0-env-0:ep-11 T=37.40
[stage2a-p0] T_C UniformMaskedRandom T_C_dev_12 success=False reason=DEADLINE T=60.00
[stage2a-p0] T_C UniformMaskedRandom T_C_dev_17 success=True reason=TASK_SUCCESS T=38.90
[stage2a-p0] T_C UniformMaskedRandom T_C_dev_13 success=True reason=TASK_SUCCESS T=27.30
[stage2a-p0] T_C UniformMaskedRandom T_C_dev_08 success=True reason=TASK_SUCCESS T=38.00
[stage2a-p0] T_C UniformMaskedRandom T_C_dev_07 success=False reason=NO_CANDIDATE_SAFE_TERMINATION:d0-env-0:ep-16 T=41.60
[stage2a-p0] T_C UniformMaskedRandom T_C_dev_03 success=False reason=NO_CANDIDATE_SAFE_TERMINATION:d0-env-0:ep-17 T=46.25
[stage2a-p0] T_C UniformMaskedRandom T_C_dev_00 success=True reason=TASK_SUCCESS T=47.95
[stage2a-p0] T_C UniformMaskedRandom T_C_dev_15 success=False reason=NO_CANDIDATE_SAFE_TERMINATION:d0-env-0:ep-19 T=43.80
[stage2a-p0] T_C UniformMaskedRandom T_C_dev_03 success=False reason=NO_CANDIDATE_SAFE_TERMINATION:d0-env-0:ep-20 T=53.15
[stage2a-p0] T_C UniformMaskedRandom T_C_dev_17 success=False reason=NO_CANDIDATE_SAFE_TERMINATION:d0-env-0:ep-21 T=36.95
[stage2a-p0] T_C UniformMaskedRandom T_C_dev_03 success=False reason=NO_CANDIDATE_SAFE_TERMINATION:d0-env-0:ep-22 T=32.85
[stage2a-p0] T_C UniformMaskedRandom T_C_dev_15 success=False reason=NO_CANDIDATE_SAFE_TERMINATION:d0-env-0:ep-23 T=28.95
[stage2a-p0] T_C UniformMaskedRandom T_C_dev_03 success=False reason=NO_CANDIDATE_SAFE_TERMINATION:d0-env-0:ep-24 T=51.15
[stage2a-p0] T_C UniformMaskedRandom T_C_dev_05 success=True reason=TASK_SUCCESS T=38.35
[stage2a-p0] T_C UniformMaskedRandom T_C_dev_13 success=True reason=TASK_SUCCESS T=37.35
[stage2a-p0] T_C UniformMaskedRandom T_C_dev_19 success=False reason=NO_CANDIDATE_SAFE_TERMINATION:d0-env-0:ep-27 T=41.50
[stage2a-p0] T_C UniformMaskedRandom T_C_dev_08 success=False reason=NO_CANDIDATE_SAFE_TERMINATION:d0-env-0:ep-28 T=33.50
[stage2a-p0] T_C UniformMaskedRandom T_C_dev_12 success=False reason=DEADLINE T=60.00
[stage2a-p0] T_C UniformMaskedRandom T_C_dev_06 success=False reason=NO_CANDIDATE_SAFE_TERMINATION:d0-env-0:ep-30 T=34.45
[stage2a-p0] T_C UniformMaskedRandom T_C_dev_07 success=False reason=NO_CANDIDATE_SAFE_TERMINATION:d0-env-0:ep-31 T=45.05
[stage2a-p0] T_C UniformMaskedRandom T_C_dev_10 success=False reason=NO_CANDIDATE_SAFE_TERMINATION:d0-env-0:ep-32 T=19.80
[stage2a-p0] T_C UniformMaskedRandom T_C_dev_19 success=False reason=DEADLINE T=60.00
[stage2a-p0] T_C UniformMaskedRandom T_C_dev_18 success=True reason=TASK_SUCCESS T=22.75
[stage2a-p0] T_C UniformMaskedRandom T_C_dev_17 success=False reason=MAX_DECISIONS T=39.65
[stage2a-p0] T_C UniformMaskedRandom T_C_dev_07 success=False reason=DEADLINE T=60.00
[stage2a-p0] T_C UniformMaskedRandom T_C_dev_19 success=True reason=TASK_SUCCESS T=36.95
[stage2a-p0] T_C UniformMaskedRandom T_C_dev_10 success=False reason=NO_CANDIDATE_SAFE_TERMINATION:d0-env-0:ep-38 T=19.80
[stage2a-p0] T_C UniformMaskedRandom T_C_dev_18 success=True reason=TASK_SUCCESS T=33.10
[stage2a-p0] T_C UniformMaskedRandom T_C_dev_00 success=False reason=DEADLINE T=60.00
[stage2a-p0] T_C UniformMaskedRandom T_C_dev_11 success=True reason=TASK_SUCCESS T=43.95
[stage2a-p0] T_C UniformMaskedRandom T_C_dev_03 success=True reason=TASK_SUCCESS T=48.00
[stage2a-p0] T_C UniformMaskedRandom T_C_dev_06 success=True reason=TASK_SUCCESS T=38.60
[stage2a-p0] T_C UniformMaskedRandom T_C_dev_09 success=False reason=NO_CANDIDATE_SAFE_TERMINATION:d0-env-0:ep-44 T=52.85
[stage2a-p0] T_C UniformMaskedRandom T_C_dev_00 success=True reason=TASK_SUCCESS T=41.90
[stage2a-p0] T_C UniformMaskedRandom T_C_dev_05 success=False reason=DEADLINE T=60.00
[stage2a-p0] T_C UniformMaskedRandom T_C_dev_07 success=False reason=NO_CANDIDATE_SAFE_TERMINATION:d0-env-0:ep-47 T=24.55
[stage2a-p0] T_C UniformMaskedRandom T_C_dev_13 success=True reason=TASK_SUCCESS T=34.45
[stage2a-p0] T_C UniformMaskedRandom T_C_dev_06 success=False reason=NO_CANDIDATE_SAFE_TERMINATION:d0-env-0:ep-49 T=29.15
[stage2a-p0] T_C UniformMaskedRandom T_C_dev_07 success=False reason=NO_CANDIDATE_SAFE_TERMINATION:d0-env-0:ep-50 T=45.65
[stage2a-p0] T_C UniformMaskedRandom T_C_dev_04 success=False reason=NO_CANDIDATE_SAFE_TERMINATION:d0-env-0:ep-51 T=39.30
[stage2a-p0] T_C UniformMaskedRandom T_C_dev_14 success=False reason=NO_CANDIDATE_SAFE_TERMINATION:d0-env-0:ep-52 T=32.75
[stage2a-p0] T_C UniformMaskedRandom T_C_dev_01 success=False reason=NO_CANDIDATE_SAFE_TERMINATION:d0-env-0:ep-53 T=38.75
[stage2a-p0] T_C UniformMaskedRandom T_C_dev_17 success=True reason=TASK_SUCCESS T=28.85
[stage2a-p0] T_C UniformMaskedRandom T_C_dev_04 success=True reason=TASK_SUCCESS T=15.35
[stage2a-p0] T_C UniformMaskedRandom T_C_dev_03 success=False reason=NO_CANDIDATE_SAFE_TERMINATION:d0-env-0:ep-56 T=29.20
[stage2a-p0] T_C UniformMaskedRandom T_C_dev_18 success=True reason=TASK_SUCCESS T=20.35
[stage2a-p0] T_C UniformMaskedRandom T_C_dev_15 success=True reason=TASK_SUCCESS T=37.30
[stage2a-p0] T_C UniformMaskedRandom T_C_dev_04 success=True reason=TASK_SUCCESS T=30.50
[stage2a-p0] T_C UniformMaskedRandom T_C_dev_19 success=False reason=NO_CANDIDATE_SAFE_TERMINATION:d0-env-0:ep-60 T=28.15
[stage2a-p0] T_C UniformMaskedRandom T_C_dev_03 success=True reason=TASK_SUCCESS T=21.20
[stage2a-p0] T_C UniformMaskedRandom T_C_dev_07 success=True reason=TASK_SUCCESS T=50.95
[stage2a-p0] T_C UniformMaskedRandom T_C_dev_03 success=False reason=DEADLINE T=60.00
[stage2a-p0] T_C UniformMaskedRandom T_C_dev_09 success=False reason=NO_CANDIDATE_SAFE_TERMINATION:d0-env-0:ep-64 T=43.35
[stage2a-p0] T_C UniformMaskedRandom T_C_dev_12 success=True reason=TASK_SUCCESS T=30.20
[stage2a-p0] T_C UniformMaskedRandom T_C_dev_00 success=True reason=TASK_SUCCESS T=35.15
[stage2a-p0] T_C UniformMaskedRandom T_C_dev_14 success=False reason=NO_CANDIDATE_SAFE_TERMINATION:d0-env-0:ep-67 T=19.95
[stage2a-p0] T_C UniformMaskedRandom T_C_dev_12 success=False reason=NO_CANDIDATE_SAFE_TERMINATION:d0-env-0:ep-68 T=37.60
[stage2a-p0] T_C UniformMaskedRandom T_C_dev_01 success=True reason=TASK_SUCCESS T=15.75
[stage2a-p0] T_C UniformMaskedRandom T_C_dev_18 success=False reason=NO_CANDIDATE_SAFE_TERMINATION:d0-env-0:ep-70 T=34.95
[stage2a-p0] T_C UniformMaskedRandom T_C_dev_07 success=False reason=NO_CANDIDATE_SAFE_TERMINATION:d0-env-0:ep-71 T=50.10
[stage2a-p0] T_C UniformMaskedRandom T_C_dev_13 success=False reason=NO_CANDIDATE_SAFE_TERMINATION:d0-env-0:ep-72 T=53.55
[stage2a-p0] T_C UniformMaskedRandom T_C_dev_14 success=False reason=NO_CANDIDATE_SAFE_TERMINATION:d0-env-0:ep-73 T=51.25
[stage2a-p0] T_C UniformMaskedRandom T_C_dev_19 success=True reason=TASK_SUCCESS T=31.70
[stage2a-p0] T_C UniformMaskedRandom T_C_dev_02 success=True reason=TASK_SUCCESS T=37.05
[stage2a-p0] T_C UniformMaskedRandom T_C_dev_17 success=False reason=NO_CANDIDATE_SAFE_TERMINATION:d0-env-0:ep-76 T=30.30
[stage2a-p0] T_C UniformMaskedRandom T_C_dev_15 success=True reason=TASK_SUCCESS T=26.75
[stage2a-p0] T_C UniformMaskedRandom T_C_dev_04 success=False reason=DEADLINE T=60.00
[stage2a-p0] T_C UniformMaskedRandom T_C_dev_02 success=False reason=DEADLINE T=60.00
[stage2a-p0] T_C UniformMaskedRandom T_C_dev_10 success=False reason=NO_CANDIDATE_SAFE_TERMINATION:d0-env-0:ep-80 T=37.00
[stage2a-p0] T_C UniformMaskedRandom T_C_dev_07 success=True reason=TASK_SUCCESS T=30.15
[stage2a-p0] T_C UniformMaskedRandom T_C_dev_12 success=False reason=DEADLINE T=60.00
[stage2a-p0] T_C UniformMaskedRandom T_C_dev_18 success=True reason=TASK_SUCCESS T=30.30
[stage2a-p0] T_C UniformMaskedRandom T_C_dev_02 success=False reason=DEADLINE T=60.00
[stage2a-p0] T_C UniformMaskedRandom T_C_dev_11 success=False reason=NO_CANDIDATE_SAFE_TERMINATION:d0-env-0:ep-85 T=50.45
[stage2a-p0] T_C UniformMaskedRandom T_C_dev_01 success=False reason=DEADLINE T=60.00
[stage2a-p0] T_C UniformMaskedRandom T_C_dev_02 success=True reason=TASK_SUCCESS T=15.20
[stage2a-p0] T_C UniformMaskedRandom T_C_dev_06 success=False reason=NO_CANDIDATE_SAFE_TERMINATION:d0-env-0:ep-88 T=47.95
[stage2a-p0] T_C UniformMaskedRandom T_C_dev_06 success=False reason=NO_CANDIDATE_SAFE_TERMINATION:d0-env-0:ep-89 T=34.20
[stage2a-p0] T_C UniformMaskedRandom T_C_dev_16 success=False reason=NO_CANDIDATE_SAFE_TERMINATION:d0-env-0:ep-90 T=40.65
[stage2a-p0] T_C UniformMaskedRandom T_C_dev_03 success=False reason=NO_CANDIDATE_SAFE_TERMINATION:d0-env-0:ep-91 T=30.65
[stage2a-p0] T_C UniformMaskedRandom T_C_dev_11 success=False reason=NO_CANDIDATE_SAFE_TERMINATION:d0-env-0:ep-92 T=52.10
[stage2a-p0] T_C UniformMaskedRandom T_C_dev_05 success=False reason=NO_CANDIDATE_SAFE_TERMINATION:d0-env-0:ep-93 T=36.15
[stage2a-p0] T_C UniformMaskedRandom T_C_dev_12 success=False reason=NO_CANDIDATE_SAFE_TERMINATION:d0-env-0:ep-94 T=47.85
[stage2a-p0] T_C UniformMaskedRandom T_C_dev_01 success=True reason=TASK_SUCCESS T=38.40
[stage2a-p0] T_C UniformMaskedRandom T_C_dev_09 success=False reason=NO_CANDIDATE_SAFE_TERMINATION:d0-env-0:ep-96 T=37.25
[stage2a-p0] T_C UniformMaskedRandom T_C_dev_09 success=False reason=DEADLINE T=60.00
[stage2a-p0] T_C UniformMaskedRandom T_C_dev_18 success=False reason=DEADLINE T=60.00
[stage2a-p0] T_C UniformMaskedRandom T_C_dev_19 success=False reason=NO_CANDIDATE_SAFE_TERMINATION:d0-env-0:ep-99 T=55.75
[stage2a-p0] T_C UniformMaskedRandom T_C_dev_03 success=False reason=NO_CANDIDATE_SAFE_TERMINATION:d0-env-0:ep-100 T=30.65
{"status": "PASS", "families": {"T_B": {"verdict": "PASS", "success": 13, "n": 100}, "T_C": {"verdict": "PASS", "success": 35, "n": 100}}}
