key_present=yes
[robosuite WARNING] No private macro file found! (__init__.py:7)
[robosuite WARNING] It is recommended to use a private macro file (__init__.py:8)
[robosuite WARNING] To setup, run: python /home/__compress_data/xushijie/.conda/envs/lerobotpi0/lib/python3.10/site-packages/robosuite/scripts/setup_macros.py (__init__.py:9)
[stage2a-p0] captured T_B T_B_dev_00
[stage2a-p0] captured T_B T_B_dev_01
[stage2a-p0] captured T_B T_B_dev_02
[stage2a-p0] captured T_B T_B_dev_03
[stage2a-p0] captured T_B T_B_dev_04
[stage2a-p0] captured T_B T_B_dev_05
[stage2a-p0] captured T_B T_B_dev_06
[stage2a-p0] captured T_B T_B_dev_07
[stage2a-p0] cache T_B T_B_dev_00 SUCCESS empty=True
[stage2a-p0] cache T_B T_B_dev_01 SUCCESS empty=True
[stage2a-p0] cache T_B T_B_dev_02 SUCCESS empty=True
[stage2a-p0] cache T_B T_B_dev_03 SUCCESS empty=True
[stage2a-p0] cache T_B T_B_dev_04 SUCCESS empty=True
[stage2a-p0] cache T_B T_B_dev_05 SUCCESS empty=True
[stage2a-p0] cache T_B T_B_dev_06 SUCCESS empty=True
[stage2a-p0] cache T_B T_B_dev_07 SUCCESS empty=True
{"status": "PASS_WITH_NOTES", "empty": 23, "new_requests": 8, "failed": 0}
