annotation.schema.json: OK
annotation_manual_v1.md: OK
graph_spec.schema.json: OK
graph_specs_v1/transport_dual_order_graph_v1.yaml: OK
graph_specs_v1/transport_dual_order_task_semantics.md: OK
graph_specs_v1/transport_recovery_graph_v1.yaml: OK
graph_specs_v1/transport_recovery_task_semantics.md: OK
gt_v1/annotation_provenance.csv: OK
gt_v1/coverage_by_node_edge.csv: OK
gt_v1/edge_intervals.csv: OK
gt_v1/episode_annotations.jsonl: OK
gt_v1/failure_recovery_events.csv: OK
gt_v1/gt_episode_manifest.jsonl: OK
gt_v1/gt_splits.csv: OK
gt_v1/label_stats.csv: OK
gt_v1/node_intervals.csv: OK
gt_v1/progress_anchors.csv: OK
gt_v1_summary.md: OK
m1_freeze_manifest.json: OK
selected_graph_tasks_v1.yaml: OK
stage3_handoff.md: OK
task_evidence_table.csv: OK
