Traceback (most recent call last):
  File "/home/__compress_data/xushijie/CUPID/tools/stage7_refine1/rerun_inferences_and_metrics.py", line 8, in <module>
    from artifacts.pathgraph_sarm.stage5.reward_v1.code.reward_engine import PathGraphRewardEngine
ModuleNotFoundError: No module named 'artifacts'
{
  "coverage": {
    "decision": "COVERAGE_REAL_RERUN_COMPLETE",
    "subset_count": 6,
    "nonempty_subsets": 6,
    "training_jobs": 6,
    "training_pass": 6,
    "cuda_pass": 6,
    "inference_jobs": 18,
    "inference_pass": 18,
    "provenance": "real_trained_checkpoint"
  },
  "holdout": {
    "decision": "ORDER_HOLDOUT_REAL_RERUN_COMPLETE",
    "subset_count": 6,
    "nonempty_subsets": 6,
    "training_jobs": 6,
    "training_pass": 6,
    "cuda_pass": 6,
    "inference_jobs": 12,
    "inference_pass": 12,
    "perturbation_branch": "retained",
    "provenance": "real_trained_checkpoint"
  }
}
{
  "coverage": {
    "decision": "COVERAGE_REAL_RERUN_COMPLETE",
    "subset_count": 6,
    "nonempty_subsets": 6,
    "training_jobs": 6,
    "training_pass": 6,
    "cuda_pass": 6,
    "inference_jobs": 18,
    "inference_pass": 18,
    "provenance": "real_trained_checkpoint"
  },
  "holdout": {
    "decision": "ORDER_HOLDOUT_REAL_RERUN_COMPLETE",
    "subset_count": 6,
    "nonempty_subsets": 6,
    "training_jobs": 6,
    "training_pass": 6,
    "cuda_pass": 6,
    "inference_jobs": 12,
    "inference_pass": 12,
    "perturbation_branch": "retained",
    "provenance": "real_trained_checkpoint"
  }
}
