selected_physical_gpu=5 CUDA_VISIBLE_DEVICES=5
[robosuite WARNING] No private macro file found! (__init__.py:7)
[robosuite WARNING] It is recommended to use a private macro file (__init__.py:8)
[robosuite WARNING] To setup, run: python /home/__compress_data/xushijie/.conda/envs/lerobotpi0/lib/python3.10/site-packages/robosuite/scripts/setup_macros.py (__init__.py:9)
[stage2a-p0] qualify controllers T_A
Warning: make sure gym is installed if you want to use the GymWrapper.
[stage2a-p0] T_A a:OPEN:container:v1 verified 5/5
[stage2a-p0] T_A a:PICK:target:v1 verified 5/5
[stage2a-p0] T_A a:PICK:second_object:v1 verified 5/5
[stage2a-p0] T_A a:PLACE:target:container:v1 verified 5/5
[stage2a-p0] T_A a:PLACE_BUFFER:second_object:buffer:v1 verified 5/5
[stage2a-p0] T_A a:PLACE:second_object:container:v1 verified 5/5
[stage2a-p0] qualify verifier T_A
[stage2a-p0] evaluator tests T_A
[stage2a-p0] qualify controllers T_C
[stage2a-p0] T_C a:OPEN:container:v1 verified 5/5
[stage2a-p0] T_C a:PICK:target:v1 verified 5/5
[stage2a-p0] T_C a:PICK:interferer:v1 verified 5/5
[stage2a-p0] T_C a:PLACE:target:container:v1 verified 5/5
[stage2a-p0] T_C a:PLACE_BUFFER:interferer:buffer:v1 verified 5/5
[stage2a-p0] qualify verifier T_C
[stage2a-p0] evaluator tests T_C
[stage2a-p0] stage 0B unit tests
............................................                             [100%]
44 passed, 34 deselected in 17.56s
[stage2a-p0] P0 finished status=NEEDS_RERUN notes=['T_A evaluator tests failed', 'T_C evaluator tests failed']
{"elapsed_seconds":387.54819560050964,"notes":["T_A evaluator tests failed","T_C evaluator tests failed"],"readiness":{"b0_dry_run_passed":true,"b1_dry_run_passed":true,"b2_dry_run_passed":true,"full_dry_run_passed":true,"hidden_truth_leakage":false,"run_registry_count":24,"stage_2a_runtime_ready":false,"t_a_dev_cache_count":0,"t_a_dev_scene_count":20,"t_a_runtime_ready":false,"t_a_scripted_dev_passed":false,"t_a_train_cache_count":0,"t_a_train_scene_count":64,"t_c_dev_cache_count":0,"t_c_dev_scene_count":20,"t_c_runtime_ready":false,"t_c_scripted_dev_passed":false,"t_c_train_cache_count":0,"t_c_train_scene_count":64},"status":"NEEDS_RERUN"}
selected_physical_gpu=5 CUDA_VISIBLE_DEVICES=5
[robosuite WARNING] No private macro file found! (__init__.py:7)
[robosuite WARNING] It is recommended to use a private macro file (__init__.py:8)
[robosuite WARNING] To setup, run: python /home/__compress_data/xushijie/.conda/envs/lerobotpi0/lib/python3.10/site-packages/robosuite/scripts/setup_macros.py (__init__.py:9)
[stage2a-p0] reusing controller timing from previous P0 attempt
[stage2a-p0] skip controller qualification T_A
[stage2a-p0] qualify verifier T_A
Warning: make sure gym is installed if you want to use the GymWrapper.
[stage2a-p0] evaluator tests T_A
[stage2a-p0] skip controller qualification T_C
[stage2a-p0] qualify verifier T_C
[stage2a-p0] evaluator tests T_C
[stage2a-p0] capture RGB T_A
[stage2a-p0] generate caches T_A
[stage2a-p0] cache T_A T_A_train_00 SUCCESS
[stage2a-p0] cache T_A T_A_train_01 SUCCESS
[stage2a-p0] cache T_A T_A_train_02 SUCCESS
[stage2a-p0] cache T_A T_A_train_03 SUCCESS
[stage2a-p0] cache T_A T_A_train_04 SUCCESS
[stage2a-p0] cache T_A T_A_train_05 SUCCESS
[stage2a-p0] cache T_A T_A_train_06 SUCCESS
[stage2a-p0] cache T_A T_A_train_07 SUCCESS
[stage2a-p0] cache T_A T_A_train_08 SUCCESS
[stage2a-p0] cache T_A T_A_train_09 SUCCESS
[stage2a-p0] cache T_A T_A_train_10 SUCCESS
[stage2a-p0] cache T_A T_A_train_11 SUCCESS
[stage2a-p0] cache T_A T_A_train_12 SUCCESS
[stage2a-p0] cache T_A T_A_train_13 SUCCESS
[stage2a-p0] cache T_A T_A_train_14 SUCCESS
[stage2a-p0] cache T_A T_A_train_15 SUCCESS
[stage2a-p0] cache T_A T_A_train_16 SUCCESS
[stage2a-p0] cache T_A T_A_train_17 SUCCESS
[stage2a-p0] cache T_A T_A_train_18 SUCCESS
[stage2a-p0] cache T_A T_A_train_19 SUCCESS
[stage2a-p0] cache T_A T_A_train_20 SUCCESS
[stage2a-p0] cache T_A T_A_train_21 SUCCESS
[stage2a-p0] cache T_A T_A_train_22 SUCCESS
[stage2a-p0] cache T_A T_A_train_23 SUCCESS
[stage2a-p0] cache T_A T_A_train_24 SUCCESS
[stage2a-p0] cache T_A T_A_train_25 SUCCESS
[stage2a-p0] cache T_A T_A_train_26 SUCCESS
[stage2a-p0] cache T_A T_A_train_27 SUCCESS
[stage2a-p0] cache T_A T_A_train_28 SUCCESS
[stage2a-p0] cache T_A T_A_train_29 SUCCESS
[stage2a-p0] cache T_A T_A_train_30 SUCCESS
[stage2a-p0] cache T_A T_A_train_31 SUCCESS
[stage2a-p0] cache T_A T_A_train_32 SUCCESS
[stage2a-p0] cache T_A T_A_train_33 SUCCESS
[stage2a-p0] cache T_A T_A_train_34 SUCCESS
[stage2a-p0] cache T_A T_A_train_35 SUCCESS
[stage2a-p0] cache T_A T_A_train_36 SUCCESS
[stage2a-p0] cache T_A T_A_train_37 SUCCESS
[stage2a-p0] cache T_A T_A_train_38 SUCCESS
[stage2a-p0] cache T_A T_A_train_39 SUCCESS
[stage2a-p0] cache T_A T_A_train_40 SUCCESS
[stage2a-p0] cache T_A T_A_train_41 SUCCESS
[stage2a-p0] cache T_A T_A_train_42 SUCCESS
[stage2a-p0] cache T_A T_A_train_43 SUCCESS
[stage2a-p0] cache T_A T_A_train_44 SUCCESS
[stage2a-p0] cache T_A T_A_train_45 SUCCESS
[stage2a-p0] cache T_A T_A_train_46 SUCCESS
[stage2a-p0] cache T_A T_A_train_47 SUCCESS
[stage2a-p0] cache T_A T_A_train_48 SUCCESS
[stage2a-p0] cache T_A T_A_train_49 SUCCESS
[stage2a-p0] cache T_A T_A_train_50 SUCCESS
[stage2a-p0] cache T_A T_A_train_51 SUCCESS
[stage2a-p0] cache T_A T_A_train_52 SUCCESS
[stage2a-p0] cache T_A T_A_train_53 SUCCESS
[stage2a-p0] cache T_A T_A_train_54 SUCCESS
[stage2a-p0] cache T_A T_A_train_55 SUCCESS
[stage2a-p0] cache T_A T_A_train_56 SUCCESS
[stage2a-p0] cache T_A T_A_train_57 SUCCESS
[stage2a-p0] cache T_A T_A_train_58 SUCCESS
[stage2a-p0] cache T_A T_A_train_59 SUCCESS
[stage2a-p0] cache T_A T_A_train_60 SUCCESS
[stage2a-p0] cache T_A T_A_train_61 SUCCESS
[stage2a-p0] cache T_A T_A_train_62 SUCCESS
[stage2a-p0] cache T_A T_A_train_63 SUCCESS
[stage2a-p0] cache T_A T_A_dev_00 SUCCESS
[stage2a-p0] cache T_A T_A_dev_01 SUCCESS
[stage2a-p0] cache T_A T_A_dev_02 SUCCESS
[stage2a-p0] cache T_A T_A_dev_03 SUCCESS
[stage2a-p0] cache T_A T_A_dev_04 SUCCESS
[stage2a-p0] cache T_A T_A_dev_05 SUCCESS
[stage2a-p0] cache T_A T_A_dev_06 SUCCESS
[stage2a-p0] cache T_A T_A_dev_07 SUCCESS
[stage2a-p0] cache T_A T_A_dev_08 SUCCESS
[stage2a-p0] cache T_A T_A_dev_09 SUCCESS
[stage2a-p0] cache T_A T_A_dev_10 SUCCESS
[stage2a-p0] cache T_A T_A_dev_11 SUCCESS
[stage2a-p0] cache T_A T_A_dev_12 SUCCESS
[stage2a-p0] cache T_A T_A_dev_13 SUCCESS
[stage2a-p0] cache T_A T_A_dev_14 SUCCESS
[stage2a-p0] cache T_A T_A_dev_15 SUCCESS
[stage2a-p0] cache T_A T_A_dev_16 SUCCESS
[stage2a-p0] cache T_A T_A_dev_17 SUCCESS
[stage2a-p0] cache T_A T_A_dev_18 SUCCESS
[stage2a-p0] cache T_A T_A_dev_19 SUCCESS
[stage2a-p0] capture RGB T_C
[stage2a-p0] generate caches T_C
[stage2a-p0] cache T_C T_C_train_00 SUCCESS
[stage2a-p0] cache T_C T_C_train_01 SUCCESS
[stage2a-p0] cache T_C T_C_train_02 SUCCESS
[stage2a-p0] cache T_C T_C_train_03 SUCCESS
[stage2a-p0] cache T_C T_C_train_04 API_ERROR
[stage2a-p0] cache T_C T_C_train_05 API_ERROR
[stage2a-p0] cache T_C T_C_train_06 API_ERROR
[stage2a-p0] cache T_C T_C_train_07 API_ERROR
[stage2a-p0] cache T_C T_C_train_08 API_ERROR
[stage2a-p0] cache T_C T_C_train_09 API_ERROR
[stage2a-p0] cache T_C T_C_train_10 API_ERROR
[stage2a-p0] cache T_C T_C_train_11 API_ERROR
[stage2a-p0] cache T_C T_C_train_12 API_ERROR
[stage2a-p0] cache T_C T_C_train_13 API_ERROR
[stage2a-p0] cache T_C T_C_train_14 API_ERROR
[stage2a-p0] cache T_C T_C_train_15 API_ERROR
[stage2a-p0] cache T_C T_C_train_16 API_ERROR
[stage2a-p0] cache T_C T_C_train_17 API_ERROR
[stage2a-p0] cache T_C T_C_train_18 API_ERROR
[stage2a-p0] cache T_C T_C_train_19 API_ERROR
[stage2a-p0] cache T_C T_C_train_20 API_ERROR
[stage2a-p0] cache T_C T_C_train_21 API_ERROR
[stage2a-p0] cache T_C T_C_train_22 API_ERROR
[stage2a-p0] cache T_C T_C_train_23 API_ERROR
[stage2a-p0] cache T_C T_C_train_24 API_ERROR
[stage2a-p0] cache T_C T_C_train_25 API_ERROR
[stage2a-p0] cache T_C T_C_train_26 API_ERROR
[stage2a-p0] cache T_C T_C_train_27 API_ERROR
[stage2a-p0] cache T_C T_C_train_28 SUCCESS
[stage2a-p0] cache T_C T_C_train_29 SUCCESS
[stage2a-p0] cache T_C T_C_train_30 SUCCESS
[stage2a-p0] cache T_C T_C_train_31 SUCCESS
[stage2a-p0] cache T_C T_C_train_32 SUCCESS
[stage2a-p0] cache T_C T_C_train_33 SUCCESS
[stage2a-p0] cache T_C T_C_train_34 SUCCESS
[stage2a-p0] cache T_C T_C_train_35 SUCCESS
[stage2a-p0] cache T_C T_C_train_36 SUCCESS
[stage2a-p0] cache T_C T_C_train_37 SUCCESS
[stage2a-p0] cache T_C T_C_train_38 SUCCESS
[stage2a-p0] cache T_C T_C_train_39 SUCCESS
[stage2a-p0] cache T_C T_C_train_40 SUCCESS
[stage2a-p0] cache T_C T_C_train_41 SUCCESS
[stage2a-p0] cache T_C T_C_train_42 SUCCESS
[stage2a-p0] cache T_C T_C_train_43 SUCCESS
[stage2a-p0] cache T_C T_C_train_44 SUCCESS
[stage2a-p0] cache T_C T_C_train_45 SUCCESS
[stage2a-p0] cache T_C T_C_train_46 SUCCESS
[stage2a-p0] cache T_C T_C_train_47 SUCCESS
[stage2a-p0] cache T_C T_C_train_48 SUCCESS
[stage2a-p0] cache T_C T_C_train_49 SUCCESS
[stage2a-p0] cache T_C T_C_train_50 SUCCESS
[stage2a-p0] cache T_C T_C_train_51 SUCCESS
[stage2a-p0] cache T_C T_C_train_52 SUCCESS
[stage2a-p0] cache T_C T_C_train_53 SUCCESS
[stage2a-p0] cache T_C T_C_train_54 SUCCESS
[stage2a-p0] cache T_C T_C_train_55 SUCCESS
[stage2a-p0] cache T_C T_C_train_56 SUCCESS
[stage2a-p0] cache T_C T_C_train_57 SUCCESS
[stage2a-p0] cache T_C T_C_train_58 SUCCESS
[stage2a-p0] cache T_C T_C_train_59 SUCCESS
[stage2a-p0] cache T_C T_C_train_60 SUCCESS
[stage2a-p0] cache T_C T_C_train_61 SUCCESS
[stage2a-p0] cache T_C T_C_train_62 SUCCESS
[stage2a-p0] cache T_C T_C_train_63 SUCCESS
[stage2a-p0] cache T_C T_C_dev_00 SUCCESS
[stage2a-p0] cache T_C T_C_dev_01 SUCCESS
[stage2a-p0] cache T_C T_C_dev_02 SUCCESS
[stage2a-p0] cache T_C T_C_dev_03 SUCCESS
[stage2a-p0] cache T_C T_C_dev_04 SUCCESS
[stage2a-p0] cache T_C T_C_dev_05 SUCCESS
[stage2a-p0] cache T_C T_C_dev_06 SUCCESS
[stage2a-p0] cache T_C T_C_dev_07 SUCCESS
[stage2a-p0] cache T_C T_C_dev_08 SUCCESS
[stage2a-p0] cache T_C T_C_dev_09 SUCCESS
[stage2a-p0] cache T_C T_C_dev_10 SUCCESS
[stage2a-p0] cache T_C T_C_dev_11 SUCCESS
[stage2a-p0] cache T_C T_C_dev_12 SUCCESS
[stage2a-p0] cache T_C T_C_dev_13 SUCCESS
[stage2a-p0] cache T_C T_C_dev_14 SUCCESS
[stage2a-p0] cache T_C T_C_dev_15 SUCCESS
[stage2a-p0] cache T_C T_C_dev_16 SUCCESS
[stage2a-p0] cache T_C T_C_dev_17 SUCCESS
[stage2a-p0] cache T_C T_C_dev_18 SUCCESS
[stage2a-p0] cache T_C T_C_dev_19 SUCCESS
[stage2a-p0] scripted dev20 T_A
[stage2a-p0] scripted T_A T_A_dev_00 success=True
[stage2a-p0] scripted T_A T_A_dev_01 success=True
[stage2a-p0] scripted T_A T_A_dev_02 success=True
[stage2a-p0] scripted T_A T_A_dev_03 success=True
[stage2a-p0] scripted T_A T_A_dev_04 success=True
[stage2a-p0] scripted T_A T_A_dev_05 success=True
[stage2a-p0] scripted T_A T_A_dev_06 success=True
[stage2a-p0] scripted T_A T_A_dev_07 success=True
[stage2a-p0] scripted T_A T_A_dev_08 success=True
[stage2a-p0] scripted T_A T_A_dev_09 success=True
[stage2a-p0] scripted T_A T_A_dev_10 success=True
[stage2a-p0] scripted T_A T_A_dev_11 success=True
[stage2a-p0] scripted T_A T_A_dev_12 success=True
[stage2a-p0] scripted T_A T_A_dev_13 success=True
[stage2a-p0] scripted T_A T_A_dev_14 success=True
[stage2a-p0] scripted T_A T_A_dev_15 success=True
[stage2a-p0] scripted T_A T_A_dev_16 success=True
[stage2a-p0] scripted T_A T_A_dev_17 success=True
[stage2a-p0] scripted T_A T_A_dev_18 success=True
[stage2a-p0] scripted T_A T_A_dev_19 success=True
[stage2a-p0] scripted dev20 T_C
[stage2a-p0] scripted T_C T_C_dev_00 success=True
[stage2a-p0] scripted T_C T_C_dev_01 success=True
[stage2a-p0] scripted T_C T_C_dev_02 success=True
[stage2a-p0] scripted T_C T_C_dev_03 success=True
[stage2a-p0] scripted T_C T_C_dev_04 success=True
[stage2a-p0] scripted T_C T_C_dev_05 success=True
[stage2a-p0] scripted T_C T_C_dev_06 success=True
[stage2a-p0] scripted T_C T_C_dev_07 success=True
[stage2a-p0] scripted T_C T_C_dev_08 success=True
[stage2a-p0] scripted T_C T_C_dev_09 success=True
[stage2a-p0] scripted T_C T_C_dev_10 success=True
[stage2a-p0] scripted T_C T_C_dev_11 success=True
[stage2a-p0] scripted T_C T_C_dev_12 success=True
[stage2a-p0] scripted T_C T_C_dev_13 success=True
[stage2a-p0] scripted T_C T_C_dev_14 success=True
[stage2a-p0] scripted T_C T_C_dev_15 success=True
[stage2a-p0] scripted T_C T_C_dev_16 success=True
[stage2a-p0] scripted T_C T_C_dev_17 success=True
[stage2a-p0] scripted T_C T_C_dev_18 success=True
[stage2a-p0] scripted T_C T_C_dev_19 success=True
[stage2a-p0] eight method dry-runs
{"error":"refusing to overwrite existing attempt /home/__compress_data/xushijie/graph_cp_disr_v2_1/experiments/part_2_exploration/stage_2a_p0/runner_probe/stage2a_T_A_B0_seed0/attempts/attempt_000","status":"BLOCKED"}
===== RELAUNCH 2026年 09月 22日 星期二 14:19:22 CST =====
selected_physical_gpu=2 CUDA_VISIBLE_DEVICES=2
[robosuite WARNING] No private macro file found! (__init__.py:7)
[robosuite WARNING] It is recommended to use a private macro file (__init__.py:8)
[robosuite WARNING] To setup, run: python /home/__compress_data/xushijie/.conda/envs/lerobotpi0/lib/python3.10/site-packages/robosuite/scripts/setup_macros.py (__init__.py:9)
Traceback (most recent call last):
  File "/home/__compress_data/xushijie/.conda/envs/lerobot/lib/python3.10/runpy.py", line 196, in _run_module_as_main
    return _run_code(code, main_globals, None,
  File "/home/__compress_data/xushijie/.conda/envs/lerobot/lib/python3.10/runpy.py", line 86, in _run_code
    exec(code, run_globals)
  File "/home/__compress_data/xushijie/graph_cp_disr_v2_1/src/cp_disr/__main__.py", line 2, in <module>
    raise SystemExit(main())
  File "/home/__compress_data/xushijie/graph_cp_disr_v2_1/src/cp_disr/cli.py", line 132, in main
    from . import stage2a_p0
  File "/home/__compress_data/xushijie/graph_cp_disr_v2_1/src/cp_disr/stage2a_p0.py", line 756
    with ledger.open("a", encoding="utf-8") as f:
IndentationError: unexpected indent
===== RELAUNCH 2026年 09月 22日 星期二 14:20:42 CST =====
selected_physical_gpu=2 CUDA_VISIBLE_DEVICES=2
[robosuite WARNING] No private macro file found! (__init__.py:7)
[robosuite WARNING] It is recommended to use a private macro file (__init__.py:8)
[robosuite WARNING] To setup, run: python /home/__compress_data/xushijie/.conda/envs/lerobotpi0/lib/python3.10/site-packages/robosuite/scripts/setup_macros.py (__init__.py:9)
[stage2a-p0] reusing controller timing from previous P0 attempt
[stage2a-p0] skip controller qualification T_A
[stage2a-p0] qualify verifier T_A
Warning: make sure gym is installed if you want to use the GymWrapper.
[stage2a-p0] evaluator tests T_A
[stage2a-p0] skip controller qualification T_C
[stage2a-p0] qualify verifier T_C
[stage2a-p0] evaluator tests T_C
[stage2a-p0] capture RGB T_A
[stage2a-p0] generate caches T_A
[stage2a-p0] capture RGB T_C
[stage2a-p0] generate caches T_C
[stage2a-p0] stage 0B unit tests
.............................................                            [100%]
45 passed, 34 deselected in 15.02s
[stage2a-p0] P0 finished status=BLOCKED notes=["T_C cache generation failed: FileExistsError: [Errno 17] File exists: '/home/__compress_data/xushijie/graph_cp_disr_v2_1/experiments/vlm_cache/stage_2a/train/a7e3ed71bf4c8fb62be3677dfc70490d071a01c919e0574d115a7acf9e2b7e0f'"]
{"elapsed_seconds":84.27046251296997,"notes":["T_C cache generation failed: FileExistsError: [Errno 17] File exists: '/home/__compress_data/xushijie/graph_cp_disr_v2_1/experiments/vlm_cache/stage_2a/train/a7e3ed71bf4c8fb62be3677dfc70490d071a01c919e0574d115a7acf9e2b7e0f'"],"readiness":{"b0_dry_run_passed":false,"b1_dry_run_passed":false,"b2_dry_run_passed":false,"full_dry_run_passed":false,"hidden_truth_leakage":false,"run_registry_count":24,"stage_2a_runtime_ready":false,"t_a_dev_cache_count":20,"t_a_dev_scene_count":20,"t_a_runtime_ready":false,"t_a_scripted_dev_passed":false,"t_a_train_cache_count":64,"t_a_train_scene_count":64,"t_c_dev_cache_count":0,"t_c_dev_scene_count":20,"t_c_runtime_ready":false,"t_c_scripted_dev_passed":false,"t_c_train_cache_count":0,"t_c_train_scene_count":64},"status":"BLOCKED"}
===== RELAUNCH 2026年 09月 22日 星期二 14:23:28 CST rmtree-failed-caches =====
selected_physical_gpu=2 CUDA_VISIBLE_DEVICES=2
[robosuite WARNING] No private macro file found! (__init__.py:7)
[robosuite WARNING] It is recommended to use a private macro file (__init__.py:8)
[robosuite WARNING] To setup, run: python /home/__compress_data/xushijie/.conda/envs/lerobotpi0/lib/python3.10/site-packages/robosuite/scripts/setup_macros.py (__init__.py:9)
[stage2a-p0] reusing controller timing from previous P0 attempt
[stage2a-p0] skip controller qualification T_A
[stage2a-p0] qualify verifier T_A
Warning: make sure gym is installed if you want to use the GymWrapper.
[stage2a-p0] evaluator tests T_A
[stage2a-p0] skip controller qualification T_C
[stage2a-p0] qualify verifier T_C
[stage2a-p0] evaluator tests T_C
[stage2a-p0] capture RGB T_A
[stage2a-p0] generate caches T_A
[stage2a-p0] capture RGB T_C
[stage2a-p0] generate caches T_C
[stage2a-p0] cache T_C T_C_train_04 SUCCESS
[stage2a-p0] cache T_C T_C_train_05 SUCCESS
[stage2a-p0] cache T_C T_C_train_06 SUCCESS
[stage2a-p0] cache T_C T_C_train_07 SUCCESS
[stage2a-p0] cache T_C T_C_train_08 SUCCESS
[stage2a-p0] cache T_C T_C_train_09 SUCCESS
[stage2a-p0] cache T_C T_C_train_10 SUCCESS
[stage2a-p0] cache T_C T_C_train_11 SUCCESS
[stage2a-p0] cache T_C T_C_train_12 SUCCESS
[stage2a-p0] cache T_C T_C_train_13 SUCCESS
[stage2a-p0] cache T_C T_C_train_14 SUCCESS
[stage2a-p0] cache T_C T_C_train_15 SUCCESS
[stage2a-p0] cache T_C T_C_train_16 SUCCESS
[stage2a-p0] cache T_C T_C_train_17 SUCCESS
[stage2a-p0] cache T_C T_C_train_18 SUCCESS
[stage2a-p0] cache T_C T_C_train_19 SUCCESS
[stage2a-p0] cache T_C T_C_train_20 SUCCESS
[stage2a-p0] cache T_C T_C_train_21 SUCCESS
[stage2a-p0] cache T_C T_C_train_22 SUCCESS
[stage2a-p0] cache T_C T_C_train_23 SUCCESS
[stage2a-p0] cache T_C T_C_train_24 SUCCESS
[stage2a-p0] cache T_C T_C_train_25 SUCCESS
[stage2a-p0] cache T_C T_C_train_26 SUCCESS
[stage2a-p0] cache T_C T_C_train_27 SUCCESS
[stage2a-p0] reuse scripted dev20 T_A
[stage2a-p0] reuse scripted dev20 T_C
[stage2a-p0] eight method dry-runs
[stage2a-p0] stage 0B unit tests
.............................................                            [100%]
45 passed, 34 deselected in 13.70s
[stage2a-p0] P0 finished status=PASS_WITH_NOTES notes=['one or both tasks lack a natural nonempty prior+patch case; prior mechanism claim is weak/N/A']
{"elapsed_seconds":244.17650604248047,"notes":["one or both tasks lack a natural nonempty prior+patch case; prior mechanism claim is weak/N/A"],"readiness":{"b0_dry_run_passed":true,"b1_dry_run_passed":true,"b2_dry_run_passed":true,"full_dry_run_passed":true,"hidden_truth_leakage":false,"run_registry_count":24,"stage_2a_runtime_ready":true,"t_a_dev_cache_count":20,"t_a_dev_scene_count":20,"t_a_runtime_ready":true,"t_a_scripted_dev_passed":true,"t_a_train_cache_count":64,"t_a_train_scene_count":64,"t_c_dev_cache_count":20,"t_c_dev_scene_count":20,"t_c_runtime_ready":true,"t_c_scripted_dev_passed":true,"t_c_train_cache_count":64,"t_c_train_scene_count":64},"status":"PASS_WITH_NOTES"}
