Thu Sep  3 12:24:25 2026       
+-----------------------------------------------------------------------------------------+
| NVIDIA-SMI 610.57.04              KMD Version: 610.57.04     CUDA UMD Version: 13.3     |
+-----------------------------------------+------------------------+----------------------+
| GPU  Name                 Persistence-M | Bus-Id          Disp.A | Volatile Uncorr. ECC |
| Fan  Temp   Perf          Pwr:Usage/Cap |           Memory-Usage | GPU-Util  Compute M. |
|                                         |                        |               MIG M. |
|=========================================+========================+======================|
|   0  NVIDIA A100-SXM4-40GB          On  |   00000000:14:00.0 Off |                    0 |
| N/A   37C    P0             59W /  400W |    2718MiB /  40960MiB |     16%      Default |
|                                         |                        |             Disabled |
+-----------------------------------------+------------------------+----------------------+
|   1  NVIDIA A100-SXM4-40GB          On  |   00000000:15:00.0 Off |                    0 |
| N/A   37C    P0             38W /  400W |    2709MiB /  40960MiB |     16%      Default |
|                                         |                        |             Disabled |
+-----------------------------------------+------------------------+----------------------+
|   2  NVIDIA A100-SXM4-40GB          On  |   00000000:18:00.0 Off |                    0 |
| N/A   37C    P0             45W /  400W |    2709MiB /  40960MiB |     16%      Default |
|                                         |                        |             Disabled |
+-----------------------------------------+------------------------+----------------------+
|   3  NVIDIA A100-SXM4-40GB          On  |   00000000:1D:00.0 Off |                    0 |
| N/A   33C    P0             43W /  400W |     722MiB /  40960MiB |     17%      Default |
|                                         |                        |             Disabled |
+-----------------------------------------+------------------------+----------------------+
|   4  NVIDIA A100-SXM4-40GB          On  |   00000000:1E:00.0 Off |                    0 |
| N/A   32C    P0             42W /  400W |     713MiB /  40960MiB |     17%      Default |
|                                         |                        |             Disabled |
+-----------------------------------------+------------------------+----------------------+
|   5  NVIDIA A100-SXM4-40GB          On  |   00000000:21:00.0 Off |                    0 |
| N/A   32C    P0             30W /  400W |       4MiB /  40960MiB |      0%      Default |
|                                         |                        |             Disabled |
+-----------------------------------------+------------------------+----------------------+
|   6  NVIDIA A100-SXM4-40GB          On  |   00000000:25:00.0 Off |                    0 |
| N/A   32C    P0             33W /  400W |       4MiB /  40960MiB |      0%      Default |
|                                         |                        |             Disabled |
+-----------------------------------------+------------------------+----------------------+
|   7  NVIDIA A100-SXM4-40GB          On  |   00000000:2D:00.0 Off |                    0 |
| N/A   34C    P0             56W /  400W |   20480MiB /  40960MiB |     36%      Default |
|                                         |                        |             Disabled |
+-----------------------------------------+------------------------+----------------------+

+-----------------------------------------------------------------------------------------+
| Processes:                                                                              |
|  GPU   GI   CI              PID   Type   Process name                        GPU Memory |
|        ID   ID                                                               Usage      |
|=========================================================================================|
|    0   N/A  N/A          352070      C   python                                 2700MiB |
|    1   N/A  N/A          352095      C   python                                 2700MiB |
|    2   N/A  N/A          352120      C   python                                 2700MiB |
|    3   N/A  N/A          720745      C   ...ao/.conda/envs/lty/bin/python        704MiB |
|    4   N/A  N/A          720749      C   ...ao/.conda/envs/lty/bin/python        704MiB |
|    7   N/A  N/A          439772      C   ...n/.conda/envs/wang/bin/python        934MiB |
|    7   N/A  N/A         2332507      C   python                                 6506MiB |
|    7   N/A  N/A         2335460      C   python                                 6506MiB |
|    7   N/A  N/A         2343285      C   python                                 6506MiB |
+-----------------------------------------------------------------------------------------+
0, NVIDIA A100-SXM4-40GB, GPU-4120c94f-c9c2-6653-a0ec-41957aa85822, 40960, 2718, 37746, 19, 36
1, NVIDIA A100-SXM4-40GB, GPU-61a23cf4-84c2-e7d3-596e-438966258945, 40960, 2709, 37755, 16, 36
2, NVIDIA A100-SXM4-40GB, GPU-eb22e795-17aa-d14d-4ed6-dff343fbaaeb, 40960, 2709, 37755, 16, 37
3, NVIDIA A100-SXM4-40GB, GPU-ac34f6d2-4fea-acf3-1f89-766dfa2bbaf7, 40960, 722, 39742, 14, 33
4, NVIDIA A100-SXM4-40GB, GPU-dc70602e-3b9d-ab0a-ee9c-d3a900565ca4, 40960, 713, 39751, 15, 32
5, NVIDIA A100-SXM4-40GB, GPU-1f8161f4-7f19-0357-a0c7-fb7f6e5fd384, 40960, 4, 40461, 0, 32
6, NVIDIA A100-SXM4-40GB, GPU-dd290d6b-aa94-38e2-8dd5-9d1c76287408, 40960, 4, 40461, 0, 32
7, NVIDIA A100-SXM4-40GB, GPU-71e35dc1-6901-b158-8674-68043fafa2b1, 40960, 20480, 19985, 34, 34
