2026-09-21T13:57:25Z pid=3911710 b2_t=100 b2_ep=12 b2_succ=2 full_t=0 full_ep=0 full_succ=0 | [2026-09-21T13:52:11Z] B2 training start target_updates=8
2026-09-21T13:58:25Z pid=3911710 b2_t=118 b2_ep=14 b2_succ=3 full_t=0 full_ep=0 full_succ=0 | [2026-09-21T13:52:11Z] B2 training start target_updates=8
2026-09-21T13:59:25Z pid=3911710 b2_t=136 b2_ep=17 b2_succ=3 full_t=0 full_ep=0 full_succ=0 | [2026-09-21T13:52:11Z] B2 training start target_updates=8
2026-09-21T14:00:25Z pid=3911710 b2_t=155 b2_ep=20 b2_succ=5 full_t=0 full_ep=0 full_succ=0 | [2026-09-21T13:52:11Z] B2 training start target_updates=8
2026-09-21T14:01:25Z pid=3911710 b2_t=174 b2_ep=22 b2_succ=6 full_t=0 full_ep=0 full_succ=0 | [2026-09-21T13:52:11Z] B2 training start target_updates=8
2026-09-21T14:02:25Z pid=3911710 b2_t=192 b2_ep=25 b2_succ=6 full_t=0 full_ep=0 full_succ=0 | [2026-09-21T13:52:11Z] B2 training start target_updates=8
2026-09-21T14:03:25Z pid=3911710 b2_t=210 b2_ep=28 b2_succ=7 full_t=0 full_ep=0 full_succ=0 | [2026-09-21T13:52:11Z] B2 training start target_updates=8
2026-09-21T14:04:25Z pid=3911710 b2_t=227 b2_ep=30 b2_succ=7 full_t=0 full_ep=0 full_succ=0 | [2026-09-21T13:52:11Z] B2 training start target_updates=8
2026-09-21T14:05:26Z PROCESS_EXIT
[2026-09-21T13:28:44Z] startup gate B: B2 effective prior empty at input layer
[2026-09-21T13:28:49Z] startup gate C: Full DP/Delta on frozen nonempty prior
[2026-09-21T13:28:56Z] startup gate D: independent init, seeds, pytest, cache immutability
[2026-09-21T13:28:56Z] running Stage 0B pytest marker=pure or torch_runtime
[2026-09-21T13:29:14Z] train B2 to 8 updates
[2026-09-21T13:29:15Z] B2 eval step0
[2026-09-21T13:33:18Z] B2 training start target_updates=8
[2026-09-21T13:35:22Z] training exception: Invalid independently confirmed reward event
[2026-09-21T13:47:29Z] Stage 1A start gpu=0 only_gates=False resume=False max_updates=16
[2026-09-21T13:47:29Z] device=cuda:0 name=NVIDIA A100-SXM4-40GB visible=2
[2026-09-21T13:47:31Z] startup gate A: corrected dry-run fields
[2026-09-21T13:47:44Z] startup gate B: B2 effective prior empty at input layer
[2026-09-21T13:47:50Z] startup gate C: Full DP/Delta on frozen nonempty prior
[2026-09-21T13:47:57Z] startup gate D: independent init, seeds, pytest, cache immutability
[2026-09-21T13:47:57Z] running Stage 0B pytest marker=pure or torch_runtime
[2026-09-21T13:48:14Z] train B2 to 8 updates
[2026-09-21T13:48:15Z] B2 eval step0
[2026-09-21T13:52:11Z] B2 training start target_updates=8
[2026-09-21T14:04:51Z] training exception: Runtime repeatedly exposes no executable skill
[2026-09-21T14:04:53Z] Stage 1A finished status=NEEDS_RERUN next=1B
