[2026-09-21T13:24:39Z] Stage 1A start gpu=0 only_gates=True resume=False max_updates=16
[2026-09-21T13:24:39Z] device=cuda:0 name=NVIDIA A100-SXM4-40GB visible=5
[2026-09-21T13:24:41Z] startup gate A: corrected dry-run fields
[2026-09-21T13:25:03Z] startup gate B: B2 effective prior empty at input layer
[2026-09-21T13:25:11Z] startup gate C: Full DP/Delta on frozen nonempty prior
[2026-09-21T13:25:20Z] startup gate D: independent init, seeds, pytest, cache immutability
[2026-09-21T13:25:20Z] running Stage 0B pytest marker=pure or torch_runtime
[2026-09-21T13:25:41Z] startup gates FAILED; no PPO
[2026-09-21T13:28:30Z] Stage 1A start gpu=0 only_gates=False resume=False max_updates=16
[2026-09-21T13:28:30Z] device=cuda:0 name=NVIDIA A100-SXM4-40GB visible=5
[2026-09-21T13:28:32Z] startup gate A: corrected dry-run fields
[2026-09-21T13:28:44Z] startup gate B: B2 effective prior empty at input layer
[2026-09-21T13:28:49Z] startup gate C: Full DP/Delta on frozen nonempty prior
[2026-09-21T13:28:56Z] startup gate D: independent init, seeds, pytest, cache immutability
[2026-09-21T13:28:56Z] running Stage 0B pytest marker=pure or torch_runtime
[2026-09-21T13:29:14Z] train B2 to 8 updates
[2026-09-21T13:29:15Z] B2 eval step0
[2026-09-21T13:33:18Z] B2 training start target_updates=8
[2026-09-21T13:35:22Z] training exception: Invalid independently confirmed reward event
[2026-09-21T13:47:29Z] Stage 1A start gpu=0 only_gates=False resume=False max_updates=16
[2026-09-21T13:47:29Z] device=cuda:0 name=NVIDIA A100-SXM4-40GB visible=2
[2026-09-21T13:47:31Z] startup gate A: corrected dry-run fields
[2026-09-21T13:47:44Z] startup gate B: B2 effective prior empty at input layer
[2026-09-21T13:47:50Z] startup gate C: Full DP/Delta on frozen nonempty prior
[2026-09-21T13:47:57Z] startup gate D: independent init, seeds, pytest, cache immutability
[2026-09-21T13:47:57Z] running Stage 0B pytest marker=pure or torch_runtime
[2026-09-21T13:48:14Z] train B2 to 8 updates
[2026-09-21T13:48:15Z] B2 eval step0
[2026-09-21T13:52:11Z] B2 training start target_updates=8
[2026-09-21T14:04:51Z] training exception: Runtime repeatedly exposes no executable skill
[2026-09-21T14:04:53Z] Stage 1A finished status=NEEDS_RERUN next=1B
