== gate0
{"status": "PASS"}
== inventory
ok
== gpus selected: '1,2'
== register (gpu 1)
[robosuite WARNING] No private macro file found! (__init__.py:7)
[robosuite WARNING] It is recommended to use a private macro file (__init__.py:8)
[robosuite WARNING] To setup, run: python /home/xushijie2/envs/lerobotpi0-xfs/lib/python3.10/site-packages/robosuite/scripts/setup_macros.py (__init__.py:9)
Warning: make sure gym is installed if you want to use the GymWrapper.
{"states": 20, "g1_passing": 20, "branches": 8}
== wave 1
{"wave": 1, "workers": [{"branch_id": "fcd0a7d4c30ecd67", "exit": 0}, {"branch_id": "a64024b85f872d54", "exit": 0}, {"branch_id": "70435337e3919488", "exit": 0}, {"branch_id": "c59ea82a12237a6a", "exit": 0}]}
== epsilon
{"epsilon_q": 0.02, "epsilon_t": 2.099999999998836, "repeat_groups_complete": false}
== wave 2
{"wave": 2, "workers": [{"branch_id": "51f15f6f5006eedf", "exit": 0}, {"branch_id": "bf1bcf7161719b76", "exit": 0}, {"branch_id": "982fe553d929682c", "exit": 0}, {"branch_id": "c0ef8c06a92d6b7f", "exit": 0}]}
== analyze
{"decision": "NOT_ELIGIBLE", "gates": {"G1": "PASS", "G2": "FAIL", "G3": "FAIL", "G4": "FAIL", "E1": "FAIL", "E2": "FAIL", "E3": "FAIL", "E4": "FAIL", "E5": "FAIL", "E6": "FAIL"}, "e6": "CONTRACT_SUFFICIENT"}
== verify
{"status": "PASS"}
== DONE
