[robosuite WARNING] No private macro file found! (__init__.py:7)
[robosuite WARNING] It is recommended to use a private macro file (__init__.py:8)
[robosuite WARNING] To setup, run: python /home/xushijie2/envs/lerobotpi0-xfs/lib/python3.10/site-packages/robosuite/scripts/setup_macros.py (__init__.py:9)
{
 "all_checks_passed": true,
 "targeted": [
  "44 passed, 3 warnings in 89.32s (0:01:29)"
 ],
 "mutation_first_check": true,
 "mutation_matrix": {
  "01_stale_target_next_value": true,
  "02_five_action_script_cursor": true,
  "03_masked_missing_target_fails_closed": true,
  "04_terminal_no_candidate_semantics": true,
  "05_stale_action_still_legal": true,
  "06_nonfinite_not_hidden": true,
  "07_output_fields_unchanged": true,
  "08_post_execution_failure_recorded": true
 }
}
