{
  "decision": "POLICY_DATA_REAL_ACTION_READY",
  "checks": {
    "transport_recovery_train_min60": true,
    "transport_recovery_val_min20": true,
    "transport_dual_order_train_min60": true,
    "transport_dual_order_val_min20": true,
    "dual_A_first_train_min20": true,
    "dual_B_first_train_min20": true,
    "recovery_success_train_min20": true,
    "all_env_step_source": true,
    "content_group_disjoint": true,
    "action_arrays_equal": true,
    "action_nonzero_ratio_ge_0_5": true,
    "action_std_ge_1e_4": true
  },
  "counts": {
    "all": 380,
    "train": 260,
    "val": 120,
    "action_nonzero_ratio": 1.0,
    "min_episode_action_std": 0.10189598053693771
  }
}
