+ for m in MG DENSE REL
+ CUDA_VISIBLE_DEVICES=7
+ /home/xushijie3/envs/cpdisr/bin/python scripts/c1_compact_diagnosis_v2.py lib-score --run-root /home/xushijie3/work/graph_cp_disr/runs/final_master/c1_route_b/compact_diagnosis_v2/20261009T165825Z --model MG --device cuda:0
{"model": "MG", "states": 2395, "seconds": 20.4}
+ for m in MG DENSE REL
+ CUDA_VISIBLE_DEVICES=7
+ /home/xushijie3/envs/cpdisr/bin/python scripts/c1_compact_diagnosis_v2.py lib-score --run-root /home/xushijie3/work/graph_cp_disr/runs/final_master/c1_route_b/compact_diagnosis_v2/20261009T165825Z --model DENSE --device cuda:0
{"model": "DENSE", "states": 2395, "seconds": 22.1}
+ for m in MG DENSE REL
+ CUDA_VISIBLE_DEVICES=7
+ /home/xushijie3/envs/cpdisr/bin/python scripts/c1_compact_diagnosis_v2.py lib-score --run-root /home/xushijie3/work/graph_cp_disr/runs/final_master/c1_route_b/compact_diagnosis_v2/20261009T165825Z --model REL --device cuda:0
{"model": "REL", "states": 2395, "seconds": 22.2}
+ CUDA_VISIBLE_DEVICES=
+ /home/xushijie3/envs/cpdisr/bin/python scripts/c1_compact_diagnosis_v2.py lib-score --run-root /home/xushijie3/work/graph_cp_disr/runs/final_master/c1_route_b/compact_diagnosis_v2/20261009T165825Z --model WL --device cpu
package_version=2.2.0
feature_name=wl
graph_representation=ilg
iterations=2
pruning=a-m
multiset_hash=0
domain=wlplan.planning.Domain(name=depots, predicates=[at/2, available/1, clear/1, in/2, lifting/2, on/2], functions=[], schemata=[Drive/3, Drop/4, Lift/4, Load/4, Unload/4], constant_objects=[])
weights_size=145
{"model": "WL", "states": 2395, "seconds": 14.5}
+ for m in MG DENSE REL
+ CUDA_VISIBLE_DEVICES=7
+ /home/xushijie3/envs/cpdisr/bin/python scripts/c1_compact_diagnosis_v2.py lib-equiv --run-root /home/xushijie3/work/graph_cp_disr/runs/final_master/c1_route_b/compact_diagnosis_v2/20261009T165825Z --model MG --device cuda:0
equivariance MG: 36 rows, max variant diff 1.53e-05, max repeat diff 1.53e-05
+ for m in MG DENSE REL
+ CUDA_VISIBLE_DEVICES=7
+ /home/xushijie3/envs/cpdisr/bin/python scripts/c1_compact_diagnosis_v2.py lib-equiv --run-root /home/xushijie3/work/graph_cp_disr/runs/final_master/c1_route_b/compact_diagnosis_v2/20261009T165825Z --model DENSE --device cuda:0
equivariance DENSE: 36 rows, max variant diff 7.63e-05, max repeat diff 6.1e-05
+ for m in MG DENSE REL
+ CUDA_VISIBLE_DEVICES=7
+ /home/xushijie3/envs/cpdisr/bin/python scripts/c1_compact_diagnosis_v2.py lib-equiv --run-root /home/xushijie3/work/graph_cp_disr/runs/final_master/c1_route_b/compact_diagnosis_v2/20261009T165825Z --model REL --device cuda:0
equivariance REL: 36 rows, max variant diff 6.1e-05, max repeat diff 4.58e-05
+ CUDA_VISIBLE_DEVICES=
+ /home/xushijie3/envs/cpdisr/bin/python scripts/c1_compact_diagnosis_v2.py lib-equiv --run-root /home/xushijie3/work/graph_cp_disr/runs/final_master/c1_route_b/compact_diagnosis_v2/20261009T165825Z --model WL --device cpu
package_version=2.2.0
feature_name=wl
graph_representation=ilg
iterations=2
pruning=a-m
multiset_hash=0
domain=wlplan.planning.Domain(name=depots, predicates=[at/2, available/1, clear/1, in/2, lifting/2, on/2], functions=[], schemata=[Drive/3, Drop/4, Lift/4, Load/4, Unload/4], constant_objects=[])
weights_size=145
equivariance WL: 36 rows, max variant diff 0, max repeat diff 0
