package_version=2.2.0
feature_name=wl
graph_representation=ilg
iterations=2
pruning=a-m
multiset_hash=0
domain=wlplan.planning.Domain(name=domain, predicates=[at/2, available/1, clear/1, in/2, lifting/2, on/2], functions=[], schemata=[], constant_objects=[])
weights_size=147
[panel] W1 joint32 joint_n6k1h2_004 -> SOLVED expanded 38 wall 0.2s
[panel] W1 joint32 joint_n6k1h2_009 -> SOLVED expanded 49 wall 0.2s
[panel] W1 joint32 joint_n6k1h2_014 -> SOLVED expanded 47 wall 0.2s
[panel] W1 joint32 joint_n6k1h2_015 -> SOLVED expanded 9 wall 0.2s
[panel] W1 joint32 joint_n6k1h4_004 -> SOLVED expanded 27 wall 0.2s
[panel] W1 joint32 joint_n6k1h4_008 -> SOLVED expanded 754 wall 0.3s
[panel] W1 joint32 joint_n6k1h4_011 -> SOLVED expanded 31 wall 0.2s
[panel] W1 joint32 joint_n6k1h4_015 -> SOLVED expanded 135 wall 0.2s
[panel] W1 joint32 joint_n6k2h2_001 -> SOLVED expanded 65 wall 0.2s
[panel] W1 joint32 joint_n6k2h2_006 -> SOLVED expanded 44 wall 0.2s
[panel] W1 joint32 joint_n6k2h2_011 -> SOLVED expanded 27 wall 0.2s
[panel] W1 joint32 joint_n6k2h2_013 -> SOLVED expanded 39 wall 0.2s
[panel] W1 joint32 joint_n6k2h4_008 -> SOLVED expanded 101 wall 0.2s
[panel] W1 joint32 joint_n6k2h4_009 -> SOLVED expanded 188 wall 0.2s
[panel] W1 joint32 joint_n6k2h4_011 -> SOLVED expanded 380 wall 0.2s
[panel] W1 joint32 joint_n6k2h4_015 -> SOLVED expanded 100 wall 0.2s
[panel] W1 joint32 joint_n8k1h2_000 -> SOLVED expanded 34 wall 0.2s
[panel] W1 joint32 joint_n8k1h2_004 -> SOLVED expanded 28 wall 0.2s
[panel] W1 joint32 joint_n8k1h2_005 -> SOLVED expanded 68 wall 0.3s
[panel] W1 joint32 joint_n8k1h2_006 -> SOLVED expanded 34 wall 0.2s
[panel] W1 joint32 joint_n8k1h4_004 -> SOLVED expanded 27 wall 0.2s
[panel] W1 joint32 joint_n8k1h4_008 -> SOLVED expanded 276 wall 0.3s
[panel] W1 joint32 joint_n8k1h4_013 -> SOLVED expanded 164 wall 0.3s
[panel] W1 joint32 joint_n8k1h4_015 -> SOLVED expanded 33 wall 0.2s
[panel] W1 joint32 joint_n8k2h2_001 -> SOLVED expanded 101 wall 0.3s
[panel] W1 joint32 joint_n8k2h2_005 -> SOLVED expanded 76 wall 0.3s
[panel] W1 joint32 joint_n8k2h2_013 -> SOLVED expanded 43 wall 0.2s
[panel] W1 joint32 joint_n8k2h2_014 -> SOLVED expanded 92 wall 0.3s
[panel] W1 joint32 joint_n8k2h4_003 -> SOLVED expanded 2192 wall 0.7s
[panel] W1 joint32 joint_n8k2h4_005 -> SOLVED expanded 64 wall 0.2s
[panel] W1 joint32 joint_n8k2h4_008 -> SOLVED expanded 73 wall 0.3s
[panel] W1 joint32 joint_n8k2h4_015 -> SOLVED expanded 405 wall 0.3s
