package_version=2.2.0
feature_name=wl
graph_representation=ilg
iterations=2
pruning=a-m
multiset_hash=0
domain=wlplan.planning.Domain(name=depots, predicates=[at/2, available/1, clear/1, in/2, lifting/2, on/2], functions=[], schemata=[Drive/3, Drop/4, Lift/4, Load/4, Unload/4], constant_objects=[])
weights_size=145
[panel] WL variants dev_n4_000 -> SOLVED expanded 21 wall 0.2s
[panel] DENSE variants dev_n4_000 -> SOLVED expanded 14 wall 0.9s
[panel] DENSE variants dev_n4_000-P -> SOLVED expanded 12 wall 0.5s
[panel] WL variants dev_n4_000-P -> SOLVED expanded 19 wall 0.2s
[panel] WL variants dev_n4_000-R -> SOLVED expanded 21 wall 0.2s
[panel] DENSE variants dev_n4_000-R -> SOLVED expanded 14 wall 0.6s
[panel] DENSE variants dev_n4_000-W -> SOLVED expanded 14 wall 0.6s
[panel] WL variants dev_n4_000-W -> SOLVED expanded 34 wall 0.2s
[panel] WL variants dev_n4_003 -> SOLVED expanded 6 wall 0.2s
[panel] DENSE variants dev_n4_003 -> SOLVED expanded 5 wall 0.2s
[panel] WL variants dev_n4_003-P -> SOLVED expanded 0 wall 0.2s
[panel] DENSE variants dev_n4_003-P -> SOLVED expanded 0 wall 0.0s
[panel] WL variants dev_n4_003-R -> SOLVED expanded 6 wall 0.2s
[panel] DENSE variants dev_n4_003-R -> SOLVED expanded 5 wall 0.3s
[panel] DENSE variants dev_n4_003-W -> SOLVED expanded 6 wall 0.3s
[panel] WL variants dev_n4_003-W -> SOLVED expanded 11 wall 0.2s
[panel] WL variants dev_n4_005 -> SOLVED expanded 30 wall 0.2s
[panel] DENSE variants dev_n4_005 -> SOLVED expanded 12 wall 0.5s
[panel] DENSE variants dev_n4_005-P -> SOLVED expanded 11 wall 0.5s
[panel] WL variants dev_n4_005-P -> SOLVED expanded 28 wall 0.2s
[panel] WL variants dev_n4_005-R -> SOLVED expanded 32 wall 0.2s
[panel] DENSE variants dev_n4_005-R -> SOLVED expanded 12 wall 0.5s
[panel] DENSE variants dev_n4_005-W -> SOLVED expanded 17 wall 0.7s
[panel] WL variants dev_n4_005-W -> SOLVED expanded 91 wall 0.2s
[panel] DENSE variants dev_n4_006 -> SOLVED expanded 10 wall 0.5s
[panel] WL variants dev_n4_006 -> SOLVED expanded 12 wall 0.2s
[panel] WL variants dev_n4_006-P -> SOLVED expanded 14 wall 0.2s
[panel] DENSE variants dev_n4_006-P -> SOLVED expanded 10 wall 0.4s
[panel] DENSE variants dev_n4_006-R -> SOLVED expanded 10 wall 0.5s
[panel] WL variants dev_n4_006-R -> SOLVED expanded 12 wall 0.2s
[panel] DENSE variants dev_n4_006-W -> SOLVED expanded 18 wall 0.8s
[panel] WL variants dev_n4_006-W -> SOLVED expanded 47 wall 0.2s
[panel] DENSE variants dev_n5_001 -> SOLVED expanded 10 wall 0.8s
[panel] WL variants dev_n5_001 -> SOLVED expanded 24 wall 0.2s
[panel] DENSE variants dev_n5_001-P -> SOLVED expanded 8 wall 0.2s
[panel] WL variants dev_n5_001-P -> SOLVED expanded 36 wall 0.2s
[panel] WL variants dev_n5_001-R -> SOLVED expanded 25 wall 0.2s
[panel] DENSE variants dev_n5_001-R -> SOLVED expanded 10 wall 0.4s
[panel] WL variants dev_n5_001-W -> SOLVED expanded 39 wall 0.2s
[panel] DENSE variants dev_n5_001-W -> SOLVED expanded 15 wall 0.6s
[panel] WL variants dev_n5_003 -> SOLVED expanded 29 wall 0.2s
[panel] DENSE variants dev_n5_003 -> SOLVED expanded 15 wall 0.6s
[panel] DENSE variants dev_n5_003-P -> SOLVED expanded 13 wall 0.5s
[panel] WL variants dev_n5_003-P -> SOLVED expanded 28 wall 0.2s
[panel] DENSE variants dev_n5_003-R -> SOLVED expanded 15 wall 0.6s
[panel] WL variants dev_n5_003-R -> SOLVED expanded 29 wall 0.2s
[panel] WL variants dev_n5_003-W -> SOLVED expanded 51 wall 0.2s
[panel] DENSE variants dev_n5_003-W -> SOLVED expanded 19 wall 0.8s
[panel] WL variants dev_n5_004 -> SOLVED expanded 47 wall 0.2s
[panel] DENSE variants dev_n5_004 -> SOLVED expanded 17 wall 0.7s
[panel] DENSE variants dev_n5_004-P -> SOLVED expanded 15 wall 0.6s
[panel] WL variants dev_n5_004-P -> SOLVED expanded 38 wall 0.2s
[panel] DENSE variants dev_n5_004-R -> SOLVED expanded 17 wall 0.7s
[panel] WL variants dev_n5_004-R -> SOLVED expanded 52 wall 0.2s
[panel] WL variants dev_n5_004-W -> SOLVED expanded 55 wall 0.2s
[panel] DENSE variants dev_n5_004-W -> SOLVED expanded 21 wall 0.9s
[panel] WL variants dev_n5_007 -> SOLVED expanded 21 wall 0.2s
[panel] DENSE variants dev_n5_007 -> SOLVED expanded 12 wall 0.5s
[panel] DENSE variants dev_n5_007-P -> SOLVED expanded 10 wall 0.4s
[panel] WL variants dev_n5_007-P -> SOLVED expanded 23 wall 0.2s
[panel] DENSE variants dev_n5_007-R -> SOLVED expanded 12 wall 0.5s
[panel] WL variants dev_n5_007-R -> SOLVED expanded 21 wall 0.2s
[panel] WL variants dev_n5_007-W -> SOLVED expanded 35 wall 0.2s
[panel] DENSE variants dev_n5_007-W -> SOLVED expanded 17 wall 0.7s
