{
  "metrics": [
    {
      "ambiguous_edge_rate": 0.0,
      "branch_accuracy": 0.25,
      "failure_denominator": 24,
      "failure_recall": 0.0,
      "false_ready_rate": 0.0,
      "families": 24,
      "goal_precision": 1.0,
      "goal_recall": 0.8602150537634409,
      "graph_completion_coverage": 0.9460565476190483,
      "graph_id": "G0_coarse_direct",
      "recovery_denominator": 24,
      "recovery_recall": 0.0,
      "rollouts": 96,
      "second_view_query_rate": 0.0,
      "second_view_unknown_resolution_rate": 0.0,
      "state_readiness_accuracy": 0.8645833333333334,
      "transition_effect_precision": 0.8645833333333334,
      "transition_precondition_precision": 0.25,
      "unknown_rate": 0.08502569628647222,
      "unnecessary_manipulation_rate": 1.0
    },
    {
      "ambiguous_edge_rate": 0.0,
      "branch_accuracy": 0.375,
      "failure_denominator": 24,
      "failure_recall": 0.0,
      "false_ready_rate": 0.0,
      "families": 24,
      "goal_precision": 1.0,
      "goal_recall": 0.8602150537634409,
      "graph_completion_coverage": 0.9639136904761911,
      "graph_id": "G1_predicate_bound",
      "recovery_denominator": 24,
      "recovery_recall": 0.0,
      "rollouts": 96,
      "second_view_query_rate": 0.0,
      "second_view_unknown_resolution_rate": 0.0,
      "state_readiness_accuracy": 0.8645833333333334,
      "transition_effect_precision": 0.8645833333333334,
      "transition_precondition_precision": 0.375,
      "unknown_rate": 0.08502569628647222,
      "unnecessary_manipulation_rate": 0.0
    },
    {
      "ambiguous_edge_rate": 0.125,
      "branch_accuracy": 0.9583333333333334,
      "failure_denominator": 24,
      "failure_recall": 1.0,
      "false_ready_rate": 0.0,
      "families": 24,
      "goal_precision": 1.0,
      "goal_recall": 0.8602150537634409,
      "graph_completion_coverage": 0.9639136904761911,
      "graph_id": "G2_evidence_refined",
      "recovery_denominator": 24,
      "recovery_recall": 1.0,
      "rollouts": 96,
      "second_view_query_rate": 0.0,
      "second_view_unknown_resolution_rate": 0.0,
      "state_readiness_accuracy": 0.8645833333333334,
      "transition_effect_precision": 0.8645833333333334,
      "transition_precondition_precision": 0.9583333333333334,
      "unknown_rate": 0.08502569628647222,
      "unnecessary_manipulation_rate": 0.0
    }
  ],
  "paired_effects": [
    {
      "bootstrap_high": 0.875,
      "bootstrap_low": 0.5416666666666666,
      "bootstrap_resamples": 5000,
      "bootstrap_seed": 230501,
      "comparison": "G2_evidence_refined-G0_coarse_direct",
      "families": 24,
      "mean_effect": 0.7083333333333334,
      "metric": "branch_accuracy"
    },
    {
      "bootstrap_high": 0.7916666666666666,
      "bootstrap_low": 0.375,
      "bootstrap_resamples": 5000,
      "bootstrap_seed": 230502,
      "comparison": "G2_evidence_refined-G1_predicate_bound",
      "families": 24,
      "mean_effect": 0.5833333333333334,
      "metric": "branch_accuracy"
    }
  ],
  "selected_graph": "G2_evidence_refined",
  "status": "L2R_FRESH_CONFIRMATION_COMPLETE"
}
