/home/xushijie/.conda/envs/cupid/lib/python3.9/site-packages/wandb/apis/public.py:2997: UserWarning: pkg_resources is deprecated as an API. See https://setuptools.pypa.io/en/latest/pkg_resources.html. The pkg_resources package is slated for removal as early as 2025-11-30. Refrain from using this package or pin to Setuptools<81.
  from pkg_resources import parse_version
numcodec 'imagecodecs_aec' already registered
numcodec 'imagecodecs_apng' already registered
numcodec 'imagecodecs_avif' already registered
numcodec 'imagecodecs_bitorder' already registered
numcodec 'imagecodecs_bitshuffle' already registered
numcodec 'imagecodecs_blosc' already registered
numcodec 'imagecodecs_blosc2' already registered
numcodec 'imagecodecs_brotli' already registered
numcodec 'imagecodecs_byteshuffle' already registered
numcodec 'imagecodecs_bz2' already registered
numcodec 'imagecodecs_cms' already registered
numcodec 'imagecodecs_deflate' already registered
numcodec 'imagecodecs_delta' already registered
numcodec 'imagecodecs_float24' already registered
numcodec 'imagecodecs_floatpred' already registered
numcodec 'imagecodecs_gif' already registered
numcodec 'imagecodecs_heif' already registered
numcodec 'imagecodecs_jetraw' already registered
numcodec 'imagecodecs_jpeg' already registered
numcodec 'imagecodecs_jpeg2k' already registered
numcodec 'imagecodecs_jpegls' already registered
numcodec 'imagecodecs_jpegxl' already registered
numcodec 'imagecodecs_jpegxr' already registered
numcodec 'imagecodecs_lerc' already registered
numcodec 'imagecodecs_ljpeg' already registered
numcodec 'imagecodecs_lz4' already registered
numcodec 'imagecodecs_lz4f' already registered
numcodec 'imagecodecs_lzf' already registered
numcodec 'imagecodecs_lzma' already registered
numcodec 'imagecodecs_lzw' already registered
numcodec 'imagecodecs_packbits' already registered
numcodec 'imagecodecs_pglz' already registered
numcodec 'imagecodecs_png' already registered
numcodec 'imagecodecs_qoi' already registered
numcodec 'imagecodecs_rcomp' already registered
numcodec 'imagecodecs_snappy' already registered
numcodec 'imagecodecs_spng' already registered
numcodec 'imagecodecs_tiff' already registered
numcodec 'imagecodecs_webp' already registered
numcodec 'imagecodecs_xor' already registered
numcodec 'imagecodecs_zfp' already registered
numcodec 'imagecodecs_zlib' already registered
numcodec 'imagecodecs_zlibng' already registered
numcodec 'imagecodecs_zopfli' already registered
numcodec 'imagecodecs_zstd' already registered
Diffusion params: 1.110474e+06
Loading hdf5 to ReplayBuffer:   0%|          | 0/300 [00:00<?, ?it/s]Loading hdf5 to ReplayBuffer:  12%|█▏        | 35/300 [00:00<00:00, 343.50it/s]Loading hdf5 to ReplayBuffer:  28%|██▊       | 85/300 [00:00<00:00, 434.83it/s]Loading hdf5 to ReplayBuffer:  46%|████▋     | 139/300 [00:00<00:00, 480.99it/s]Loading hdf5 to ReplayBuffer:  63%|██████▎   | 190/300 [00:00<00:00, 492.18it/s]Loading hdf5 to ReplayBuffer:  82%|████████▏ | 247/300 [00:00<00:00, 517.48it/s]Loading hdf5 to ReplayBuffer: 100%|█████████▉| 299/300 [00:00<00:00, 506.93it/s]Loading hdf5 to ReplayBuffer: 100%|██████████| 300/300 [00:00<00:00, 489.50it/s]
Checking if memory maps contain nans or infs.
  0%|          | 0/1 [00:00<?, ?it/s]100%|██████████| 1/1 [00:01<00:00,  1.58s/it]100%|██████████| 1/1 [00:01<00:00,  1.58s/it]
Completed: Online TRAK Influence [Train] [mean_of_mean-succ-all].
Completed: Online TRAK Influence [Train] [mean_of_mean-fail-all].
Completed: Online TRAK Influence [Train] [mean_of_mean-net-1].
Completed: Online TRAK Influence [Train] [mean_of_mean-net-5].
Completed: Online TRAK Influence [Train] [mean_of_mean-net-10].
Completed: Online TRAK Influence [Train] [mean_of_mean-net-25].
Completed: Online TRAK Influence [Train] [mean_of_mean-net-50].
Completed: Online TRAK Influence [Train] [mean_of_mean-net-100].
Completed: Online TRAK Influence [Train] [mean_of_mean-net-all].
Completed: Online TRAK Influence [Train] [mean_of_mean_success-succ-all].
Completed: Online TRAK Influence [Train] [mean_of_mean_success-fail-all].
Completed: Online TRAK Influence [Train] [mean_of_mean_success-net-1].
Completed: Online TRAK Influence [Train] [mean_of_mean_success-net-5].
Completed: Online TRAK Influence [Train] [mean_of_mean_success-net-10].
Completed: Online TRAK Influence [Train] [mean_of_mean_success-net-25].
Completed: Online TRAK Influence [Train] [mean_of_mean_success-net-50].
Completed: Online TRAK Influence [Train] [mean_of_mean_success-net-100].
Completed: Online TRAK Influence [Train] [mean_of_mean_success-net-all].
Completed: Online TRAK Influence [Train] [sum_of_sum-succ-all].
Completed: Online TRAK Influence [Train] [sum_of_sum-fail-all].
Completed: Online TRAK Influence [Train] [sum_of_sum-net-1].
Completed: Online TRAK Influence [Train] [sum_of_sum-net-5].
Completed: Online TRAK Influence [Train] [sum_of_sum-net-10].
Completed: Online TRAK Influence [Train] [sum_of_sum-net-25].
Completed: Online TRAK Influence [Train] [sum_of_sum-net-50].
Completed: Online TRAK Influence [Train] [sum_of_sum-net-100].
Completed: Online TRAK Influence [Train] [sum_of_sum-net-all].
Completed: Online TRAK Influence [Train] [sum_of_sum_success-succ-all].
Completed: Online TRAK Influence [Train] [sum_of_sum_success-fail-all].
Completed: Online TRAK Influence [Train] [sum_of_sum_success-net-1].
Completed: Online TRAK Influence [Train] [sum_of_sum_success-net-5].
Completed: Online TRAK Influence [Train] [sum_of_sum_success-net-10].
Completed: Online TRAK Influence [Train] [sum_of_sum_success-net-25].
Completed: Online TRAK Influence [Train] [sum_of_sum_success-net-50].
Completed: Online TRAK Influence [Train] [sum_of_sum_success-net-100].
Completed: Online TRAK Influence [Train] [sum_of_sum_success-net-all].
Completed: Online TRAK Influence [Train] [min_of_max-succ-all].
Completed: Online TRAK Influence [Train] [min_of_max-fail-all].
Completed: Online TRAK Influence [Train] [min_of_max-net-1].
Completed: Online TRAK Influence [Train] [min_of_max-net-5].
Completed: Online TRAK Influence [Train] [min_of_max-net-10].
Completed: Online TRAK Influence [Train] [min_of_max-net-25].
Completed: Online TRAK Influence [Train] [min_of_max-net-50].
Completed: Online TRAK Influence [Train] [min_of_max-net-100].
Completed: Online TRAK Influence [Train] [min_of_max-net-all].
Completed: Online TRAK Influence [Train] [max_of_min-succ-all].
Completed: Online TRAK Influence [Train] [max_of_min-fail-all].
Completed: Online TRAK Influence [Train] [max_of_min-net-1].
Completed: Online TRAK Influence [Train] [max_of_min-net-5].
Completed: Online TRAK Influence [Train] [max_of_min-net-10].
Completed: Online TRAK Influence [Train] [max_of_min-net-25].
Completed: Online TRAK Influence [Train] [max_of_min-net-50].
Completed: Online TRAK Influence [Train] [max_of_min-net-100].
Completed: Online TRAK Influence [Train] [max_of_min-net-all].
Completed: Online TRAK Influence [Holdout] [mean_of_mean-succ-all].
Completed: Online TRAK Influence [Holdout] [mean_of_mean-fail-all].
Completed: Online TRAK Influence [Holdout] [mean_of_mean-net-1].
Completed: Online TRAK Influence [Holdout] [mean_of_mean-net-5].
Completed: Online TRAK Influence [Holdout] [mean_of_mean-net-10].
Completed: Online TRAK Influence [Holdout] [mean_of_mean-net-25].
Completed: Online TRAK Influence [Holdout] [mean_of_mean-net-50].
Completed: Online TRAK Influence [Holdout] [mean_of_mean-net-100].
Completed: Online TRAK Influence [Holdout] [mean_of_mean-net-all].
Completed: Online TRAK Influence [Holdout] [mean_of_mean_success-succ-all].
Completed: Online TRAK Influence [Holdout] [mean_of_mean_success-fail-all].
Completed: Online TRAK Influence [Holdout] [mean_of_mean_success-net-1].
Completed: Online TRAK Influence [Holdout] [mean_of_mean_success-net-5].
Completed: Online TRAK Influence [Holdout] [mean_of_mean_success-net-10].
Completed: Online TRAK Influence [Holdout] [mean_of_mean_success-net-25].
Completed: Online TRAK Influence [Holdout] [mean_of_mean_success-net-50].
Completed: Online TRAK Influence [Holdout] [mean_of_mean_success-net-100].
Completed: Online TRAK Influence [Holdout] [mean_of_mean_success-net-all].
Completed: Online TRAK Influence [Holdout] [sum_of_sum-succ-all].
Completed: Online TRAK Influence [Holdout] [sum_of_sum-fail-all].
Completed: Online TRAK Influence [Holdout] [sum_of_sum-net-1].
Completed: Online TRAK Influence [Holdout] [sum_of_sum-net-5].
Completed: Online TRAK Influence [Holdout] [sum_of_sum-net-10].
Completed: Online TRAK Influence [Holdout] [sum_of_sum-net-25].
Completed: Online TRAK Influence [Holdout] [sum_of_sum-net-50].
Completed: Online TRAK Influence [Holdout] [sum_of_sum-net-100].
Completed: Online TRAK Influence [Holdout] [sum_of_sum-net-all].
Completed: Online TRAK Influence [Holdout] [sum_of_sum_success-succ-all].
Completed: Online TRAK Influence [Holdout] [sum_of_sum_success-fail-all].
Completed: Online TRAK Influence [Holdout] [sum_of_sum_success-net-1].
Completed: Online TRAK Influence [Holdout] [sum_of_sum_success-net-5].
Completed: Online TRAK Influence [Holdout] [sum_of_sum_success-net-10].
Completed: Online TRAK Influence [Holdout] [sum_of_sum_success-net-25].
Completed: Online TRAK Influence [Holdout] [sum_of_sum_success-net-50].
Completed: Online TRAK Influence [Holdout] [sum_of_sum_success-net-100].
Completed: Online TRAK Influence [Holdout] [sum_of_sum_success-net-all].
Completed: Online TRAK Influence [Holdout] [min_of_max-succ-all].
Completed: Online TRAK Influence [Holdout] [min_of_max-fail-all].
Completed: Online TRAK Influence [Holdout] [min_of_max-net-1].
Completed: Online TRAK Influence [Holdout] [min_of_max-net-5].
Completed: Online TRAK Influence [Holdout] [min_of_max-net-10].
Completed: Online TRAK Influence [Holdout] [min_of_max-net-25].
Completed: Online TRAK Influence [Holdout] [min_of_max-net-50].
Completed: Online TRAK Influence [Holdout] [min_of_max-net-100].
Completed: Online TRAK Influence [Holdout] [min_of_max-net-all].
Completed: Online TRAK Influence [Holdout] [max_of_min-succ-all].
Completed: Online TRAK Influence [Holdout] [max_of_min-fail-all].
Completed: Online TRAK Influence [Holdout] [max_of_min-net-1].
Completed: Online TRAK Influence [Holdout] [max_of_min-net-5].
Completed: Online TRAK Influence [Holdout] [max_of_min-net-10].
Completed: Online TRAK Influence [Holdout] [max_of_min-net-25].
Completed: Online TRAK Influence [Holdout] [max_of_min-net-50].
Completed: Online TRAK Influence [Holdout] [max_of_min-net-100].
Completed: Online TRAK Influence [Holdout] [max_of_min-net-all].
Results saved [online_trak_influence]
Experiment Complete: All results saved to /home/xushijie/CUPID/repo/data/outputs/eval_save_episodes/20260721_cupid_square_rollout100/20260720_cupid_square_minrep_train_diffusion_unet_lowdim_square_mh_0/latest/default_demonstration_scores-seed=0.
