/home/xushijie/.conda/envs/cupid/lib/python3.9/site-packages/wandb/apis/public.py:2997: UserWarning: pkg_resources is deprecated as an API. See https://setuptools.pypa.io/en/latest/pkg_resources.html. The pkg_resources package is slated for removal as early as 2025-11-30. Refrain from using this package or pin to Setuptools<81.
  from pkg_resources import parse_version
[2026-07-21 02:32:03,283][diffusion_policy.model.diffusion.conditional_unet1d][INFO] - number of parameters: 1.110474e+06
Diffusion params: 1.110474e+06
Loading hdf5 to ReplayBuffer:   0%|          | 0/300 [00:00<?, ?it/s]Loading hdf5 to ReplayBuffer:   0%|          | 1/300 [00:00<02:50,  1.75it/s]Loading hdf5 to ReplayBuffer:  10%|▉         | 29/300 [00:00<00:04, 57.31it/s]Loading hdf5 to ReplayBuffer:  19%|█▉        | 57/300 [00:00<00:02, 106.18it/s]Loading hdf5 to ReplayBuffer:  28%|██▊       | 84/300 [00:00<00:01, 145.40it/s]Loading hdf5 to ReplayBuffer:  39%|███▉      | 117/300 [00:00<00:00, 191.78it/s]Loading hdf5 to ReplayBuffer:  52%|█████▏    | 155/300 [00:01<00:00, 240.66it/s]Loading hdf5 to ReplayBuffer:  68%|██████▊   | 203/300 [00:01<00:00, 306.03it/s]Loading hdf5 to ReplayBuffer:  80%|████████  | 240/300 [00:01<00:00, 210.78it/s]Loading hdf5 to ReplayBuffer:  95%|█████████▌| 285/300 [00:01<00:00, 260.20it/s]Loading hdf5 to ReplayBuffer: 100%|██████████| 300/300 [00:01<00:00, 187.09it/s]
Created environment with name NutAssemblySquare
Action size is 7
Created environment with name NutAssemblySquare
Action size is 7
Created environment with name NutAssemblySquare
Action size is 7
Created environment with name NutAssemblySquare
Action size is 7
Created environment with name NutAssemblySquare
Action size is 7
Created environment with name NutAssemblySquare
Action size is 7
Created environment with name NutAssemblySquare
Action size is 7
Created environment with name NutAssemblySquare
Action size is 7
Created environment with name NutAssemblySquare
Action size is 7
Created environment with name NutAssemblySquare
Action size is 7
Created environment with name NutAssemblySquare
Action size is 7
Created environment with name NutAssemblySquare
Action size is 7
Created environment with name NutAssemblySquare
Action size is 7
Created environment with name NutAssemblySquare
Action size is 7
Created environment with name NutAssemblySquare
Action size is 7
Created environment with name NutAssemblySquare
Action size is 7
Created environment with name NutAssemblySquare
Action size is 7
Created environment with name NutAssemblySquare
Action size is 7
Created environment with name NutAssemblySquare
Action size is 7
Created environment with name NutAssemblySquare
Action size is 7
Created environment with name NutAssemblySquare
Action size is 7
Created environment with name NutAssemblySquare
Action size is 7
Created environment with name NutAssemblySquare
Action size is 7
Created environment with name NutAssemblySquare
Action size is 7
Created environment with name NutAssemblySquare
Action size is 7
Created environment with name NutAssemblySquare
Action size is 7
Created environment with name NutAssemblySquare
Action size is 7
Created environment with name NutAssemblySquare
Action size is 7
Created environment with name NutAssemblySquare
Action size is 7
/home/xushijie/.conda/envs/cupid/lib/python3.9/site-packages/wandb/apis/public.py:2997: UserWarning: pkg_resources is deprecated as an API. See https://setuptools.pypa.io/en/latest/pkg_resources.html. The pkg_resources package is slated for removal as early as 2025-11-30. Refrain from using this package or pin to Setuptools<81.
  from pkg_resources import parse_version
Thread SenderThread:
Traceback (most recent call last):
  File "/home/xushijie/.conda/envs/cupid/lib/python3.9/site-packages/wandb/sdk/lib/retry.py", line 113, in __call__
    result = self._call_fn(*args, **kwargs)
  File "/home/xushijie/.conda/envs/cupid/lib/python3.9/site-packages/wandb/sdk/internal/internal_api.py", line 199, in execute
    return self.client.execute(*args, **kwargs)  # type: ignore
  File "/home/xushijie/.conda/envs/cupid/lib/python3.9/site-packages/wandb/vendor/gql-0.2.0/wandb_gql/client.py", line 52, in execute
    result = self._get_result(document, *args, **kwargs)
  File "/home/xushijie/.conda/envs/cupid/lib/python3.9/site-packages/wandb/vendor/gql-0.2.0/wandb_gql/client.py", line 60, in _get_result
    return self.transport.execute(document, *args, **kwargs)
  File "/home/xushijie/.conda/envs/cupid/lib/python3.9/site-packages/wandb/vendor/gql-0.2.0/wandb_gql/transport/requests.py", line 39, in execute
    request.raise_for_status()
  File "/home/xushijie/.conda/envs/cupid/lib/python3.9/site-packages/requests/models.py", line 1026, in raise_for_status
    raise HTTPError(http_error_msg, response=self)
requests.exceptions.HTTPError: 401 Client Error: Unauthorized for url: https://api.wandb.ai/graphql

During handling of the above exception, another exception occurred:

Traceback (most recent call last):
  File "/home/xushijie/.conda/envs/cupid/lib/python3.9/site-packages/wandb/apis/normalize.py", line 26, in wrapper
    return func(*args, **kwargs)
  File "/home/xushijie/.conda/envs/cupid/lib/python3.9/site-packages/wandb/sdk/internal/internal_api.py", line 866, in run_resume_status
    response = self.gql(
  File "/home/xushijie/.conda/envs/cupid/lib/python3.9/site-packages/wandb/sdk/lib/retry.py", line 129, in __call__
    retry_timedelta_triggered = check_retry_fn(e)
  File "/home/xushijie/.conda/envs/cupid/lib/python3.9/site-packages/wandb/util.py", line 945, in no_retry_auth
    raise CommError("Invalid or missing api_key. Run `wandb login`")
wandb.errors.CommError: Invalid or missing api_key. Run `wandb login`

During handling of the above exception, another exception occurred:

Traceback (most recent call last):
  File "/home/xushijie/.conda/envs/cupid/lib/python3.9/site-packages/wandb/sdk/internal/internal_util.py", line 50, in run
    self._run()
  File "/home/xushijie/.conda/envs/cupid/lib/python3.9/site-packages/wandb/sdk/internal/internal_util.py", line 101, in _run
    self._process(record)
  File "/home/xushijie/.conda/envs/cupid/lib/python3.9/site-packages/wandb/sdk/internal/internal.py", line 308, in _process
    self._sm.send(record)
  File "/home/xushijie/.conda/envs/cupid/lib/python3.9/site-packages/wandb/sdk/internal/sender.py", line 303, in send
    send_handler(record)
  File "/home/xushijie/.conda/envs/cupid/lib/python3.9/site-packages/wandb/sdk/internal/sender.py", line 751, in send_run
    error = self._maybe_setup_resume(run)
  File "/home/xushijie/.conda/envs/cupid/lib/python3.9/site-packages/wandb/sdk/internal/sender.py", line 580, in _maybe_setup_resume
    resume_status = self._api.run_resume_status(
  File "/home/xushijie/.conda/envs/cupid/lib/python3.9/site-packages/wandb/apis/normalize.py", line 62, in wrapper
    raise CommError(message, err).with_traceback(sys.exc_info()[2])
  File "/home/xushijie/.conda/envs/cupid/lib/python3.9/site-packages/wandb/apis/normalize.py", line 26, in wrapper
    return func(*args, **kwargs)
  File "/home/xushijie/.conda/envs/cupid/lib/python3.9/site-packages/wandb/sdk/internal/internal_api.py", line 866, in run_resume_status
    response = self.gql(
  File "/home/xushijie/.conda/envs/cupid/lib/python3.9/site-packages/wandb/sdk/lib/retry.py", line 129, in __call__
    retry_timedelta_triggered = check_retry_fn(e)
  File "/home/xushijie/.conda/envs/cupid/lib/python3.9/site-packages/wandb/util.py", line 945, in no_retry_auth
    raise CommError("Invalid or missing api_key. Run `wandb login`")
wandb.errors.CommError: Invalid or missing api_key. Run `wandb login`
wandb: ERROR Internal wandb error: file data was not synced
Problem at: /home/__compress_data/xushijie/CUPID/repo/diffusion_policy/workspace/train_diffusion_unet_lowdim_workspace.py 116 run
Error executing job with overrides: ['name=train_diffusion_unet_lowdim', 'training.seed=0', 'training.num_epochs=50', 'training.checkpoint_every=50', 'training.rollout_every=50', 'checkpoint.topk.k=3', 'task.dataset.seed=0', 'task.dataset.val_ratio=0.04', '+task.dataset.dataset_mask_kwargs.train_ratio=0.64', '+task.dataset.dataset_mask_kwargs.uniform_quality=true', 'logging.name=20260720_cupid_square_smoke_train_diffusion_unet_lowdim_square_mh_0', 'logging.group=20260720_cupid_square_smoke', 'logging.project=cupid', 'multi_run.wandb_name_base=20260720_cupid_square_smoke_train_diffusion_unet_lowdim_square_mh_0', 'multi_run.run_dir=/home/xushijie/CUPID/repo/data/outputs/train/20260720_cupid_square_smoke/20260720_cupid_square_smoke_train_diffusion_unet_lowdim_square_mh_0']
Traceback (most recent call last):
  File "/home/__compress_data/xushijie/CUPID/repo/train.py", line 32, in main
    workspace.run()
  File "/home/__compress_data/xushijie/CUPID/repo/diffusion_policy/workspace/train_diffusion_unet_lowdim_workspace.py", line 116, in run
    wandb_run = wandb.init(
  File "/home/xushijie/.conda/envs/cupid/lib/python3.9/site-packages/wandb/sdk/wandb_init.py", line 1076, in init
    run = wi.init()
  File "/home/xushijie/.conda/envs/cupid/lib/python3.9/site-packages/wandb/sdk/wandb_init.py", line 718, in init
    raise UsageError(error_message)
wandb.errors.UsageError: Error communicating with wandb process
For more info see: https://docs.wandb.ai/library/init#init-start-error

Set the environment variable HYDRA_FULL_ERROR=1 for a complete stack trace.
Process Worker<AsyncVectorEnv>-27:
Traceback (most recent call last):
  File "/home/__compress_data/xushijie/CUPID/repo/diffusion_policy/gym_util/async_vector_env.py", line 622, in _worker_shared_memory
    command, data = pipe.recv()
  File "/home/xushijie/.conda/envs/cupid/lib/python3.9/multiprocessing/connection.py", line 250, in recv
    buf = self._recv_bytes()
  File "/home/xushijie/.conda/envs/cupid/lib/python3.9/multiprocessing/connection.py", line 414, in _recv_bytes
    buf = self._recv(4)
  File "/home/xushijie/.conda/envs/cupid/lib/python3.9/multiprocessing/connection.py", line 383, in _recv
    raise EOFError
EOFError

During handling of the above exception, another exception occurred:

Traceback (most recent call last):
  File "/home/xushijie/.conda/envs/cupid/lib/python3.9/multiprocessing/process.py", line 315, in _bootstrap
    self.run()
  File "/home/xushijie/.conda/envs/cupid/lib/python3.9/multiprocessing/process.py", line 108, in run
    self._target(*self._args, **self._kwargs)
  File "/home/__compress_data/xushijie/CUPID/repo/diffusion_policy/gym_util/async_vector_env.py", line 669, in _worker_shared_memory
    pipe.send((None, False))
  File "/home/xushijie/.conda/envs/cupid/lib/python3.9/multiprocessing/connection.py", line 206, in send
    self._send_bytes(_ForkingPickler.dumps(obj))
  File "/home/xushijie/.conda/envs/cupid/lib/python3.9/multiprocessing/connection.py", line 411, in _send_bytes
    self._send(header + buf)
  File "/home/xushijie/.conda/envs/cupid/lib/python3.9/multiprocessing/connection.py", line 368, in _send
    n = write(self._handle, buf)
BrokenPipeError: [Errno 32] Broken pipe
Process Worker<AsyncVectorEnv>-26:
Traceback (most recent call last):
  File "/home/__compress_data/xushijie/CUPID/repo/diffusion_policy/gym_util/async_vector_env.py", line 622, in _worker_shared_memory
    command, data = pipe.recv()
  File "/home/xushijie/.conda/envs/cupid/lib/python3.9/multiprocessing/connection.py", line 250, in recv
    buf = self._recv_bytes()
  File "/home/xushijie/.conda/envs/cupid/lib/python3.9/multiprocessing/connection.py", line 414, in _recv_bytes
    buf = self._recv(4)
  File "/home/xushijie/.conda/envs/cupid/lib/python3.9/multiprocessing/connection.py", line 383, in _recv
    raise EOFError
EOFError

During handling of the above exception, another exception occurred:

Traceback (most recent call last):
  File "/home/xushijie/.conda/envs/cupid/lib/python3.9/multiprocessing/process.py", line 315, in _bootstrap
    self.run()
  File "/home/xushijie/.conda/envs/cupid/lib/python3.9/multiprocessing/process.py", line 108, in run
    self._target(*self._args, **self._kwargs)
  File "/home/__compress_data/xushijie/CUPID/repo/diffusion_policy/gym_util/async_vector_env.py", line 669, in _worker_shared_memory
    pipe.send((None, False))
  File "/home/xushijie/.conda/envs/cupid/lib/python3.9/multiprocessing/connection.py", line 206, in send
    self._send_bytes(_ForkingPickler.dumps(obj))
  File "/home/xushijie/.conda/envs/cupid/lib/python3.9/multiprocessing/connection.py", line 411, in _send_bytes
    self._send(header + buf)
  File "/home/xushijie/.conda/envs/cupid/lib/python3.9/multiprocessing/connection.py", line 368, in _send
    n = write(self._handle, buf)
BrokenPipeError: [Errno 32] Broken pipe
Process Worker<AsyncVectorEnv>-25:
Traceback (most recent call last):
  File "/home/__compress_data/xushijie/CUPID/repo/diffusion_policy/gym_util/async_vector_env.py", line 622, in _worker_shared_memory
    command, data = pipe.recv()
  File "/home/xushijie/.conda/envs/cupid/lib/python3.9/multiprocessing/connection.py", line 250, in recv
    buf = self._recv_bytes()
  File "/home/xushijie/.conda/envs/cupid/lib/python3.9/multiprocessing/connection.py", line 414, in _recv_bytes
    buf = self._recv(4)
  File "/home/xushijie/.conda/envs/cupid/lib/python3.9/multiprocessing/connection.py", line 383, in _recv
    raise EOFError
EOFError

During handling of the above exception, another exception occurred:

Traceback (most recent call last):
  File "/home/xushijie/.conda/envs/cupid/lib/python3.9/multiprocessing/process.py", line 315, in _bootstrap
    self.run()
  File "/home/xushijie/.conda/envs/cupid/lib/python3.9/multiprocessing/process.py", line 108, in run
    self._target(*self._args, **self._kwargs)
  File "/home/__compress_data/xushijie/CUPID/repo/diffusion_policy/gym_util/async_vector_env.py", line 669, in _worker_shared_memory
    pipe.send((None, False))
  File "/home/xushijie/.conda/envs/cupid/lib/python3.9/multiprocessing/connection.py", line 206, in send
    self._send_bytes(_ForkingPickler.dumps(obj))
  File "/home/xushijie/.conda/envs/cupid/lib/python3.9/multiprocessing/connection.py", line 411, in _send_bytes
    self._send(header + buf)
  File "/home/xushijie/.conda/envs/cupid/lib/python3.9/multiprocessing/connection.py", line 368, in _send
    n = write(self._handle, buf)
BrokenPipeError: [Errno 32] Broken pipe
Process Worker<AsyncVectorEnv>-24:
Traceback (most recent call last):
  File "/home/__compress_data/xushijie/CUPID/repo/diffusion_policy/gym_util/async_vector_env.py", line 622, in _worker_shared_memory
    command, data = pipe.recv()
  File "/home/xushijie/.conda/envs/cupid/lib/python3.9/multiprocessing/connection.py", line 250, in recv
    buf = self._recv_bytes()
  File "/home/xushijie/.conda/envs/cupid/lib/python3.9/multiprocessing/connection.py", line 414, in _recv_bytes
    buf = self._recv(4)
  File "/home/xushijie/.conda/envs/cupid/lib/python3.9/multiprocessing/connection.py", line 383, in _recv
    raise EOFError
EOFError

During handling of the above exception, another exception occurred:

Traceback (most recent call last):
  File "/home/xushijie/.conda/envs/cupid/lib/python3.9/multiprocessing/process.py", line 315, in _bootstrap
    self.run()
  File "/home/xushijie/.conda/envs/cupid/lib/python3.9/multiprocessing/process.py", line 108, in run
    self._target(*self._args, **self._kwargs)
  File "/home/__compress_data/xushijie/CUPID/repo/diffusion_policy/gym_util/async_vector_env.py", line 669, in _worker_shared_memory
    pipe.send((None, False))
  File "/home/xushijie/.conda/envs/cupid/lib/python3.9/multiprocessing/connection.py", line 206, in send
    self._send_bytes(_ForkingPickler.dumps(obj))
  File "/home/xushijie/.conda/envs/cupid/lib/python3.9/multiprocessing/connection.py", line 411, in _send_bytes
    self._send(header + buf)
  File "/home/xushijie/.conda/envs/cupid/lib/python3.9/multiprocessing/connection.py", line 368, in _send
    n = write(self._handle, buf)
BrokenPipeError: [Errno 32] Broken pipe
Process Worker<AsyncVectorEnv>-23:
Traceback (most recent call last):
  File "/home/__compress_data/xushijie/CUPID/repo/diffusion_policy/gym_util/async_vector_env.py", line 622, in _worker_shared_memory
    command, data = pipe.recv()
  File "/home/xushijie/.conda/envs/cupid/lib/python3.9/multiprocessing/connection.py", line 250, in recv
    buf = self._recv_bytes()
  File "/home/xushijie/.conda/envs/cupid/lib/python3.9/multiprocessing/connection.py", line 414, in _recv_bytes
    buf = self._recv(4)
  File "/home/xushijie/.conda/envs/cupid/lib/python3.9/multiprocessing/connection.py", line 383, in _recv
    raise EOFError
EOFError

During handling of the above exception, another exception occurred:

Traceback (most recent call last):
  File "/home/xushijie/.conda/envs/cupid/lib/python3.9/multiprocessing/process.py", line 315, in _bootstrap
    self.run()
  File "/home/xushijie/.conda/envs/cupid/lib/python3.9/multiprocessing/process.py", line 108, in run
    self._target(*self._args, **self._kwargs)
  File "/home/__compress_data/xushijie/CUPID/repo/diffusion_policy/gym_util/async_vector_env.py", line 669, in _worker_shared_memory
    pipe.send((None, False))
  File "/home/xushijie/.conda/envs/cupid/lib/python3.9/multiprocessing/connection.py", line 206, in send
    self._send_bytes(_ForkingPickler.dumps(obj))
  File "/home/xushijie/.conda/envs/cupid/lib/python3.9/multiprocessing/connection.py", line 411, in _send_bytes
    self._send(header + buf)
  File "/home/xushijie/.conda/envs/cupid/lib/python3.9/multiprocessing/connection.py", line 368, in _send
    n = write(self._handle, buf)
BrokenPipeError: [Errno 32] Broken pipe
Process Worker<AsyncVectorEnv>-22:
Traceback (most recent call last):
  File "/home/__compress_data/xushijie/CUPID/repo/diffusion_policy/gym_util/async_vector_env.py", line 622, in _worker_shared_memory
    command, data = pipe.recv()
  File "/home/xushijie/.conda/envs/cupid/lib/python3.9/multiprocessing/connection.py", line 250, in recv
    buf = self._recv_bytes()
  File "/home/xushijie/.conda/envs/cupid/lib/python3.9/multiprocessing/connection.py", line 414, in _recv_bytes
    buf = self._recv(4)
  File "/home/xushijie/.conda/envs/cupid/lib/python3.9/multiprocessing/connection.py", line 383, in _recv
    raise EOFError
EOFError

During handling of the above exception, another exception occurred:

Traceback (most recent call last):
  File "/home/xushijie/.conda/envs/cupid/lib/python3.9/multiprocessing/process.py", line 315, in _bootstrap
    self.run()
  File "/home/xushijie/.conda/envs/cupid/lib/python3.9/multiprocessing/process.py", line 108, in run
    self._target(*self._args, **self._kwargs)
  File "/home/__compress_data/xushijie/CUPID/repo/diffusion_policy/gym_util/async_vector_env.py", line 669, in _worker_shared_memory
    pipe.send((None, False))
  File "/home/xushijie/.conda/envs/cupid/lib/python3.9/multiprocessing/connection.py", line 206, in send
    self._send_bytes(_ForkingPickler.dumps(obj))
  File "/home/xushijie/.conda/envs/cupid/lib/python3.9/multiprocessing/connection.py", line 411, in _send_bytes
    self._send(header + buf)
  File "/home/xushijie/.conda/envs/cupid/lib/python3.9/multiprocessing/connection.py", line 368, in _send
    n = write(self._handle, buf)
BrokenPipeError: [Errno 32] Broken pipe
Process Worker<AsyncVectorEnv>-21:
Traceback (most recent call last):
  File "/home/__compress_data/xushijie/CUPID/repo/diffusion_policy/gym_util/async_vector_env.py", line 622, in _worker_shared_memory
    command, data = pipe.recv()
  File "/home/xushijie/.conda/envs/cupid/lib/python3.9/multiprocessing/connection.py", line 250, in recv
    buf = self._recv_bytes()
  File "/home/xushijie/.conda/envs/cupid/lib/python3.9/multiprocessing/connection.py", line 414, in _recv_bytes
    buf = self._recv(4)
  File "/home/xushijie/.conda/envs/cupid/lib/python3.9/multiprocessing/connection.py", line 383, in _recv
    raise EOFError
EOFError

During handling of the above exception, another exception occurred:

Traceback (most recent call last):
  File "/home/xushijie/.conda/envs/cupid/lib/python3.9/multiprocessing/process.py", line 315, in _bootstrap
    self.run()
  File "/home/xushijie/.conda/envs/cupid/lib/python3.9/multiprocessing/process.py", line 108, in run
    self._target(*self._args, **self._kwargs)
  File "/home/__compress_data/xushijie/CUPID/repo/diffusion_policy/gym_util/async_vector_env.py", line 669, in _worker_shared_memory
    pipe.send((None, False))
  File "/home/xushijie/.conda/envs/cupid/lib/python3.9/multiprocessing/connection.py", line 206, in send
    self._send_bytes(_ForkingPickler.dumps(obj))
  File "/home/xushijie/.conda/envs/cupid/lib/python3.9/multiprocessing/connection.py", line 411, in _send_bytes
    self._send(header + buf)
  File "/home/xushijie/.conda/envs/cupid/lib/python3.9/multiprocessing/connection.py", line 368, in _send
    n = write(self._handle, buf)
BrokenPipeError: [Errno 32] Broken pipe
Process Worker<AsyncVectorEnv>-20:
Traceback (most recent call last):
  File "/home/__compress_data/xushijie/CUPID/repo/diffusion_policy/gym_util/async_vector_env.py", line 622, in _worker_shared_memory
    command, data = pipe.recv()
  File "/home/xushijie/.conda/envs/cupid/lib/python3.9/multiprocessing/connection.py", line 250, in recv
    buf = self._recv_bytes()
  File "/home/xushijie/.conda/envs/cupid/lib/python3.9/multiprocessing/connection.py", line 414, in _recv_bytes
    buf = self._recv(4)
  File "/home/xushijie/.conda/envs/cupid/lib/python3.9/multiprocessing/connection.py", line 383, in _recv
    raise EOFError
EOFError

During handling of the above exception, another exception occurred:

Traceback (most recent call last):
  File "/home/xushijie/.conda/envs/cupid/lib/python3.9/multiprocessing/process.py", line 315, in _bootstrap
    self.run()
  File "/home/xushijie/.conda/envs/cupid/lib/python3.9/multiprocessing/process.py", line 108, in run
    self._target(*self._args, **self._kwargs)
  File "/home/__compress_data/xushijie/CUPID/repo/diffusion_policy/gym_util/async_vector_env.py", line 669, in _worker_shared_memory
    pipe.send((None, False))
  File "/home/xushijie/.conda/envs/cupid/lib/python3.9/multiprocessing/connection.py", line 206, in send
    self._send_bytes(_ForkingPickler.dumps(obj))
  File "/home/xushijie/.conda/envs/cupid/lib/python3.9/multiprocessing/connection.py", line 411, in _send_bytes
    self._send(header + buf)
  File "/home/xushijie/.conda/envs/cupid/lib/python3.9/multiprocessing/connection.py", line 368, in _send
    n = write(self._handle, buf)
BrokenPipeError: [Errno 32] Broken pipe
Process Worker<AsyncVectorEnv>-19:
Traceback (most recent call last):
  File "/home/__compress_data/xushijie/CUPID/repo/diffusion_policy/gym_util/async_vector_env.py", line 622, in _worker_shared_memory
    command, data = pipe.recv()
  File "/home/xushijie/.conda/envs/cupid/lib/python3.9/multiprocessing/connection.py", line 250, in recv
    buf = self._recv_bytes()
  File "/home/xushijie/.conda/envs/cupid/lib/python3.9/multiprocessing/connection.py", line 414, in _recv_bytes
    buf = self._recv(4)
  File "/home/xushijie/.conda/envs/cupid/lib/python3.9/multiprocessing/connection.py", line 383, in _recv
    raise EOFError
EOFError

During handling of the above exception, another exception occurred:

Traceback (most recent call last):
  File "/home/xushijie/.conda/envs/cupid/lib/python3.9/multiprocessing/process.py", line 315, in _bootstrap
    self.run()
  File "/home/xushijie/.conda/envs/cupid/lib/python3.9/multiprocessing/process.py", line 108, in run
    self._target(*self._args, **self._kwargs)
  File "/home/__compress_data/xushijie/CUPID/repo/diffusion_policy/gym_util/async_vector_env.py", line 669, in _worker_shared_memory
    pipe.send((None, False))
  File "/home/xushijie/.conda/envs/cupid/lib/python3.9/multiprocessing/connection.py", line 206, in send
    self._send_bytes(_ForkingPickler.dumps(obj))
  File "/home/xushijie/.conda/envs/cupid/lib/python3.9/multiprocessing/connection.py", line 411, in _send_bytes
    self._send(header + buf)
  File "/home/xushijie/.conda/envs/cupid/lib/python3.9/multiprocessing/connection.py", line 368, in _send
    n = write(self._handle, buf)
BrokenPipeError: [Errno 32] Broken pipe
Process Worker<AsyncVectorEnv>-18:
Traceback (most recent call last):
  File "/home/__compress_data/xushijie/CUPID/repo/diffusion_policy/gym_util/async_vector_env.py", line 622, in _worker_shared_memory
    command, data = pipe.recv()
  File "/home/xushijie/.conda/envs/cupid/lib/python3.9/multiprocessing/connection.py", line 250, in recv
    buf = self._recv_bytes()
  File "/home/xushijie/.conda/envs/cupid/lib/python3.9/multiprocessing/connection.py", line 414, in _recv_bytes
    buf = self._recv(4)
  File "/home/xushijie/.conda/envs/cupid/lib/python3.9/multiprocessing/connection.py", line 383, in _recv
    raise EOFError
EOFError

During handling of the above exception, another exception occurred:

Traceback (most recent call last):
  File "/home/xushijie/.conda/envs/cupid/lib/python3.9/multiprocessing/process.py", line 315, in _bootstrap
    self.run()
  File "/home/xushijie/.conda/envs/cupid/lib/python3.9/multiprocessing/process.py", line 108, in run
    self._target(*self._args, **self._kwargs)
  File "/home/__compress_data/xushijie/CUPID/repo/diffusion_policy/gym_util/async_vector_env.py", line 669, in _worker_shared_memory
    pipe.send((None, False))
  File "/home/xushijie/.conda/envs/cupid/lib/python3.9/multiprocessing/connection.py", line 206, in send
    self._send_bytes(_ForkingPickler.dumps(obj))
  File "/home/xushijie/.conda/envs/cupid/lib/python3.9/multiprocessing/connection.py", line 411, in _send_bytes
    self._send(header + buf)
  File "/home/xushijie/.conda/envs/cupid/lib/python3.9/multiprocessing/connection.py", line 368, in _send
    n = write(self._handle, buf)
BrokenPipeError: [Errno 32] Broken pipe
Process Worker<AsyncVectorEnv>-17:
Traceback (most recent call last):
  File "/home/__compress_data/xushijie/CUPID/repo/diffusion_policy/gym_util/async_vector_env.py", line 622, in _worker_shared_memory
    command, data = pipe.recv()
  File "/home/xushijie/.conda/envs/cupid/lib/python3.9/multiprocessing/connection.py", line 250, in recv
    buf = self._recv_bytes()
  File "/home/xushijie/.conda/envs/cupid/lib/python3.9/multiprocessing/connection.py", line 414, in _recv_bytes
    buf = self._recv(4)
  File "/home/xushijie/.conda/envs/cupid/lib/python3.9/multiprocessing/connection.py", line 383, in _recv
    raise EOFError
EOFError

During handling of the above exception, another exception occurred:

Traceback (most recent call last):
  File "/home/xushijie/.conda/envs/cupid/lib/python3.9/multiprocessing/process.py", line 315, in _bootstrap
    self.run()
  File "/home/xushijie/.conda/envs/cupid/lib/python3.9/multiprocessing/process.py", line 108, in run
    self._target(*self._args, **self._kwargs)
  File "/home/__compress_data/xushijie/CUPID/repo/diffusion_policy/gym_util/async_vector_env.py", line 669, in _worker_shared_memory
    pipe.send((None, False))
  File "/home/xushijie/.conda/envs/cupid/lib/python3.9/multiprocessing/connection.py", line 206, in send
    self._send_bytes(_ForkingPickler.dumps(obj))
  File "/home/xushijie/.conda/envs/cupid/lib/python3.9/multiprocessing/connection.py", line 411, in _send_bytes
    self._send(header + buf)
  File "/home/xushijie/.conda/envs/cupid/lib/python3.9/multiprocessing/connection.py", line 368, in _send
    n = write(self._handle, buf)
BrokenPipeError: [Errno 32] Broken pipe
Process Worker<AsyncVectorEnv>-16:
Traceback (most recent call last):
  File "/home/__compress_data/xushijie/CUPID/repo/diffusion_policy/gym_util/async_vector_env.py", line 622, in _worker_shared_memory
    command, data = pipe.recv()
  File "/home/xushijie/.conda/envs/cupid/lib/python3.9/multiprocessing/connection.py", line 250, in recv
    buf = self._recv_bytes()
  File "/home/xushijie/.conda/envs/cupid/lib/python3.9/multiprocessing/connection.py", line 414, in _recv_bytes
    buf = self._recv(4)
  File "/home/xushijie/.conda/envs/cupid/lib/python3.9/multiprocessing/connection.py", line 383, in _recv
    raise EOFError
EOFError

During handling of the above exception, another exception occurred:

Traceback (most recent call last):
  File "/home/xushijie/.conda/envs/cupid/lib/python3.9/multiprocessing/process.py", line 315, in _bootstrap
    self.run()
  File "/home/xushijie/.conda/envs/cupid/lib/python3.9/multiprocessing/process.py", line 108, in run
    self._target(*self._args, **self._kwargs)
  File "/home/__compress_data/xushijie/CUPID/repo/diffusion_policy/gym_util/async_vector_env.py", line 669, in _worker_shared_memory
    pipe.send((None, False))
  File "/home/xushijie/.conda/envs/cupid/lib/python3.9/multiprocessing/connection.py", line 206, in send
    self._send_bytes(_ForkingPickler.dumps(obj))
  File "/home/xushijie/.conda/envs/cupid/lib/python3.9/multiprocessing/connection.py", line 411, in _send_bytes
    self._send(header + buf)
  File "/home/xushijie/.conda/envs/cupid/lib/python3.9/multiprocessing/connection.py", line 368, in _send
    n = write(self._handle, buf)
BrokenPipeError: [Errno 32] Broken pipe
Process Worker<AsyncVectorEnv>-15:
Traceback (most recent call last):
  File "/home/__compress_data/xushijie/CUPID/repo/diffusion_policy/gym_util/async_vector_env.py", line 622, in _worker_shared_memory
    command, data = pipe.recv()
  File "/home/xushijie/.conda/envs/cupid/lib/python3.9/multiprocessing/connection.py", line 250, in recv
    buf = self._recv_bytes()
  File "/home/xushijie/.conda/envs/cupid/lib/python3.9/multiprocessing/connection.py", line 414, in _recv_bytes
    buf = self._recv(4)
  File "/home/xushijie/.conda/envs/cupid/lib/python3.9/multiprocessing/connection.py", line 383, in _recv
    raise EOFError
EOFError

During handling of the above exception, another exception occurred:

Traceback (most recent call last):
  File "/home/xushijie/.conda/envs/cupid/lib/python3.9/multiprocessing/process.py", line 315, in _bootstrap
    self.run()
  File "/home/xushijie/.conda/envs/cupid/lib/python3.9/multiprocessing/process.py", line 108, in run
    self._target(*self._args, **self._kwargs)
  File "/home/__compress_data/xushijie/CUPID/repo/diffusion_policy/gym_util/async_vector_env.py", line 669, in _worker_shared_memory
    pipe.send((None, False))
  File "/home/xushijie/.conda/envs/cupid/lib/python3.9/multiprocessing/connection.py", line 206, in send
    self._send_bytes(_ForkingPickler.dumps(obj))
  File "/home/xushijie/.conda/envs/cupid/lib/python3.9/multiprocessing/connection.py", line 411, in _send_bytes
    self._send(header + buf)
  File "/home/xushijie/.conda/envs/cupid/lib/python3.9/multiprocessing/connection.py", line 368, in _send
    n = write(self._handle, buf)
BrokenPipeError: [Errno 32] Broken pipe
Process Worker<AsyncVectorEnv>-14:
Traceback (most recent call last):
  File "/home/__compress_data/xushijie/CUPID/repo/diffusion_policy/gym_util/async_vector_env.py", line 622, in _worker_shared_memory
    command, data = pipe.recv()
  File "/home/xushijie/.conda/envs/cupid/lib/python3.9/multiprocessing/connection.py", line 250, in recv
    buf = self._recv_bytes()
  File "/home/xushijie/.conda/envs/cupid/lib/python3.9/multiprocessing/connection.py", line 414, in _recv_bytes
    buf = self._recv(4)
  File "/home/xushijie/.conda/envs/cupid/lib/python3.9/multiprocessing/connection.py", line 383, in _recv
    raise EOFError
EOFError

During handling of the above exception, another exception occurred:

Traceback (most recent call last):
  File "/home/xushijie/.conda/envs/cupid/lib/python3.9/multiprocessing/process.py", line 315, in _bootstrap
    self.run()
  File "/home/xushijie/.conda/envs/cupid/lib/python3.9/multiprocessing/process.py", line 108, in run
    self._target(*self._args, **self._kwargs)
  File "/home/__compress_data/xushijie/CUPID/repo/diffusion_policy/gym_util/async_vector_env.py", line 669, in _worker_shared_memory
    pipe.send((None, False))
  File "/home/xushijie/.conda/envs/cupid/lib/python3.9/multiprocessing/connection.py", line 206, in send
    self._send_bytes(_ForkingPickler.dumps(obj))
  File "/home/xushijie/.conda/envs/cupid/lib/python3.9/multiprocessing/connection.py", line 411, in _send_bytes
    self._send(header + buf)
  File "/home/xushijie/.conda/envs/cupid/lib/python3.9/multiprocessing/connection.py", line 368, in _send
    n = write(self._handle, buf)
BrokenPipeError: [Errno 32] Broken pipe
Process Worker<AsyncVectorEnv>-13:
Traceback (most recent call last):
  File "/home/__compress_data/xushijie/CUPID/repo/diffusion_policy/gym_util/async_vector_env.py", line 622, in _worker_shared_memory
    command, data = pipe.recv()
  File "/home/xushijie/.conda/envs/cupid/lib/python3.9/multiprocessing/connection.py", line 250, in recv
    buf = self._recv_bytes()
  File "/home/xushijie/.conda/envs/cupid/lib/python3.9/multiprocessing/connection.py", line 414, in _recv_bytes
    buf = self._recv(4)
  File "/home/xushijie/.conda/envs/cupid/lib/python3.9/multiprocessing/connection.py", line 383, in _recv
    raise EOFError
EOFError

During handling of the above exception, another exception occurred:

Traceback (most recent call last):
  File "/home/xushijie/.conda/envs/cupid/lib/python3.9/multiprocessing/process.py", line 315, in _bootstrap
    self.run()
  File "/home/xushijie/.conda/envs/cupid/lib/python3.9/multiprocessing/process.py", line 108, in run
    self._target(*self._args, **self._kwargs)
  File "/home/__compress_data/xushijie/CUPID/repo/diffusion_policy/gym_util/async_vector_env.py", line 669, in _worker_shared_memory
    pipe.send((None, False))
  File "/home/xushijie/.conda/envs/cupid/lib/python3.9/multiprocessing/connection.py", line 206, in send
    self._send_bytes(_ForkingPickler.dumps(obj))
  File "/home/xushijie/.conda/envs/cupid/lib/python3.9/multiprocessing/connection.py", line 411, in _send_bytes
    self._send(header + buf)
  File "/home/xushijie/.conda/envs/cupid/lib/python3.9/multiprocessing/connection.py", line 368, in _send
    n = write(self._handle, buf)
BrokenPipeError: [Errno 32] Broken pipe
Process Worker<AsyncVectorEnv>-12:
Traceback (most recent call last):
  File "/home/__compress_data/xushijie/CUPID/repo/diffusion_policy/gym_util/async_vector_env.py", line 622, in _worker_shared_memory
    command, data = pipe.recv()
  File "/home/xushijie/.conda/envs/cupid/lib/python3.9/multiprocessing/connection.py", line 250, in recv
    buf = self._recv_bytes()
  File "/home/xushijie/.conda/envs/cupid/lib/python3.9/multiprocessing/connection.py", line 414, in _recv_bytes
    buf = self._recv(4)
  File "/home/xushijie/.conda/envs/cupid/lib/python3.9/multiprocessing/connection.py", line 383, in _recv
    raise EOFError
EOFError

During handling of the above exception, another exception occurred:

Traceback (most recent call last):
  File "/home/xushijie/.conda/envs/cupid/lib/python3.9/multiprocessing/process.py", line 315, in _bootstrap
    self.run()
  File "/home/xushijie/.conda/envs/cupid/lib/python3.9/multiprocessing/process.py", line 108, in run
    self._target(*self._args, **self._kwargs)
  File "/home/__compress_data/xushijie/CUPID/repo/diffusion_policy/gym_util/async_vector_env.py", line 669, in _worker_shared_memory
    pipe.send((None, False))
  File "/home/xushijie/.conda/envs/cupid/lib/python3.9/multiprocessing/connection.py", line 206, in send
    self._send_bytes(_ForkingPickler.dumps(obj))
  File "/home/xushijie/.conda/envs/cupid/lib/python3.9/multiprocessing/connection.py", line 411, in _send_bytes
    self._send(header + buf)
  File "/home/xushijie/.conda/envs/cupid/lib/python3.9/multiprocessing/connection.py", line 368, in _send
    n = write(self._handle, buf)
BrokenPipeError: [Errno 32] Broken pipe
Process Worker<AsyncVectorEnv>-11:
Traceback (most recent call last):
  File "/home/__compress_data/xushijie/CUPID/repo/diffusion_policy/gym_util/async_vector_env.py", line 622, in _worker_shared_memory
    command, data = pipe.recv()
  File "/home/xushijie/.conda/envs/cupid/lib/python3.9/multiprocessing/connection.py", line 250, in recv
    buf = self._recv_bytes()
  File "/home/xushijie/.conda/envs/cupid/lib/python3.9/multiprocessing/connection.py", line 414, in _recv_bytes
    buf = self._recv(4)
  File "/home/xushijie/.conda/envs/cupid/lib/python3.9/multiprocessing/connection.py", line 383, in _recv
    raise EOFError
EOFError

During handling of the above exception, another exception occurred:

Traceback (most recent call last):
  File "/home/xushijie/.conda/envs/cupid/lib/python3.9/multiprocessing/process.py", line 315, in _bootstrap
    self.run()
  File "/home/xushijie/.conda/envs/cupid/lib/python3.9/multiprocessing/process.py", line 108, in run
    self._target(*self._args, **self._kwargs)
  File "/home/__compress_data/xushijie/CUPID/repo/diffusion_policy/gym_util/async_vector_env.py", line 669, in _worker_shared_memory
    pipe.send((None, False))
  File "/home/xushijie/.conda/envs/cupid/lib/python3.9/multiprocessing/connection.py", line 206, in send
    self._send_bytes(_ForkingPickler.dumps(obj))
  File "/home/xushijie/.conda/envs/cupid/lib/python3.9/multiprocessing/connection.py", line 411, in _send_bytes
    self._send(header + buf)
  File "/home/xushijie/.conda/envs/cupid/lib/python3.9/multiprocessing/connection.py", line 368, in _send
    n = write(self._handle, buf)
BrokenPipeError: [Errno 32] Broken pipe
Process Worker<AsyncVectorEnv>-10:
Traceback (most recent call last):
  File "/home/__compress_data/xushijie/CUPID/repo/diffusion_policy/gym_util/async_vector_env.py", line 622, in _worker_shared_memory
    command, data = pipe.recv()
  File "/home/xushijie/.conda/envs/cupid/lib/python3.9/multiprocessing/connection.py", line 250, in recv
    buf = self._recv_bytes()
  File "/home/xushijie/.conda/envs/cupid/lib/python3.9/multiprocessing/connection.py", line 414, in _recv_bytes
    buf = self._recv(4)
  File "/home/xushijie/.conda/envs/cupid/lib/python3.9/multiprocessing/connection.py", line 383, in _recv
    raise EOFError
EOFError

During handling of the above exception, another exception occurred:

Traceback (most recent call last):
  File "/home/xushijie/.conda/envs/cupid/lib/python3.9/multiprocessing/process.py", line 315, in _bootstrap
    self.run()
  File "/home/xushijie/.conda/envs/cupid/lib/python3.9/multiprocessing/process.py", line 108, in run
    self._target(*self._args, **self._kwargs)
  File "/home/__compress_data/xushijie/CUPID/repo/diffusion_policy/gym_util/async_vector_env.py", line 669, in _worker_shared_memory
    pipe.send((None, False))
  File "/home/xushijie/.conda/envs/cupid/lib/python3.9/multiprocessing/connection.py", line 206, in send
    self._send_bytes(_ForkingPickler.dumps(obj))
  File "/home/xushijie/.conda/envs/cupid/lib/python3.9/multiprocessing/connection.py", line 411, in _send_bytes
    self._send(header + buf)
  File "/home/xushijie/.conda/envs/cupid/lib/python3.9/multiprocessing/connection.py", line 368, in _send
    n = write(self._handle, buf)
BrokenPipeError: [Errno 32] Broken pipe
Process Worker<AsyncVectorEnv>-9:
Traceback (most recent call last):
  File "/home/__compress_data/xushijie/CUPID/repo/diffusion_policy/gym_util/async_vector_env.py", line 622, in _worker_shared_memory
    command, data = pipe.recv()
  File "/home/xushijie/.conda/envs/cupid/lib/python3.9/multiprocessing/connection.py", line 250, in recv
    buf = self._recv_bytes()
  File "/home/xushijie/.conda/envs/cupid/lib/python3.9/multiprocessing/connection.py", line 414, in _recv_bytes
    buf = self._recv(4)
  File "/home/xushijie/.conda/envs/cupid/lib/python3.9/multiprocessing/connection.py", line 383, in _recv
    raise EOFError
EOFError

During handling of the above exception, another exception occurred:

Traceback (most recent call last):
  File "/home/xushijie/.conda/envs/cupid/lib/python3.9/multiprocessing/process.py", line 315, in _bootstrap
    self.run()
  File "/home/xushijie/.conda/envs/cupid/lib/python3.9/multiprocessing/process.py", line 108, in run
    self._target(*self._args, **self._kwargs)
  File "/home/__compress_data/xushijie/CUPID/repo/diffusion_policy/gym_util/async_vector_env.py", line 669, in _worker_shared_memory
    pipe.send((None, False))
  File "/home/xushijie/.conda/envs/cupid/lib/python3.9/multiprocessing/connection.py", line 206, in send
    self._send_bytes(_ForkingPickler.dumps(obj))
  File "/home/xushijie/.conda/envs/cupid/lib/python3.9/multiprocessing/connection.py", line 411, in _send_bytes
    self._send(header + buf)
  File "/home/xushijie/.conda/envs/cupid/lib/python3.9/multiprocessing/connection.py", line 368, in _send
    n = write(self._handle, buf)
BrokenPipeError: [Errno 32] Broken pipe
Process Worker<AsyncVectorEnv>-8:
Traceback (most recent call last):
  File "/home/__compress_data/xushijie/CUPID/repo/diffusion_policy/gym_util/async_vector_env.py", line 622, in _worker_shared_memory
    command, data = pipe.recv()
  File "/home/xushijie/.conda/envs/cupid/lib/python3.9/multiprocessing/connection.py", line 250, in recv
    buf = self._recv_bytes()
  File "/home/xushijie/.conda/envs/cupid/lib/python3.9/multiprocessing/connection.py", line 414, in _recv_bytes
    buf = self._recv(4)
  File "/home/xushijie/.conda/envs/cupid/lib/python3.9/multiprocessing/connection.py", line 383, in _recv
    raise EOFError
EOFError

During handling of the above exception, another exception occurred:

Traceback (most recent call last):
  File "/home/xushijie/.conda/envs/cupid/lib/python3.9/multiprocessing/process.py", line 315, in _bootstrap
    self.run()
  File "/home/xushijie/.conda/envs/cupid/lib/python3.9/multiprocessing/process.py", line 108, in run
    self._target(*self._args, **self._kwargs)
  File "/home/__compress_data/xushijie/CUPID/repo/diffusion_policy/gym_util/async_vector_env.py", line 669, in _worker_shared_memory
    pipe.send((None, False))
  File "/home/xushijie/.conda/envs/cupid/lib/python3.9/multiprocessing/connection.py", line 206, in send
    self._send_bytes(_ForkingPickler.dumps(obj))
  File "/home/xushijie/.conda/envs/cupid/lib/python3.9/multiprocessing/connection.py", line 411, in _send_bytes
    self._send(header + buf)
  File "/home/xushijie/.conda/envs/cupid/lib/python3.9/multiprocessing/connection.py", line 368, in _send
    n = write(self._handle, buf)
BrokenPipeError: [Errno 32] Broken pipe
Process Worker<AsyncVectorEnv>-7:
Traceback (most recent call last):
  File "/home/__compress_data/xushijie/CUPID/repo/diffusion_policy/gym_util/async_vector_env.py", line 622, in _worker_shared_memory
    command, data = pipe.recv()
  File "/home/xushijie/.conda/envs/cupid/lib/python3.9/multiprocessing/connection.py", line 250, in recv
    buf = self._recv_bytes()
  File "/home/xushijie/.conda/envs/cupid/lib/python3.9/multiprocessing/connection.py", line 414, in _recv_bytes
    buf = self._recv(4)
  File "/home/xushijie/.conda/envs/cupid/lib/python3.9/multiprocessing/connection.py", line 383, in _recv
    raise EOFError
EOFError

During handling of the above exception, another exception occurred:

Traceback (most recent call last):
  File "/home/xushijie/.conda/envs/cupid/lib/python3.9/multiprocessing/process.py", line 315, in _bootstrap
    self.run()
  File "/home/xushijie/.conda/envs/cupid/lib/python3.9/multiprocessing/process.py", line 108, in run
    self._target(*self._args, **self._kwargs)
  File "/home/__compress_data/xushijie/CUPID/repo/diffusion_policy/gym_util/async_vector_env.py", line 669, in _worker_shared_memory
    pipe.send((None, False))
  File "/home/xushijie/.conda/envs/cupid/lib/python3.9/multiprocessing/connection.py", line 206, in send
    self._send_bytes(_ForkingPickler.dumps(obj))
  File "/home/xushijie/.conda/envs/cupid/lib/python3.9/multiprocessing/connection.py", line 411, in _send_bytes
    self._send(header + buf)
  File "/home/xushijie/.conda/envs/cupid/lib/python3.9/multiprocessing/connection.py", line 368, in _send
    n = write(self._handle, buf)
BrokenPipeError: [Errno 32] Broken pipe
Process Worker<AsyncVectorEnv>-6:
Traceback (most recent call last):
  File "/home/__compress_data/xushijie/CUPID/repo/diffusion_policy/gym_util/async_vector_env.py", line 622, in _worker_shared_memory
    command, data = pipe.recv()
  File "/home/xushijie/.conda/envs/cupid/lib/python3.9/multiprocessing/connection.py", line 250, in recv
    buf = self._recv_bytes()
  File "/home/xushijie/.conda/envs/cupid/lib/python3.9/multiprocessing/connection.py", line 414, in _recv_bytes
    buf = self._recv(4)
  File "/home/xushijie/.conda/envs/cupid/lib/python3.9/multiprocessing/connection.py", line 383, in _recv
    raise EOFError
EOFError

During handling of the above exception, another exception occurred:

Traceback (most recent call last):
  File "/home/xushijie/.conda/envs/cupid/lib/python3.9/multiprocessing/process.py", line 315, in _bootstrap
    self.run()
  File "/home/xushijie/.conda/envs/cupid/lib/python3.9/multiprocessing/process.py", line 108, in run
    self._target(*self._args, **self._kwargs)
  File "/home/__compress_data/xushijie/CUPID/repo/diffusion_policy/gym_util/async_vector_env.py", line 669, in _worker_shared_memory
    pipe.send((None, False))
  File "/home/xushijie/.conda/envs/cupid/lib/python3.9/multiprocessing/connection.py", line 206, in send
    self._send_bytes(_ForkingPickler.dumps(obj))
  File "/home/xushijie/.conda/envs/cupid/lib/python3.9/multiprocessing/connection.py", line 411, in _send_bytes
    self._send(header + buf)
  File "/home/xushijie/.conda/envs/cupid/lib/python3.9/multiprocessing/connection.py", line 368, in _send
    n = write(self._handle, buf)
BrokenPipeError: [Errno 32] Broken pipe
Process Worker<AsyncVectorEnv>-5:
Traceback (most recent call last):
  File "/home/__compress_data/xushijie/CUPID/repo/diffusion_policy/gym_util/async_vector_env.py", line 622, in _worker_shared_memory
    command, data = pipe.recv()
  File "/home/xushijie/.conda/envs/cupid/lib/python3.9/multiprocessing/connection.py", line 250, in recv
    buf = self._recv_bytes()
  File "/home/xushijie/.conda/envs/cupid/lib/python3.9/multiprocessing/connection.py", line 414, in _recv_bytes
    buf = self._recv(4)
  File "/home/xushijie/.conda/envs/cupid/lib/python3.9/multiprocessing/connection.py", line 383, in _recv
    raise EOFError
EOFError

During handling of the above exception, another exception occurred:

Traceback (most recent call last):
  File "/home/xushijie/.conda/envs/cupid/lib/python3.9/multiprocessing/process.py", line 315, in _bootstrap
    self.run()
  File "/home/xushijie/.conda/envs/cupid/lib/python3.9/multiprocessing/process.py", line 108, in run
    self._target(*self._args, **self._kwargs)
  File "/home/__compress_data/xushijie/CUPID/repo/diffusion_policy/gym_util/async_vector_env.py", line 669, in _worker_shared_memory
    pipe.send((None, False))
  File "/home/xushijie/.conda/envs/cupid/lib/python3.9/multiprocessing/connection.py", line 206, in send
    self._send_bytes(_ForkingPickler.dumps(obj))
  File "/home/xushijie/.conda/envs/cupid/lib/python3.9/multiprocessing/connection.py", line 411, in _send_bytes
    self._send(header + buf)
  File "/home/xushijie/.conda/envs/cupid/lib/python3.9/multiprocessing/connection.py", line 368, in _send
    n = write(self._handle, buf)
BrokenPipeError: [Errno 32] Broken pipe
Process Worker<AsyncVectorEnv>-4:
Traceback (most recent call last):
  File "/home/__compress_data/xushijie/CUPID/repo/diffusion_policy/gym_util/async_vector_env.py", line 622, in _worker_shared_memory
    command, data = pipe.recv()
  File "/home/xushijie/.conda/envs/cupid/lib/python3.9/multiprocessing/connection.py", line 250, in recv
    buf = self._recv_bytes()
  File "/home/xushijie/.conda/envs/cupid/lib/python3.9/multiprocessing/connection.py", line 414, in _recv_bytes
    buf = self._recv(4)
  File "/home/xushijie/.conda/envs/cupid/lib/python3.9/multiprocessing/connection.py", line 383, in _recv
    raise EOFError
EOFError

During handling of the above exception, another exception occurred:

Traceback (most recent call last):
  File "/home/xushijie/.conda/envs/cupid/lib/python3.9/multiprocessing/process.py", line 315, in _bootstrap
    self.run()
  File "/home/xushijie/.conda/envs/cupid/lib/python3.9/multiprocessing/process.py", line 108, in run
    self._target(*self._args, **self._kwargs)
  File "/home/__compress_data/xushijie/CUPID/repo/diffusion_policy/gym_util/async_vector_env.py", line 669, in _worker_shared_memory
    pipe.send((None, False))
  File "/home/xushijie/.conda/envs/cupid/lib/python3.9/multiprocessing/connection.py", line 206, in send
    self._send_bytes(_ForkingPickler.dumps(obj))
  File "/home/xushijie/.conda/envs/cupid/lib/python3.9/multiprocessing/connection.py", line 411, in _send_bytes
    self._send(header + buf)
  File "/home/xushijie/.conda/envs/cupid/lib/python3.9/multiprocessing/connection.py", line 368, in _send
    n = write(self._handle, buf)
BrokenPipeError: [Errno 32] Broken pipe
Process Worker<AsyncVectorEnv>-3:
Traceback (most recent call last):
  File "/home/__compress_data/xushijie/CUPID/repo/diffusion_policy/gym_util/async_vector_env.py", line 622, in _worker_shared_memory
    command, data = pipe.recv()
  File "/home/xushijie/.conda/envs/cupid/lib/python3.9/multiprocessing/connection.py", line 250, in recv
    buf = self._recv_bytes()
  File "/home/xushijie/.conda/envs/cupid/lib/python3.9/multiprocessing/connection.py", line 414, in _recv_bytes
    buf = self._recv(4)
  File "/home/xushijie/.conda/envs/cupid/lib/python3.9/multiprocessing/connection.py", line 383, in _recv
    raise EOFError
EOFError

During handling of the above exception, another exception occurred:

Traceback (most recent call last):
  File "/home/xushijie/.conda/envs/cupid/lib/python3.9/multiprocessing/process.py", line 315, in _bootstrap
    self.run()
  File "/home/xushijie/.conda/envs/cupid/lib/python3.9/multiprocessing/process.py", line 108, in run
    self._target(*self._args, **self._kwargs)
  File "/home/__compress_data/xushijie/CUPID/repo/diffusion_policy/gym_util/async_vector_env.py", line 669, in _worker_shared_memory
    pipe.send((None, False))
  File "/home/xushijie/.conda/envs/cupid/lib/python3.9/multiprocessing/connection.py", line 206, in send
    self._send_bytes(_ForkingPickler.dumps(obj))
  File "/home/xushijie/.conda/envs/cupid/lib/python3.9/multiprocessing/connection.py", line 411, in _send_bytes
    self._send(header + buf)
  File "/home/xushijie/.conda/envs/cupid/lib/python3.9/multiprocessing/connection.py", line 368, in _send
    n = write(self._handle, buf)
BrokenPipeError: [Errno 32] Broken pipe
Process Worker<AsyncVectorEnv>-2:
Traceback (most recent call last):
  File "/home/__compress_data/xushijie/CUPID/repo/diffusion_policy/gym_util/async_vector_env.py", line 622, in _worker_shared_memory
    command, data = pipe.recv()
  File "/home/xushijie/.conda/envs/cupid/lib/python3.9/multiprocessing/connection.py", line 250, in recv
    buf = self._recv_bytes()
  File "/home/xushijie/.conda/envs/cupid/lib/python3.9/multiprocessing/connection.py", line 414, in _recv_bytes
    buf = self._recv(4)
  File "/home/xushijie/.conda/envs/cupid/lib/python3.9/multiprocessing/connection.py", line 383, in _recv
    raise EOFError
EOFError

During handling of the above exception, another exception occurred:

Traceback (most recent call last):
  File "/home/xushijie/.conda/envs/cupid/lib/python3.9/multiprocessing/process.py", line 315, in _bootstrap
    self.run()
  File "/home/xushijie/.conda/envs/cupid/lib/python3.9/multiprocessing/process.py", line 108, in run
    self._target(*self._args, **self._kwargs)
  File "/home/__compress_data/xushijie/CUPID/repo/diffusion_policy/gym_util/async_vector_env.py", line 669, in _worker_shared_memory
    pipe.send((None, False))
  File "/home/xushijie/.conda/envs/cupid/lib/python3.9/multiprocessing/connection.py", line 206, in send
    self._send_bytes(_ForkingPickler.dumps(obj))
  File "/home/xushijie/.conda/envs/cupid/lib/python3.9/multiprocessing/connection.py", line 411, in _send_bytes
    self._send(header + buf)
  File "/home/xushijie/.conda/envs/cupid/lib/python3.9/multiprocessing/connection.py", line 368, in _send
    n = write(self._handle, buf)
BrokenPipeError: [Errno 32] Broken pipe
Process Worker<AsyncVectorEnv>-1:
Traceback (most recent call last):
  File "/home/__compress_data/xushijie/CUPID/repo/diffusion_policy/gym_util/async_vector_env.py", line 622, in _worker_shared_memory
    command, data = pipe.recv()
  File "/home/xushijie/.conda/envs/cupid/lib/python3.9/multiprocessing/connection.py", line 250, in recv
    buf = self._recv_bytes()
  File "/home/xushijie/.conda/envs/cupid/lib/python3.9/multiprocessing/connection.py", line 414, in _recv_bytes
    buf = self._recv(4)
  File "/home/xushijie/.conda/envs/cupid/lib/python3.9/multiprocessing/connection.py", line 383, in _recv
    raise EOFError
EOFError

During handling of the above exception, another exception occurred:

Traceback (most recent call last):
  File "/home/xushijie/.conda/envs/cupid/lib/python3.9/multiprocessing/process.py", line 315, in _bootstrap
    self.run()
  File "/home/xushijie/.conda/envs/cupid/lib/python3.9/multiprocessing/process.py", line 108, in run
    self._target(*self._args, **self._kwargs)
  File "/home/__compress_data/xushijie/CUPID/repo/diffusion_policy/gym_util/async_vector_env.py", line 669, in _worker_shared_memory
    pipe.send((None, False))
  File "/home/xushijie/.conda/envs/cupid/lib/python3.9/multiprocessing/connection.py", line 206, in send
    self._send_bytes(_ForkingPickler.dumps(obj))
  File "/home/xushijie/.conda/envs/cupid/lib/python3.9/multiprocessing/connection.py", line 411, in _send_bytes
    self._send(header + buf)
  File "/home/xushijie/.conda/envs/cupid/lib/python3.9/multiprocessing/connection.py", line 368, in _send
    n = write(self._handle, buf)
BrokenPipeError: [Errno 32] Broken pipe
Process Worker<AsyncVectorEnv>-0:
Traceback (most recent call last):
  File "/home/__compress_data/xushijie/CUPID/repo/diffusion_policy/gym_util/async_vector_env.py", line 622, in _worker_shared_memory
    command, data = pipe.recv()
  File "/home/xushijie/.conda/envs/cupid/lib/python3.9/multiprocessing/connection.py", line 250, in recv
    buf = self._recv_bytes()
  File "/home/xushijie/.conda/envs/cupid/lib/python3.9/multiprocessing/connection.py", line 414, in _recv_bytes
    buf = self._recv(4)
  File "/home/xushijie/.conda/envs/cupid/lib/python3.9/multiprocessing/connection.py", line 383, in _recv
    raise EOFError
EOFError

During handling of the above exception, another exception occurred:

Traceback (most recent call last):
  File "/home/xushijie/.conda/envs/cupid/lib/python3.9/multiprocessing/process.py", line 315, in _bootstrap
    self.run()
  File "/home/xushijie/.conda/envs/cupid/lib/python3.9/multiprocessing/process.py", line 108, in run
    self._target(*self._args, **self._kwargs)
  File "/home/__compress_data/xushijie/CUPID/repo/diffusion_policy/gym_util/async_vector_env.py", line 669, in _worker_shared_memory
    pipe.send((None, False))
  File "/home/xushijie/.conda/envs/cupid/lib/python3.9/multiprocessing/connection.py", line 206, in send
    self._send_bytes(_ForkingPickler.dumps(obj))
  File "/home/xushijie/.conda/envs/cupid/lib/python3.9/multiprocessing/connection.py", line 411, in _send_bytes
    self._send(header + buf)
  File "/home/xushijie/.conda/envs/cupid/lib/python3.9/multiprocessing/connection.py", line 368, in _send
    n = write(self._handle, buf)
BrokenPipeError: [Errno 32] Broken pipe
