Tue Jul 21 02:38:58 CST 2026
Tue Jul 21 02:38:58 2026       
+-----------------------------------------------------------------------------------------+
| NVIDIA-SMI 595.71.05              Driver Version: 595.71.05      CUDA Version: 13.2     |
+-----------------------------------------+------------------------+----------------------+
| GPU  Name                 Persistence-M | Bus-Id          Disp.A | Volatile Uncorr. ECC |
| Fan  Temp   Perf          Pwr:Usage/Cap |           Memory-Usage | GPU-Util  Compute M. |
|                                         |                        |               MIG M. |
|=========================================+========================+======================|
|   0  NVIDIA A100-SXM4-40GB          On  |   00000000:14:00.0 Off |                    0 |
| N/A   43C    P0             65W /  400W |   40182MiB /  40960MiB |      0%      Default |
|                                         |                        |             Disabled |
+-----------------------------------------+------------------------+----------------------+
|   1  NVIDIA A100-SXM4-40GB          On  |   00000000:15:00.0 Off |                    0 |
| N/A   40C    P0             38W /  400W |    8529MiB /  40960MiB |     27%      Default |
|                                         |                        |             Disabled |
+-----------------------------------------+------------------------+----------------------+
|   2  NVIDIA A100-SXM4-40GB          On  |   00000000:18:00.0 Off |                    0 |
| N/A   41C    P0             45W /  400W |   15685MiB /  40960MiB |     39%      Default |
|                                         |                        |             Disabled |
+-----------------------------------------+------------------------+----------------------+
|   3  NVIDIA A100-SXM4-40GB          On  |   00000000:1D:00.0 Off |                    0 |
| N/A   42C    P0             59W /  400W |   24370MiB /  40960MiB |      0%      Default |
|                                         |                        |             Disabled |
+-----------------------------------------+------------------------+----------------------+
|   4  NVIDIA A100-SXM4-40GB          On  |   00000000:1E:00.0 Off |                    0 |
| N/A   49C    P0             76W /  400W |   40260MiB /  40960MiB |     21%      Default |
|                                         |                        |             Disabled |
+-----------------------------------------+------------------------+----------------------+
|   5  NVIDIA A100-SXM4-40GB          On  |   00000000:21:00.0 Off |                    0 |
| N/A   37C    P0             30W /  400W |   20347MiB /  40960MiB |      0%      Default |
|                                         |                        |             Disabled |
+-----------------------------------------+------------------------+----------------------+
|   6  NVIDIA A100-SXM4-40GB          On  |   00000000:25:00.0 Off |                    0 |
| N/A   36C    P0             34W /  400W |   36030MiB /  40960MiB |      0%      Default |
|                                         |                        |             Disabled |
+-----------------------------------------+------------------------+----------------------+
|   7  NVIDIA A100-SXM4-40GB          On  |   00000000:2D:00.0 Off |                    0 |
| N/A   41C    P0            110W /  400W |   33443MiB /  40960MiB |     31%      Default |
|                                         |                        |             Disabled |
+-----------------------------------------+------------------------+----------------------+

+-----------------------------------------------------------------------------------------+
| Processes:                                                                              |
|  GPU   GI   CI              PID   Type   Process name                        GPU Memory |
|        ID   ID                                                               Usage      |
|=========================================================================================|
|    0   N/A  N/A         1788077      C   python                                13006MiB |
|    0   N/A  N/A         1791637      C   ...u/.conda/envs/mmsf/bin/python      24932MiB |
|    0   N/A  N/A         1805963      C   ...conda/envs/igstgnn/bin/python       2222MiB |
|    1   N/A  N/A         1567143      C   ...n/.conda/envs/wang/bin/python        812MiB |
|    1   N/A  N/A         2247889      C   python                                 7698MiB |
|    2   N/A  N/A          656874      C   ...da/envs/lerobotpi0/bin/python       7970MiB |
|    2   N/A  N/A         2248876      C   python                                 7698MiB |
|    3   N/A  N/A         1738236      C   SEMAV1Client_3                         5208MiB |
|    3   N/A  N/A         1738238      C   SEMAV1Client_1                         3932MiB |
|    3   N/A  N/A         1738280      C   SEMAV1Client_4                         3932MiB |
|    3   N/A  N/A         2252426      C   python                                 7696MiB |
|    3   N/A  N/A         2594266      C   sema-v1_T10_C5_NonIID0.1_gpu3          3570MiB |
|    4   N/A  N/A         1791639      C   ...u/.conda/envs/mmsf/bin/python      40250MiB |
|    5   N/A  N/A         2437384      C   python                                  904MiB |
|    5   N/A  N/A         3025980      C   ...e1/envs/llava-next/bin/python      19428MiB |
|    6   N/A  N/A         3025981      C   ...e1/envs/llava-next/bin/python      36020MiB |
|    7   N/A  N/A         1426847      C   ...u/.conda/envs/mmsf/bin/python      17660MiB |
|    7   N/A  N/A         2065590      C   ..._phase1/envs/racer/bin/python      15768MiB |
+-----------------------------------------------------------------------------------------+

GPU-4120c94f-c9c2-6653-a0ec-41957aa85822, 1805963, /home/zhengyiming/.conda/envs/igstgnn/bin/python, 2222 MiB
GPU-4120c94f-c9c2-6653-a0ec-41957aa85822, 1788077, python, 13006 MiB
GPU-4120c94f-c9c2-6653-a0ec-41957aa85822, 1791637, /home/zhangxu/.conda/envs/mmsf/bin/python, 24932 MiB
GPU-61a23cf4-84c2-e7d3-596e-438966258945, 1567143, /home/wanghaoyuan/.conda/envs/wang/bin/python, 812 MiB
GPU-61a23cf4-84c2-e7d3-596e-438966258945, 2247889, python, 7698 MiB
GPU-eb22e795-17aa-d14d-4ed6-dff343fbaaeb, 656874, /home/yixiuhong/.conda/envs/lerobotpi0/bin/python, 7970 MiB
GPU-eb22e795-17aa-d14d-4ed6-dff343fbaaeb, 2248876, python, 7698 MiB
GPU-ac34f6d2-4fea-acf3-1f89-766dfa2bbaf7, 2594266, sema-v1_T10_C5_NonIID0.1_gpu3, 3570 MiB
GPU-ac34f6d2-4fea-acf3-1f89-766dfa2bbaf7, 1738238, SEMAV1Client_1, 3932 MiB
GPU-ac34f6d2-4fea-acf3-1f89-766dfa2bbaf7, 1738280, SEMAV1Client_4, 3932 MiB
GPU-ac34f6d2-4fea-acf3-1f89-766dfa2bbaf7, 1738236, SEMAV1Client_3, 5208 MiB
GPU-ac34f6d2-4fea-acf3-1f89-766dfa2bbaf7, 2252426, python, 7696 MiB
GPU-dc70602e-3b9d-ab0a-ee9c-d3a900565ca4, 1791639, /home/zhangxu/.conda/envs/mmsf/bin/python, 40250 MiB
GPU-1f8161f4-7f19-0357-a0c7-fb7f6e5fd384, 2437384, python, 904 MiB
GPU-1f8161f4-7f19-0357-a0c7-fb7f6e5fd384, 3025980, /home/__compress_data/xushijie/RACER/RACER_recoverability_phase1/envs/llava-next/bin/python, 19428 MiB
GPU-dd290d6b-aa94-38e2-8dd5-9d1c76287408, 3025981, /home/__compress_data/xushijie/RACER/RACER_recoverability_phase1/envs/llava-next/bin/python, 36020 MiB
GPU-71e35dc1-6901-b158-8674-68043fafa2b1, 1426847, /home/__compress_data/zhangxu/.conda/envs/mmsf/bin/python, 17660 MiB
GPU-71e35dc1-6901-b158-8674-68043fafa2b1, 2065590, /home/xushijie/RACER/RACER_recoverability_phase1/envs/racer/bin/python, 15768 MiB
