/home/xushijie/.conda/envs/cupid/lib/python3.9/site-packages/wandb/apis/public.py:2997: UserWarning: pkg_resources is deprecated as an API. See https://setuptools.pypa.io/en/latest/pkg_resources.html. The pkg_resources package is slated for removal as early as 2025-11-30. Refrain from using this package or pin to Setuptools<81.
  from pkg_resources import parse_version
[2026-07-21 02:37:54,026][diffusion_policy.model.diffusion.conditional_unet1d][INFO] - number of parameters: 1.110474e+06
Diffusion params: 1.110474e+06
Loading hdf5 to ReplayBuffer:   0%|          | 0/300 [00:00<?, ?it/s]Loading hdf5 to ReplayBuffer:  17%|█▋        | 52/300 [00:00<00:00, 514.71it/s]Loading hdf5 to ReplayBuffer:  35%|███▍      | 104/300 [00:00<00:00, 479.91it/s]Loading hdf5 to ReplayBuffer:  51%|█████     | 153/300 [00:00<00:00, 432.44it/s]Loading hdf5 to ReplayBuffer:  66%|██████▌   | 197/300 [00:00<00:00, 425.32it/s]Loading hdf5 to ReplayBuffer:  80%|████████  | 240/300 [00:00<00:00, 424.15it/s]Loading hdf5 to ReplayBuffer:  94%|█████████▍| 283/300 [00:00<00:00, 413.82it/s]Loading hdf5 to ReplayBuffer: 100%|██████████| 300/300 [00:00<00:00, 419.92it/s]
Created environment with name NutAssemblySquare
Action size is 7
Created environment with name NutAssemblySquare
Action size is 7
Created environment with name NutAssemblySquare
Action size is 7
Created environment with name NutAssemblySquare
Action size is 7
Created environment with name NutAssemblySquare
Action size is 7
Created environment with name NutAssemblySquare
Action size is 7
Created environment with name NutAssemblySquare
Action size is 7
Created environment with name NutAssemblySquare
Action size is 7
Created environment with name NutAssemblySquare
Action size is 7
Created environment with name NutAssemblySquare
Action size is 7
Created environment with name NutAssemblySquare
Action size is 7
Created environment with name NutAssemblySquare
Action size is 7
Created environment with name NutAssemblySquare
Action size is 7
Created environment with name NutAssemblySquare
Action size is 7
Created environment with name NutAssemblySquare
Action size is 7
Created environment with name NutAssemblySquare
Action size is 7
Created environment with name NutAssemblySquare
Action size is 7
Created environment with name NutAssemblySquare
Action size is 7
Created environment with name NutAssemblySquare
Action size is 7
Created environment with name NutAssemblySquare
Action size is 7
Created environment with name NutAssemblySquare
Action size is 7
Created environment with name NutAssemblySquare
Action size is 7
Created environment with name NutAssemblySquare
Action size is 7
Created environment with name NutAssemblySquare
Action size is 7
Created environment with name NutAssemblySquare
Action size is 7
Created environment with name NutAssemblySquare
Action size is 7
Created environment with name NutAssemblySquare
Action size is 7
Created environment with name NutAssemblySquare
Action size is 7
Created environment with name NutAssemblySquare
Action size is 7
/home/xushijie/.conda/envs/cupid/lib/python3.9/site-packages/wandb/apis/public.py:2997: UserWarning: pkg_resources is deprecated as an API. See https://setuptools.pypa.io/en/latest/pkg_resources.html. The pkg_resources package is slated for removal as early as 2025-11-30. Refrain from using this package or pin to Setuptools<81.
  from pkg_resources import parse_version
Error executing job with overrides: ['name=train_diffusion_unet_lowdim', 'training.seed=0', 'training.num_epochs=50', 'training.checkpoint_every=50', 'training.rollout_every=50', 'checkpoint.topk.k=3', 'task.dataset.seed=0', 'task.dataset.val_ratio=0.04', '+task.dataset.dataset_mask_kwargs.train_ratio=0.64', '+task.dataset.dataset_mask_kwargs.uniform_quality=true', 'logging.mode=offline', 'logging.name=20260720_cupid_square_smoke_train_diffusion_unet_lowdim_square_mh_0', 'logging.group=20260720_cupid_square_smoke', 'logging.project=cupid', 'multi_run.wandb_name_base=20260720_cupid_square_smoke_train_diffusion_unet_lowdim_square_mh_0', 'multi_run.run_dir=/home/xushijie/CUPID/repo/data/outputs/train/20260720_cupid_square_smoke/20260720_cupid_square_smoke_train_diffusion_unet_lowdim_square_mh_0']
Traceback (most recent call last):
  File "/home/__compress_data/xushijie/CUPID/repo/train.py", line 32, in main
    workspace.run()
  File "/home/__compress_data/xushijie/CUPID/repo/diffusion_policy/workspace/train_diffusion_unet_lowdim_workspace.py", line 135, in run
    self.model.to(device)
  File "/home/xushijie/.conda/envs/cupid/lib/python3.9/site-packages/torch/nn/modules/module.py", line 927, in to
    return self._apply(convert)
  File "/home/xushijie/.conda/envs/cupid/lib/python3.9/site-packages/torch/nn/modules/module.py", line 579, in _apply
    module._apply(fn)
  File "/home/xushijie/.conda/envs/cupid/lib/python3.9/site-packages/torch/nn/modules/module.py", line 579, in _apply
    module._apply(fn)
  File "/home/xushijie/.conda/envs/cupid/lib/python3.9/site-packages/torch/nn/modules/module.py", line 579, in _apply
    module._apply(fn)
  [Previous line repeated 4 more times]
  File "/home/xushijie/.conda/envs/cupid/lib/python3.9/site-packages/torch/nn/modules/module.py", line 602, in _apply
    param_applied = fn(param)
  File "/home/xushijie/.conda/envs/cupid/lib/python3.9/site-packages/torch/nn/modules/module.py", line 925, in convert
    return t.to(device, dtype if t.is_floating_point() or t.is_complex() else None, non_blocking)
RuntimeError: CUDA error: out of memory
CUDA kernel errors might be asynchronously reported at some other API call,so the stacktrace below might be incorrect.
For debugging consider passing CUDA_LAUNCH_BLOCKING=1.

Set the environment variable HYDRA_FULL_ERROR=1 for a complete stack trace.
wandb: - 0.000 MB of 0.000 MB uploaded (0.000 MB deduped)wandb: \ 0.000 MB of 0.000 MB uploaded (0.000 MB deduped)wandb: | 0.000 MB of 0.000 MB uploaded (0.000 MB deduped)wandb:                                                                                
