/home/xushijie/.conda/envs/cupid/lib/python3.9/site-packages/llvmlite/binding/ffi.py:175: UserWarning: pkg_resources is deprecated as an API. See https://setuptools.pypa.io/en/latest/pkg_resources.html. The pkg_resources package is slated for removal as early as 2025-11-30. Refrain from using this package or pin to Setuptools<81.
  from pkg_resources import resource_filename
numcodec 'imagecodecs_aec' already registered
numcodec 'imagecodecs_apng' already registered
numcodec 'imagecodecs_avif' already registered
numcodec 'imagecodecs_bitorder' already registered
numcodec 'imagecodecs_bitshuffle' already registered
numcodec 'imagecodecs_blosc' already registered
numcodec 'imagecodecs_blosc2' already registered
numcodec 'imagecodecs_brotli' already registered
numcodec 'imagecodecs_byteshuffle' already registered
numcodec 'imagecodecs_bz2' already registered
numcodec 'imagecodecs_cms' already registered
numcodec 'imagecodecs_deflate' already registered
numcodec 'imagecodecs_delta' already registered
numcodec 'imagecodecs_float24' already registered
numcodec 'imagecodecs_floatpred' already registered
numcodec 'imagecodecs_gif' already registered
numcodec 'imagecodecs_heif' already registered
numcodec 'imagecodecs_jetraw' already registered
numcodec 'imagecodecs_jpeg' already registered
numcodec 'imagecodecs_jpeg2k' already registered
numcodec 'imagecodecs_jpegls' already registered
numcodec 'imagecodecs_jpegxl' already registered
numcodec 'imagecodecs_jpegxr' already registered
numcodec 'imagecodecs_lerc' already registered
numcodec 'imagecodecs_ljpeg' already registered
numcodec 'imagecodecs_lz4' already registered
numcodec 'imagecodecs_lz4f' already registered
numcodec 'imagecodecs_lzf' already registered
numcodec 'imagecodecs_lzma' already registered
numcodec 'imagecodecs_lzw' already registered
numcodec 'imagecodecs_packbits' already registered
numcodec 'imagecodecs_pglz' already registered
numcodec 'imagecodecs_png' already registered
numcodec 'imagecodecs_qoi' already registered
numcodec 'imagecodecs_rcomp' already registered
numcodec 'imagecodecs_snappy' already registered
numcodec 'imagecodecs_spng' already registered
numcodec 'imagecodecs_tiff' already registered
numcodec 'imagecodecs_webp' already registered
numcodec 'imagecodecs_xor' already registered
numcodec 'imagecodecs_zfp' already registered
numcodec 'imagecodecs_zlib' already registered
numcodec 'imagecodecs_zlibng' already registered
numcodec 'imagecodecs_zopfli' already registered
numcodec 'imagecodecs_zstd' already registered
Diffusion params: 1.110474e+06
Loading hdf5 to ReplayBuffer:   0%|          | 0/300 [00:00<?, ?it/s]Loading hdf5 to ReplayBuffer:  13%|█▎        | 39/300 [00:00<00:00, 387.58it/s]Loading hdf5 to ReplayBuffer:  26%|██▌       | 78/300 [00:00<00:00, 363.08it/s]Loading hdf5 to ReplayBuffer:  44%|████▎     | 131/300 [00:00<00:00, 436.20it/s]Loading hdf5 to ReplayBuffer:  62%|██████▏   | 185/300 [00:00<00:00, 472.79it/s]Loading hdf5 to ReplayBuffer:  78%|███████▊  | 233/300 [00:00<00:00, 430.51it/s]Loading hdf5 to ReplayBuffer:  94%|█████████▍| 282/300 [00:00<00:00, 448.65it/s]Loading hdf5 to ReplayBuffer: 100%|██████████| 300/300 [00:00<00:00, 438.91it/s]

CUPID rollout-budget stability summary
 budget  repeats  success_mean  failure_mean  spearman_mean  spearman_std  kendall_mean  kendall_std  top_jaccard_mean  top_jaccard_std
      5       20           4.0           1.0       0.199430      0.102680      0.138160     0.072358          0.160513         0.049860
     10       20           7.0           3.0       0.392980      0.102129      0.275993     0.077154          0.219543         0.075813
     25       20          18.0           7.0       0.496613      0.111446      0.356714     0.085212          0.250584         0.069710
     50       20          36.0          14.0       0.754029      0.057964      0.575513     0.055127          0.423718         0.080885
    100       20          71.0          29.0       1.000000      0.000000      1.000000     0.000000          1.000000         0.000000

Saved results to: /home/xushijie/CUPID/results/rollout_budget_stratified
