/home/xushijie/.conda/envs/cupid/lib/python3.9/site-packages/llvmlite/binding/ffi.py:175: UserWarning: pkg_resources is deprecated as an API. See https://setuptools.pypa.io/en/latest/pkg_resources.html. The pkg_resources package is slated for removal as early as 2025-11-30. Refrain from using this package or pin to Setuptools<81.
  from pkg_resources import resource_filename
numcodec 'imagecodecs_aec' already registered
numcodec 'imagecodecs_apng' already registered
numcodec 'imagecodecs_avif' already registered
numcodec 'imagecodecs_bitorder' already registered
numcodec 'imagecodecs_bitshuffle' already registered
numcodec 'imagecodecs_blosc' already registered
numcodec 'imagecodecs_blosc2' already registered
numcodec 'imagecodecs_brotli' already registered
numcodec 'imagecodecs_byteshuffle' already registered
numcodec 'imagecodecs_bz2' already registered
numcodec 'imagecodecs_cms' already registered
numcodec 'imagecodecs_deflate' already registered
numcodec 'imagecodecs_delta' already registered
numcodec 'imagecodecs_float24' already registered
numcodec 'imagecodecs_floatpred' already registered
numcodec 'imagecodecs_gif' already registered
numcodec 'imagecodecs_heif' already registered
numcodec 'imagecodecs_jetraw' already registered
numcodec 'imagecodecs_jpeg' already registered
numcodec 'imagecodecs_jpeg2k' already registered
numcodec 'imagecodecs_jpegls' already registered
numcodec 'imagecodecs_jpegxl' already registered
numcodec 'imagecodecs_jpegxr' already registered
numcodec 'imagecodecs_lerc' already registered
numcodec 'imagecodecs_ljpeg' already registered
numcodec 'imagecodecs_lz4' already registered
numcodec 'imagecodecs_lz4f' already registered
numcodec 'imagecodecs_lzf' already registered
numcodec 'imagecodecs_lzma' already registered
numcodec 'imagecodecs_lzw' already registered
numcodec 'imagecodecs_packbits' already registered
numcodec 'imagecodecs_pglz' already registered
numcodec 'imagecodecs_png' already registered
numcodec 'imagecodecs_qoi' already registered
numcodec 'imagecodecs_rcomp' already registered
numcodec 'imagecodecs_snappy' already registered
numcodec 'imagecodecs_spng' already registered
numcodec 'imagecodecs_tiff' already registered
numcodec 'imagecodecs_webp' already registered
numcodec 'imagecodecs_xor' already registered
numcodec 'imagecodecs_zfp' already registered
numcodec 'imagecodecs_zlib' already registered
numcodec 'imagecodecs_zlibng' already registered
numcodec 'imagecodecs_zopfli' already registered
numcodec 'imagecodecs_zstd' already registered
Diffusion params: 1.110474e+06
Loading hdf5 to ReplayBuffer:   0%|          | 0/300 [00:00<?, ?it/s]Loading hdf5 to ReplayBuffer:  17%|█▋        | 51/300 [00:00<00:00, 503.82it/s]Loading hdf5 to ReplayBuffer:  34%|███▍      | 102/300 [00:00<00:00, 488.27it/s]Loading hdf5 to ReplayBuffer:  50%|█████     | 151/300 [00:00<00:00, 474.36it/s]Loading hdf5 to ReplayBuffer:  66%|██████▋   | 199/300 [00:00<00:00, 450.97it/s]Loading hdf5 to ReplayBuffer:  83%|████████▎ | 248/300 [00:00<00:00, 462.25it/s]Loading hdf5 to ReplayBuffer:  98%|█████████▊| 295/300 [00:00<00:00, 454.81it/s]Loading hdf5 to ReplayBuffer: 100%|██████████| 300/300 [00:00<00:00, 462.85it/s]

CUPID rollout-budget stability summary
 budget  repeats  success_mean  failure_mean  spearman_mean  spearman_std  kendall_mean  kendall_std  top_jaccard_mean  top_jaccard_std
      5       20          3.80          1.20       0.213606      0.152343      0.147960     0.108326          0.156479         0.063461
     10       20          6.75          3.25       0.331727      0.101508      0.230574     0.071269          0.189765         0.041595
     25       20         17.80          7.20       0.540394      0.105470      0.391048     0.083892          0.280233         0.074233
     50       20         35.30         14.70       0.768062      0.081407      0.589496     0.075789          0.431244         0.077242
    100       20         71.00         29.00       1.000000      0.000000      1.000000     0.000000          1.000000         0.000000

Saved results to: /home/xushijie/CUPID/results/rollout_budget_random
