/home/xushijie/.conda/envs/cupid/lib/python3.9/site-packages/llvmlite/binding/ffi.py:175: UserWarning: pkg_resources is deprecated as an API. See https://setuptools.pypa.io/en/latest/pkg_resources.html. The pkg_resources package is slated for removal as early as 2025-11-30. Refrain from using this package or pin to Setuptools<81.
  from pkg_resources import resource_filename
Loading hdf5 to ReplayBuffer:   0%|          | 0/300 [00:00<?, ?it/s]Loading hdf5 to ReplayBuffer:   0%|          | 1/300 [00:00<00:47,  6.24it/s]Loading hdf5 to ReplayBuffer:   9%|▉         | 28/300 [00:00<00:02, 128.45it/s]Loading hdf5 to ReplayBuffer:  17%|█▋        | 52/300 [00:00<00:01, 171.96it/s]Loading hdf5 to ReplayBuffer:  27%|██▋       | 80/300 [00:00<00:01, 210.77it/s]Loading hdf5 to ReplayBuffer:  34%|███▍      | 103/300 [00:00<00:01, 159.98it/s]Loading hdf5 to ReplayBuffer:  41%|████▏     | 124/300 [00:00<00:01, 172.80it/s]Loading hdf5 to ReplayBuffer:  48%|████▊     | 144/300 [00:00<00:00, 170.86it/s]Loading hdf5 to ReplayBuffer:  54%|█████▍    | 163/300 [00:01<00:00, 152.67it/s]Loading hdf5 to ReplayBuffer:  60%|██████    | 180/300 [00:01<00:00, 142.55it/s]Loading hdf5 to ReplayBuffer:  65%|██████▌   | 196/300 [00:01<00:00, 119.85it/s]Loading hdf5 to ReplayBuffer:  73%|███████▎  | 219/300 [00:01<00:00, 143.80it/s]Loading hdf5 to ReplayBuffer:  80%|████████  | 241/300 [00:01<00:00, 159.71it/s]Loading hdf5 to ReplayBuffer:  86%|████████▋ | 259/300 [00:01<00:00, 142.93it/s]Loading hdf5 to ReplayBuffer:  95%|█████████▌| 286/300 [00:01<00:00, 172.81it/s]Loading hdf5 to ReplayBuffer: 100%|██████████| 300/300 [00:01<00:00, 157.20it/s]
Diffusion params: 1.718120e+07
{
  "status": "PASS",
  "physical_gpu": "1",
  "visible_cuda_device": 0,
  "gpu_name": "NVIDIA A100-SXM4-40GB",
  "gpu_total_memory_mib": 40441,
  "peak_allocated_memory_mib": 280.66,
  "peak_reserved_memory_mib": 294.0,
  "batch_size": 256,
  "batch_obs_shape": [
    256,
    16,
    59
  ],
  "batch_action_shape": [
    256,
    16,
    20
  ],
  "train_samples": 125324,
  "train_batches_per_epoch": 490,
  "model_parameters": 17181678,
  "loss": 1.125655174255371,
  "gradient_tensor_count": 148,
  "gradient_value_count": 17181204,
  "gradient_l2_norm": 2.335386905454165,
  "parameters_finite_after_step": true,
  "dataset_load_seconds": 24.948,
  "optimizer_step_seconds": 46.884,
  "wall_time_seconds": 76.112,
  "config_path": "/home/__compress_data/xushijie/CUPID/preflight/transport_mh_stage3_composed_config_20260722.yaml",
  "config_sha256": "e7237575cc99de2290505bd2e04d579cf9d21bf76155d44ca0497825d655de97",
  "dataset_path": "/home/__compress_data/xushijie/CUPID/repo/data/robomimic/datasets/transport/mh/low_dim_abs.hdf5",
  "dataset_sha256": "2034f404d1e9dd04514c443f9b2fb2bda99f320b46acd9ffc9983fdbec0f9d95"
}
