Tue Jul 21 00:48:03 CST 2026
gpu03
uid=1055(xushijie) gid=1055(xushijie) groups=1055(xushijie)
pwd=/home/__compress_data/xushijie
NAME="Rocky Linux"
VERSION="9.7 (Blue Onyx)"
ID="rocky"
ID_LIKE="rhel centos fedora"
VERSION_ID="9.7"
PLATFORM_ID="platform:el9"
PRETTY_NAME="Rocky Linux 9.7 (Blue Onyx)"
ANSI_COLOR="0;32"
LOGO="fedora-logo-icon"
CPE_NAME="cpe:/o:rocky:rocky:9::baseos"
HOME_URL="https://rockylinux.org/"
VENDOR_NAME="RESF"
VENDOR_URL="https://resf.org/"
BUG_REPORT_URL="https://bugs.rockylinux.org/"
SUPPORT_END="2032-05-31"
ROCKY_SUPPORT_PRODUCT="Rocky-Linux-9"
ROCKY_SUPPORT_PRODUCT_VERSION="9.7"
REDHAT_SUPPORT_PRODUCT="Rocky Linux"
REDHAT_SUPPORT_PRODUCT_VERSION="9.7"

[nvidia-smi]
NVIDIA-SMI has failed because it couldn't communicate with the NVIDIA driver. Make sure that the latest NVIDIA driver is installed and running.

nvidia_smi_exit=9

[device files]
total 0

[df]
Filesystem      Size  Used Avail Use% Mounted on
/dev/loop0      5.5T  4.3T  1.2T  80% /home/__compress_data/xushijie

[free]
               total        used        free      shared  buff/cache   available
Mem:           503Gi       122Gi        21Gi        11Gi       373Gi       380Gi
Swap:          4.0Gi       4.0Gi          0B

[ulimit]
real-time non-blocking time  (microseconds, -R) unlimited
core file size              (blocks, -c) unlimited
data seg size               (kbytes, -d) unlimited
scheduling priority                 (-e) 0
file size                   (blocks, -f) unlimited
pending signals                     (-i) 2059194
max locked memory           (kbytes, -l) unlimited
max memory size             (kbytes, -m) unlimited
open files                          (-n) 524288
pipe size                (512 bytes, -p) 8
POSIX message queues         (bytes, -q) 819200
real-time priority                  (-r) 0
stack size                  (kbytes, -s) 8192
cpu time                   (seconds, -t) unlimited
max user processes                  (-u) 2059194
virtual memory              (kbytes, -v) unlimited
file locks                          (-x) unlimited

[commands]
/opt/miniconda3/bin/conda
/usr/bin/git

[existing CUPID]
logs
logs/start_time.txt
logs/system_info.txt
logs/system_info_full.log
results
status
tools
