Tue Jul 21 00:51:20 CST 2026
gpu03
uid=1055(xushijie) gid=1055(xushijie) groups=1055(xushijie) context=unconfined_u:unconfined_r:unconfined_t:s0-s0:c0.c1023
/home/__compress_data/xushijie
NAME="Rocky Linux"
VERSION="9.7 (Blue Onyx)"
ID="rocky"
ID_LIKE="rhel centos fedora"
VERSION_ID="9.7"
PLATFORM_ID="platform:el9"
PRETTY_NAME="Rocky Linux 9.7 (Blue Onyx)"
ANSI_COLOR="0;32"
LOGO="fedora-logo-icon"
CPE_NAME="cpe:/o:rocky:rocky:9::baseos"
HOME_URL="https://rockylinux.org/"
VENDOR_NAME="RESF"
VENDOR_URL="https://resf.org/"
BUG_REPORT_URL="https://bugs.rockylinux.org/"
SUPPORT_END="2032-05-31"
ROCKY_SUPPORT_PRODUCT="Rocky-Linux-9"
ROCKY_SUPPORT_PRODUCT_VERSION="9.7"
REDHAT_SUPPORT_PRODUCT="Rocky Linux"
REDHAT_SUPPORT_PRODUCT_VERSION="9.7"
Tue Jul 21 00:51:20 2026       
+-----------------------------------------------------------------------------------------+
| NVIDIA-SMI 595.71.05              Driver Version: 595.71.05      CUDA Version: 13.2     |
+-----------------------------------------+------------------------+----------------------+
| GPU  Name                 Persistence-M | Bus-Id          Disp.A | Volatile Uncorr. ECC |
| Fan  Temp   Perf          Pwr:Usage/Cap |           Memory-Usage | GPU-Util  Compute M. |
|                                         |                        |               MIG M. |
|=========================================+========================+======================|
|   0  NVIDIA A100-SXM4-40GB          On  |   00000000:14:00.0 Off |                    0 |
| N/A   39C    P0             61W /  400W |   40268MiB /  40960MiB |      0%      Default |
|                                         |                        |             Disabled |
+-----------------------------------------+------------------------+----------------------+
|   1  NVIDIA A100-SXM4-40GB          On  |   00000000:15:00.0 Off |                    0 |
| N/A   36C    P0             38W /  400W |   28112MiB /  40960MiB |      0%      Default |
|                                         |                        |             Disabled |
+-----------------------------------------+------------------------+----------------------+
|   2  NVIDIA A100-SXM4-40GB          On  |   00000000:18:00.0 Off |                    0 |
| N/A   37C    P0             43W /  400W |    7982MiB /  40960MiB |     11%      Default |
|                                         |                        |             Disabled |
+-----------------------------------------+------------------------+----------------------+
|   3  NVIDIA A100-SXM4-40GB          On  |   00000000:1D:00.0 Off |                    0 |
| N/A   37C    P0             42W /  400W |   17945MiB /  40960MiB |      0%      Default |
|                                         |                        |             Disabled |
+-----------------------------------------+------------------------+----------------------+
|   4  NVIDIA A100-SXM4-40GB          On  |   00000000:1E:00.0 Off |                    0 |
| N/A   43C    P0             62W /  400W |   40380MiB /  40960MiB |      0%      Default |
|                                         |                        |             Disabled |
+-----------------------------------------+------------------------+----------------------+
|   5  NVIDIA A100-SXM4-40GB          On  |   00000000:21:00.0 Off |                    0 |
| N/A   36C    P0             29W /  400W |   20347MiB /  40960MiB |      0%      Default |
|                                         |                        |             Disabled |
+-----------------------------------------+------------------------+----------------------+
|   6  NVIDIA A100-SXM4-40GB          On  |   00000000:25:00.0 Off |                    0 |
| N/A   36C    P0             34W /  400W |   36030MiB /  40960MiB |      0%      Default |
|                                         |                        |             Disabled |
+-----------------------------------------+------------------------+----------------------+
|   7  NVIDIA A100-SXM4-40GB          On  |   00000000:2D:00.0 Off |                    0 |
| N/A   48C    P0            148W /  400W |   33443MiB /  40960MiB |     10%      Default |
|                                         |                        |             Disabled |
+-----------------------------------------+------------------------+----------------------+

+-----------------------------------------------------------------------------------------+
| Processes:                                                                              |
|  GPU   GI   CI              PID   Type   Process name                        GPU Memory |
|        ID   ID                                                               Usage      |
|=========================================================================================|
|    0   N/A  N/A         1788077      C   python                                13006MiB |
|    0   N/A  N/A         1791637      C   ...u/.conda/envs/mmsf/bin/python      25018MiB |
|    0   N/A  N/A         1805963      C   ...conda/envs/igstgnn/bin/python       2222MiB |
|    1   N/A  N/A         1274985      C   MOSV2Client_4                          8090MiB |
|    1   N/A  N/A         1274986      C   MOSV2Client_2                          8090MiB |
|    1   N/A  N/A         1274987      C   MOSV2Client_3                          8090MiB |
|    1   N/A  N/A         1567143      C   ...n/.conda/envs/wang/bin/python        812MiB |
|    1   N/A  N/A         2700216      C   mos-v2_T10_C5_NonIID1_gpu1             2994MiB |
|    2   N/A  N/A          656874      C   ...da/envs/lerobotpi0/bin/python       7970MiB |
|    3   N/A  N/A         1738236      C   SEMAV1Client_1                         3932MiB |
|    3   N/A  N/A         1738238      C   SEMAV1Client_5                         5208MiB |
|    3   N/A  N/A         1738280      C   SEMAV1Client_4                         5208MiB |
|    3   N/A  N/A         2594266      C   sema-v1_T10_C5_NonIID0.1_gpu3          3570MiB |
|    4   N/A  N/A         1791639      C   ...u/.conda/envs/mmsf/bin/python      40370MiB |
|    5   N/A  N/A         2437384      C   python                                  904MiB |
|    5   N/A  N/A         3025980      C   ...e1/envs/llava-next/bin/python      19428MiB |
|    6   N/A  N/A         3025981      C   ...e1/envs/llava-next/bin/python      36020MiB |
|    7   N/A  N/A         1426847      C   ...u/.conda/envs/mmsf/bin/python      17660MiB |
|    7   N/A  N/A         2065590      C   ..._phase1/envs/racer/bin/python      15768MiB |
+-----------------------------------------------------------------------------------------+
Filesystem      Size  Used Avail Use% Mounted on
/dev/loop0      5.5T  4.3T  1.2T  80% /home/__compress_data
               total        used        free      shared  buff/cache   available
Mem:           503Gi       122Gi        20Gi        11Gi       375Gi       380Gi
Swap:          4.0Gi       4.0Gi          0B
real-time non-blocking time  (microseconds, -R) unlimited
core file size              (blocks, -c) unlimited
data seg size               (kbytes, -d) unlimited
scheduling priority                 (-e) 0
file size                   (blocks, -f) unlimited
pending signals                     (-i) 2059194
max locked memory           (kbytes, -l) unlimited
max memory size             (kbytes, -m) unlimited
open files                          (-n) 524288
pipe size                (512 bytes, -p) 8
POSIX message queues         (bytes, -q) 819200
real-time priority                  (-r) 0
stack size                  (kbytes, -s) 8192
cpu time                   (seconds, -t) unlimited
max user processes                  (-u) 2059194
virtual memory              (kbytes, -v) unlimited
file locks                          (-x) unlimited
