/home/xushijie/.conda/envs/cupid/lib/python3.9/site-packages/llvmlite/binding/ffi.py:175: UserWarning: pkg_resources is deprecated as an API. See https://setuptools.pypa.io/en/latest/pkg_resources.html. The pkg_resources package is slated for removal as early as 2025-11-30. Refrain from using this package or pin to Setuptools<81.
  from pkg_resources import resource_filename
numcodec 'imagecodecs_aec' already registered
numcodec 'imagecodecs_apng' already registered
numcodec 'imagecodecs_avif' already registered
numcodec 'imagecodecs_bitorder' already registered
numcodec 'imagecodecs_bitshuffle' already registered
numcodec 'imagecodecs_blosc' already registered
numcodec 'imagecodecs_blosc2' already registered
numcodec 'imagecodecs_brotli' already registered
numcodec 'imagecodecs_byteshuffle' already registered
numcodec 'imagecodecs_bz2' already registered
numcodec 'imagecodecs_cms' already registered
numcodec 'imagecodecs_deflate' already registered
numcodec 'imagecodecs_delta' already registered
numcodec 'imagecodecs_float24' already registered
numcodec 'imagecodecs_floatpred' already registered
numcodec 'imagecodecs_gif' already registered
numcodec 'imagecodecs_heif' already registered
numcodec 'imagecodecs_jetraw' already registered
numcodec 'imagecodecs_jpeg' already registered
numcodec 'imagecodecs_jpeg2k' already registered
numcodec 'imagecodecs_jpegls' already registered
numcodec 'imagecodecs_jpegxl' already registered
numcodec 'imagecodecs_jpegxr' already registered
numcodec 'imagecodecs_lerc' already registered
numcodec 'imagecodecs_ljpeg' already registered
numcodec 'imagecodecs_lz4' already registered
numcodec 'imagecodecs_lz4f' already registered
numcodec 'imagecodecs_lzf' already registered
numcodec 'imagecodecs_lzma' already registered
numcodec 'imagecodecs_lzw' already registered
numcodec 'imagecodecs_packbits' already registered
numcodec 'imagecodecs_pglz' already registered
numcodec 'imagecodecs_png' already registered
numcodec 'imagecodecs_qoi' already registered
numcodec 'imagecodecs_rcomp' already registered
numcodec 'imagecodecs_snappy' already registered
numcodec 'imagecodecs_spng' already registered
numcodec 'imagecodecs_tiff' already registered
numcodec 'imagecodecs_webp' already registered
numcodec 'imagecodecs_xor' already registered
numcodec 'imagecodecs_zfp' already registered
numcodec 'imagecodecs_zlib' already registered
numcodec 'imagecodecs_zlibng' already registered
numcodec 'imagecodecs_zopfli' already registered
numcodec 'imagecodecs_zstd' already registered
Diffusion params: 1.110474e+06
Loading hdf5 to ReplayBuffer:   0%|          | 0/300 [00:00<?, ?it/s]Loading hdf5 to ReplayBuffer:  17%|█▋        | 50/300 [00:00<00:00, 494.95it/s]Loading hdf5 to ReplayBuffer:  33%|███▎      | 100/300 [00:00<00:00, 482.22it/s]Loading hdf5 to ReplayBuffer:  50%|█████     | 150/300 [00:00<00:00, 487.16it/s]Loading hdf5 to ReplayBuffer:  66%|██████▋   | 199/300 [00:00<00:00, 483.14it/s]Loading hdf5 to ReplayBuffer:  83%|████████▎ | 249/300 [00:00<00:00, 485.98it/s]Loading hdf5 to ReplayBuffer:  99%|█████████▉| 298/300 [00:00<00:00, 485.43it/s]Loading hdf5 to ReplayBuffer: 100%|██████████| 300/300 [00:00<00:00, 485.27it/s]
ERROR:TRAK:Could not use CudaProjector.
Reason: No module named 'fast_jl'
ERROR:TRAK:Defaulting to BasicProjector.
INFO:STORE:No existing model IDs in /home/__compress_data/xushijie/CUPID/repo/data/outputs/eval_save_episodes/20260721_cupid_square_rollout100/20260720_cupid_square_minrep_train_diffusion_unet_lowdim_square_mh_0/latest/default_trak_results-proj_dim=4000-lambda_reg=0.0-num_ckpts=1-seed=0-loss_fn=square-num_timesteps=64.
INFO:STORE:No existing TRAK scores in /home/__compress_data/xushijie/CUPID/repo/data/outputs/eval_save_episodes/20260721_cupid_square_rollout100/20260720_cupid_square_minrep_train_diffusion_unet_lowdim_square_mh_0/latest/default_trak_results-proj_dim=4000-lambda_reg=0.0-num_ckpts=1-seed=0-loss_fn=square-num_timesteps=64.
Featurizing train set:   0%|          | 0/391 [00:00<?, ?it/s]Featurizing train set:   0%|          | 0/391 [00:00<?, ?it/s]
Traceback (most recent call last):
  File "/home/__compress_data/xushijie/CUPID/repo/train_trak_diffusion.py", line 240, in <module>
    main()
  File "/home/xushijie/.conda/envs/cupid/lib/python3.9/site-packages/click/core.py", line 1128, in __call__
    return self.main(*args, **kwargs)
  File "/home/xushijie/.conda/envs/cupid/lib/python3.9/site-packages/click/core.py", line 1053, in main
    rv = self.invoke(ctx)
  File "/home/xushijie/.conda/envs/cupid/lib/python3.9/site-packages/click/core.py", line 1395, in invoke
    return ctx.invoke(self.callback, **ctx.params)
  File "/home/xushijie/.conda/envs/cupid/lib/python3.9/site-packages/click/core.py", line 754, in invoke
    return __callback(*args, **kwargs)
  File "/home/__compress_data/xushijie/CUPID/repo/train_trak_diffusion.py", line 185, in main
    featurize_dataset(train_loader)
  File "/home/__compress_data/xushijie/CUPID/repo/train_trak_diffusion.py", line 182, in featurize_dataset
    traker.featurize(batch, num_samples=num_samples)
  File "/home/__compress_data/xushijie/CUPID/repo/third_party/trak/trak/traker.py", line 424, in featurize
    grads = self.gradient_computer.compute_per_sample_grad(batch=batch)
  File "/home/__compress_data/xushijie/CUPID/repo/diffusion_policy/data_attribution/gradient_computers.py", line 93, in compute_per_sample_grad
    grads_loss = torch.func.grad(
AttributeError: module 'torch' has no attribute 'func'
