2026-07-22T18:17:38+08:00 TRAK analysis pipeline already running
event=pipeline_fail time=2026-07-24T01:43:02+08:00 rc=1 line=68
event=resource_wait time=2026-07-24T12:10:57+08:00 gpu_free_mib=22955
event=resource_wait time=2026-07-24T12:11:57+08:00 gpu_free_mib=22955
event=resource_wait time=2026-07-24T12:12:57+08:00 gpu_free_mib=22955
event=resource_wait time=2026-07-24T12:13:57+08:00 gpu_free_mib=22955
event=resource_wait time=2026-07-24T12:14:57+08:00 gpu_free_mib=22955
event=resource_wait time=2026-07-24T12:15:57+08:00 gpu_free_mib=22955
event=resource_wait time=2026-07-24T12:16:57+08:00 gpu_free_mib=22955
event=resource_wait time=2026-07-24T12:17:57+08:00 gpu_free_mib=22955
event=resource_wait time=2026-07-24T12:18:57+08:00 gpu_free_mib=22955
event=resource_wait time=2026-07-24T12:19:57+08:00 gpu_free_mib=22955
event=resource_wait time=2026-07-24T12:20:57+08:00 gpu_free_mib=22955
event=resource_wait time=2026-07-24T12:21:58+08:00 gpu_free_mib=22955
event=resource_wait time=2026-07-24T12:22:58+08:00 gpu_free_mib=22955
event=resource_wait time=2026-07-24T12:23:58+08:00 gpu_free_mib=22947
event=resource_wait time=2026-07-24T12:24:58+08:00 gpu_free_mib=22945
event=resource_wait time=2026-07-24T12:25:58+08:00 gpu_free_mib=22893
event=resource_wait time=2026-07-24T12:26:58+08:00 gpu_free_mib=22893
event=resource_wait time=2026-07-24T12:27:58+08:00 gpu_free_mib=22893
event=resource_wait time=2026-07-24T12:28:58+08:00 gpu_free_mib=22893
event=resource_wait time=2026-07-24T12:29:58+08:00 gpu_free_mib=22893
event=resource_wait time=2026-07-24T12:30:58+08:00 gpu_free_mib=22893
event=resource_wait time=2026-07-24T12:31:58+08:00 gpu_free_mib=22893
event=resource_wait time=2026-07-24T12:32:59+08:00 gpu_free_mib=22893
event=resource_wait time=2026-07-24T12:33:59+08:00 gpu_free_mib=22893
event=resource_wait time=2026-07-24T12:34:59+08:00 gpu_free_mib=22893
event=resource_wait time=2026-07-24T12:35:59+08:00 gpu_free_mib=22893
event=resource_wait time=2026-07-24T12:36:59+08:00 gpu_free_mib=22893
event=resource_wait time=2026-07-24T12:37:59+08:00 gpu_free_mib=22893
event=resource_wait time=2026-07-24T12:38:59+08:00 gpu_free_mib=22893
event=resource_wait time=2026-07-24T12:39:59+08:00 gpu_free_mib=22893
event=resource_wait time=2026-07-24T12:40:59+08:00 gpu_free_mib=22893
event=resource_wait time=2026-07-24T12:41:59+08:00 gpu_free_mib=22893
event=resource_wait time=2026-07-24T12:42:59+08:00 gpu_free_mib=22893
event=resource_wait time=2026-07-24T12:44:00+08:00 gpu_free_mib=22893
event=resource_wait time=2026-07-24T12:45:00+08:00 gpu_free_mib=22893
event=resource_wait time=2026-07-24T12:46:00+08:00 gpu_free_mib=22893
event=resource_wait time=2026-07-24T12:47:00+08:00 gpu_free_mib=22893
event=resource_wait time=2026-07-24T12:48:00+08:00 gpu_free_mib=22893
event=resource_wait time=2026-07-24T12:49:00+08:00 gpu_free_mib=22893
event=resource_wait time=2026-07-24T12:50:00+08:00 gpu_free_mib=22893
event=resource_wait time=2026-07-24T12:51:00+08:00 gpu_free_mib=22893
event=resource_wait time=2026-07-24T12:52:00+08:00 gpu_free_mib=22893
event=resource_wait time=2026-07-24T12:53:00+08:00 gpu_free_mib=22893
event=resource_wait time=2026-07-24T12:54:00+08:00 gpu_free_mib=22893
event=resource_wait time=2026-07-24T12:55:01+08:00 gpu_free_mib=22893
event=resource_wait time=2026-07-24T12:56:01+08:00 gpu_free_mib=22893
event=resource_wait time=2026-07-24T12:57:01+08:00 gpu_free_mib=22893
event=resource_wait time=2026-07-24T12:58:01+08:00 gpu_free_mib=22893
event=resource_wait time=2026-07-24T12:59:01+08:00 gpu_free_mib=22893
event=resource_wait time=2026-07-24T13:00:01+08:00 gpu_free_mib=22893
event=resource_wait time=2026-07-24T13:01:01+08:00 gpu_free_mib=22893
event=resource_wait time=2026-07-24T13:02:01+08:00 gpu_free_mib=22893
event=resource_wait time=2026-07-24T13:03:01+08:00 gpu_free_mib=22893
event=resource_wait time=2026-07-24T13:04:01+08:00 gpu_free_mib=22893
event=resource_wait time=2026-07-24T13:05:01+08:00 gpu_free_mib=22893
event=resource_wait time=2026-07-24T13:06:01+08:00 gpu_free_mib=22893
event=resource_wait time=2026-07-24T13:07:02+08:00 gpu_free_mib=22893
event=resource_wait time=2026-07-24T13:08:02+08:00 gpu_free_mib=22893
event=resource_wait time=2026-07-24T13:09:02+08:00 gpu_free_mib=22893
event=resource_wait time=2026-07-24T13:10:02+08:00 gpu_free_mib=22893
event=resource_wait time=2026-07-24T13:11:02+08:00 gpu_free_mib=22893
event=resource_wait time=2026-07-24T13:12:02+08:00 gpu_free_mib=22893
event=resource_wait time=2026-07-24T13:13:02+08:00 gpu_free_mib=22893
event=resource_wait time=2026-07-24T13:14:02+08:00 gpu_free_mib=22893
event=resource_wait time=2026-07-24T13:15:02+08:00 gpu_free_mib=22893
event=resource_wait time=2026-07-24T13:16:02+08:00 gpu_free_mib=22893
event=resource_wait time=2026-07-24T13:17:02+08:00 gpu_free_mib=22893
event=resource_wait time=2026-07-24T13:18:03+08:00 gpu_free_mib=22893
event=resource_wait time=2026-07-24T13:19:03+08:00 gpu_free_mib=22893
2026-07-24T13:19:52+08:00 TRAK analysis pipeline already running
event=smoke_oom_retry time=2026-07-24T13:20:45+08:00 archived=/home/xushijie/CUPID/results/stage3_transport/trak_smoke_failed_proj_batch32_20260724_132045 proj_max_batch_size=16
event=pipeline_fail time=2026-07-24T13:20:58+08:00 rc=1 line=143
event=trak_start time=2026-07-24T13:37:04+08:00 proj_max_batch_size=32
event=trak_resume_detected time=2026-07-24T15:12:27+08:00 trak_dir=/home/xushijie/CUPID/repo/data/outputs/eval_save_episodes/20260722_cupid_transport_stage3_rollout100/20260722_cupid_transport_stage3_train_diffusion_unet_lowdim_transport_mh_0/latest/default_trak_results-proj_dim=4000-lambda_reg=0.0-num_ckpts=1-seed=0-loss_fn=square-num_timesteps=64
event=smoke_reuse time=2026-07-24T15:12:27+08:00 proj_max_batch_size=32
event=trak_start time=2026-07-24T15:12:27+08:00 proj_max_batch_size=32
event=trak_resume_detected time=2026-07-24T15:17:34+08:00 trak_dir=/home/xushijie/CUPID/repo/data/outputs/eval_save_episodes/20260722_cupid_transport_stage3_rollout100/20260722_cupid_transport_stage3_train_diffusion_unet_lowdim_transport_mh_0/latest/default_trak_results-proj_dim=4000-lambda_reg=0.0-num_ckpts=1-seed=0-loss_fn=square-num_timesteps=64
event=smoke_reuse time=2026-07-24T15:17:34+08:00 proj_max_batch_size=32
event=trak_start time=2026-07-24T15:17:34+08:00 proj_max_batch_size=32
event=analysis_child_exit time=2026-07-24T15:54:47+08:00 return_code=141 restart=true
event=trak_resume_detected time=2026-07-24T15:55:03+08:00 trak_dir=/home/xushijie/CUPID/repo/data/outputs/eval_save_episodes/20260722_cupid_transport_stage3_rollout100/20260722_cupid_transport_stage3_train_diffusion_unet_lowdim_transport_mh_0/latest/default_trak_results-proj_dim=4000-lambda_reg=0.0-num_ckpts=1-seed=0-loss_fn=square-num_timesteps=64
event=smoke_reuse time=2026-07-24T15:55:03+08:00 proj_max_batch_size=32
event=trak_start time=2026-07-24T15:55:03+08:00 proj_max_batch_size=32
event=analysis_child_exit time=2026-07-24T16:04:47+08:00 return_code=141 restart=true
event=trak_resume_detected time=2026-07-24T16:05:03+08:00 trak_dir=/home/xushijie/CUPID/repo/data/outputs/eval_save_episodes/20260722_cupid_transport_stage3_rollout100/20260722_cupid_transport_stage3_train_diffusion_unet_lowdim_transport_mh_0/latest/default_trak_results-proj_dim=4000-lambda_reg=0.0-num_ckpts=1-seed=0-loss_fn=square-num_timesteps=64
event=smoke_reuse time=2026-07-24T16:05:03+08:00 proj_max_batch_size=32
event=trak_start time=2026-07-24T16:05:03+08:00 proj_max_batch_size=32
event=analysis_child_exit time=2026-07-24T16:14:54+08:00 return_code=141 restart=true
event=trak_resume_detected time=2026-07-24T16:15:09+08:00 trak_dir=/home/xushijie/CUPID/repo/data/outputs/eval_save_episodes/20260722_cupid_transport_stage3_rollout100/20260722_cupid_transport_stage3_train_diffusion_unet_lowdim_transport_mh_0/latest/default_trak_results-proj_dim=4000-lambda_reg=0.0-num_ckpts=1-seed=0-loss_fn=square-num_timesteps=64
event=smoke_reuse time=2026-07-24T16:15:09+08:00 proj_max_batch_size=32
event=trak_start time=2026-07-24T16:15:10+08:00 proj_max_batch_size=32
event=analysis_child_exit time=2026-07-24T16:25:03+08:00 return_code=141 restart=true
event=trak_resume_detected time=2026-07-24T16:25:19+08:00 trak_dir=/home/xushijie/CUPID/repo/data/outputs/eval_save_episodes/20260722_cupid_transport_stage3_rollout100/20260722_cupid_transport_stage3_train_diffusion_unet_lowdim_transport_mh_0/latest/default_trak_results-proj_dim=4000-lambda_reg=0.0-num_ckpts=1-seed=0-loss_fn=square-num_timesteps=64
event=smoke_reuse time=2026-07-24T16:25:19+08:00 proj_max_batch_size=32
event=trak_start time=2026-07-24T16:25:19+08:00 proj_max_batch_size=32
event=analysis_child_exit time=2026-07-24T16:35:04+08:00 return_code=141 restart=true
event=trak_resume_detected time=2026-07-24T16:35:19+08:00 trak_dir=/home/xushijie/CUPID/repo/data/outputs/eval_save_episodes/20260722_cupid_transport_stage3_rollout100/20260722_cupid_transport_stage3_train_diffusion_unet_lowdim_transport_mh_0/latest/default_trak_results-proj_dim=4000-lambda_reg=0.0-num_ckpts=1-seed=0-loss_fn=square-num_timesteps=64
event=smoke_reuse time=2026-07-24T16:35:19+08:00 proj_max_batch_size=32
event=trak_start time=2026-07-24T16:35:20+08:00 proj_max_batch_size=32
event=analysis_child_exit time=2026-07-24T16:45:16+08:00 return_code=141 restart=true
event=trak_resume_detected time=2026-07-24T16:45:32+08:00 trak_dir=/home/xushijie/CUPID/repo/data/outputs/eval_save_episodes/20260722_cupid_transport_stage3_rollout100/20260722_cupid_transport_stage3_train_diffusion_unet_lowdim_transport_mh_0/latest/default_trak_results-proj_dim=4000-lambda_reg=0.0-num_ckpts=1-seed=0-loss_fn=square-num_timesteps=64
event=smoke_reuse time=2026-07-24T16:45:32+08:00 proj_max_batch_size=32
event=trak_start time=2026-07-24T16:45:32+08:00 proj_max_batch_size=32
event=trak_pass time=2026-07-25T02:57:03+08:00 wall_time_seconds=36690
event=pipeline_pass time=2026-07-25T03:32:10+08:00
