/home/xushijie/.conda/envs/cupid/lib/python3.9/site-packages/llvmlite/binding/ffi.py:175: UserWarning: pkg_resources is deprecated as an API. See https://setuptools.pypa.io/en/latest/pkg_resources.html. The pkg_resources package is slated for removal as early as 2025-11-30. Refrain from using this package or pin to Setuptools<81.
  from pkg_resources import resource_filename
numcodec 'imagecodecs_aec' already registered
numcodec 'imagecodecs_apng' already registered
numcodec 'imagecodecs_avif' already registered
numcodec 'imagecodecs_bitorder' already registered
numcodec 'imagecodecs_bitshuffle' already registered
numcodec 'imagecodecs_blosc' already registered
numcodec 'imagecodecs_blosc2' already registered
numcodec 'imagecodecs_brotli' already registered
numcodec 'imagecodecs_byteshuffle' already registered
numcodec 'imagecodecs_bz2' already registered
numcodec 'imagecodecs_cms' already registered
numcodec 'imagecodecs_deflate' already registered
numcodec 'imagecodecs_delta' already registered
numcodec 'imagecodecs_float24' already registered
numcodec 'imagecodecs_floatpred' already registered
numcodec 'imagecodecs_gif' already registered
numcodec 'imagecodecs_heif' already registered
numcodec 'imagecodecs_jetraw' already registered
numcodec 'imagecodecs_jpeg' already registered
numcodec 'imagecodecs_jpeg2k' already registered
numcodec 'imagecodecs_jpegls' already registered
numcodec 'imagecodecs_jpegxl' already registered
numcodec 'imagecodecs_jpegxr' already registered
numcodec 'imagecodecs_lerc' already registered
numcodec 'imagecodecs_ljpeg' already registered
numcodec 'imagecodecs_lz4' already registered
numcodec 'imagecodecs_lz4f' already registered
numcodec 'imagecodecs_lzf' already registered
numcodec 'imagecodecs_lzma' already registered
numcodec 'imagecodecs_lzw' already registered
numcodec 'imagecodecs_packbits' already registered
numcodec 'imagecodecs_pglz' already registered
numcodec 'imagecodecs_png' already registered
numcodec 'imagecodecs_qoi' already registered
numcodec 'imagecodecs_rcomp' already registered
numcodec 'imagecodecs_snappy' already registered
numcodec 'imagecodecs_spng' already registered
numcodec 'imagecodecs_tiff' already registered
numcodec 'imagecodecs_webp' already registered
numcodec 'imagecodecs_xor' already registered
numcodec 'imagecodecs_zfp' already registered
numcodec 'imagecodecs_zlib' already registered
numcodec 'imagecodecs_zlibng' already registered
numcodec 'imagecodecs_zopfli' already registered
numcodec 'imagecodecs_zstd' already registered
Diffusion params: 1.718120e+07
Loading hdf5 to ReplayBuffer:   0%|          | 0/300 [00:00<?, ?it/s]Loading hdf5 to ReplayBuffer:   9%|▉         | 27/300 [00:00<00:01, 268.43it/s]Loading hdf5 to ReplayBuffer:  20%|██        | 61/300 [00:00<00:00, 304.98it/s]Loading hdf5 to ReplayBuffer:  31%|███       | 93/300 [00:00<00:00, 307.69it/s]Loading hdf5 to ReplayBuffer:  41%|████▏     | 124/300 [00:00<00:00, 273.07it/s]Loading hdf5 to ReplayBuffer:  51%|█████     | 152/300 [00:00<00:00, 275.08it/s]Loading hdf5 to ReplayBuffer:  61%|██████    | 183/300 [00:00<00:00, 285.04it/s]Loading hdf5 to ReplayBuffer:  71%|███████   | 212/300 [00:00<00:00, 250.56it/s]Loading hdf5 to ReplayBuffer:  79%|███████▉  | 238/300 [00:00<00:00, 247.36it/s]Loading hdf5 to ReplayBuffer:  89%|████████▉ | 267/300 [00:00<00:00, 259.27it/s]Loading hdf5 to ReplayBuffer:  98%|█████████▊| 294/300 [00:01<00:00, 258.63it/s]Loading hdf5 to ReplayBuffer: 100%|██████████| 300/300 [00:01<00:00, 265.75it/s]
ERROR:TRAK:Could not use CudaProjector.
Reason: No module named 'fast_jl'
ERROR:TRAK:Defaulting to BasicProjector.
INFO:STORE:No existing model IDs in /home/__compress_data/xushijie/CUPID/results/stage3_transport/trak_smoke/trak.
INFO:STORE:No existing TRAK scores in /home/__compress_data/xushijie/CUPID/results/stage3_transport/trak_smoke/trak.
Finalizing features for all model IDs..:   0%|          | 0/1 [00:00<?, ?it/s]Finalizing features for all model IDs..: 100%|██████████| 1/1 [00:21<00:00, 21.39s/it]Finalizing features for all model IDs..: 100%|██████████| 1/1 [00:21<00:00, 21.39s/it]
Finalizing scores for all model IDs..:   0%|          | 0/1 [00:00<?, ?it/s]Finalizing scores for all model IDs..: 100%|██████████| 1/1 [00:00<00:00,  5.85it/s]Finalizing scores for all model IDs..: 100%|██████████| 1/1 [00:00<00:00,  5.84it/s]
INFO:STORE:Saving scores in /home/__compress_data/xushijie/CUPID/results/stage3_transport/trak_smoke/trak/scores/smoke_targets.mmap
{
  "status": "PASS",
  "physical_gpu": "1",
  "gpu_name": "NVIDIA A100-SXM4-40GB",
  "checkpoint": "/home/__compress_data/xushijie/CUPID/repo/data/outputs/train/20260722_cupid_transport_stage3/20260722_cupid_transport_stage3_train_diffusion_unet_lowdim_transport_mh_0/checkpoints/latest.ckpt",
  "batch_size": 64,
  "requested_source_samples": 4096,
  "proj_dim": 4000,
  "proj_max_batch_size": 32,
  "num_timesteps": 64,
  "seed": 0,
  "load_seconds": 4.242,
  "gradient_parameter_count": 17181204,
  "featurize_source_seconds": 734.957,
  "featurize_one_batch_seconds": 11.484,
  "finalize_features_seconds": 21.44,
  "score_one_batch_seconds": 11.787,
  "finalize_scores_seconds": 0.427,
  "source_samples": 4096,
  "target_samples": 64,
  "score_shape": [
    4096,
    64
  ],
  "score_min": -2.125165337929502e-05,
  "score_max": 2.0074898202437907e-05,
  "peak_allocated_memory_mib": 15503.4,
  "peak_reserved_memory_mib": 15886.0,
  "output_bytes": 133178419,
  "wall_time_seconds": 773.677
}
