package_version=2.2.0
feature_name=wl
graph_representation=ilg
iterations=2
pruning=a-m
multiset_hash=0
domain=wlplan.planning.Domain(name=depots, predicates=[at/2, available/1, clear/1, in/2, lifting/2, on/2], functions=[], schemata=[Drive/3, Drop/4, Lift/4, Load/4, Unload/4], constant_objects=[])
weights_size=145
[run] ALT_WL_ADD joint joint_n6k1h2_001 -> SOLVED expanded 28 wall 0.2s
[run] ALT_WL_ADD joint joint_n6k1h2_005 -> SOLVED expanded 78 wall 0.2s
[run] ALT_WL_ADD joint joint_n6k1h2_009 -> SOLVED expanded 52 wall 0.2s
[run] ALT_WL_ADD joint joint_n6k1h2_013 -> SOLVED expanded 26 wall 0.2s
[run] ALT_WL_ADD joint joint_n6k1h4_001 -> SOLVED expanded 368 wall 0.3s
[run] ALT_WL_ADD joint joint_n6k1h4_005 -> SOLVED expanded 548 wall 0.3s
[run] ALT_WL_ADD joint joint_n6k1h4_009 -> SOLVED expanded 436 wall 0.3s
[run] ALT_WL_ADD joint joint_n6k1h4_013 -> SOLVED expanded 26 wall 0.2s
[run] ALT_WL_ADD joint joint_n6k2h2_001 -> SOLVED expanded 64 wall 0.2s
[run] ALT_WL_ADD joint joint_n6k2h2_005 -> SOLVED expanded 30 wall 0.2s
[run] ALT_WL_ADD joint joint_n6k2h2_009 -> SOLVED expanded 40 wall 0.2s
[run] ALT_WL_ADD joint joint_n6k2h2_013 -> SOLVED expanded 64 wall 0.2s
[run] ALT_WL_ADD joint joint_n6k2h4_001 -> SOLVED expanded 146 wall 0.2s
[run] ALT_WL_ADD joint joint_n6k2h4_005 -> SOLVED expanded 84 wall 0.2s
[run] ALT_WL_ADD joint joint_n6k2h4_009 -> SOLVED expanded 154 wall 0.2s
[run] ALT_WL_ADD joint joint_n6k2h4_013 -> SOLVED expanded 41 wall 0.2s
[run] ALT_WL_ADD joint joint_n8k1h2_001 -> SOLVED expanded 40 wall 0.2s
[run] ALT_WL_ADD joint joint_n8k1h2_005 -> SOLVED expanded 80 wall 0.3s
[run] ALT_WL_ADD joint joint_n8k1h2_009 -> SOLVED expanded 48 wall 0.3s
[run] ALT_WL_ADD joint joint_n8k1h2_013 -> SOLVED expanded 56 wall 0.3s
[run] ALT_WL_ADD joint joint_n8k1h4_001 -> SOLVED expanded 3454 wall 1.7s
[run] ALT_WL_ADD joint joint_n8k1h4_005 -> SOLVED expanded 420 wall 0.4s
[run] ALT_WL_ADD joint joint_n8k1h4_009 -> SOLVED expanded 74 wall 0.3s
[run] ALT_WL_ADD joint joint_n8k1h4_013 -> SOLVED expanded 196 wall 0.3s
[run] ALT_WL_ADD joint joint_n8k2h2_001 -> SOLVED expanded 120 wall 0.3s
[run] ALT_WL_ADD joint joint_n8k2h2_005 -> SOLVED expanded 82 wall 0.3s
[run] ALT_WL_ADD joint joint_n8k2h2_009 -> SOLVED expanded 36 wall 0.2s
[run] ALT_WL_ADD joint joint_n8k2h2_013 -> SOLVED expanded 54 wall 0.3s
[run] ALT_WL_ADD joint joint_n8k2h4_001 -> SOLVED expanded 78 wall 0.3s
[run] ALT_WL_ADD joint joint_n8k2h4_005 -> SOLVED expanded 448 wall 0.4s
[run] ALT_WL_ADD joint joint_n8k2h4_009 -> SOLVED expanded 206 wall 0.3s
[run] ALT_WL_ADD joint joint_n8k2h4_013 -> SOLVED expanded 2282 wall 1.2s
