package_version=2.2.0
feature_name=wl
graph_representation=ilg
iterations=2
pruning=a-m
multiset_hash=0
domain=wlplan.planning.Domain(name=depots, predicates=[at/2, available/1, clear/1, in/2, lifting/2, on/2], functions=[], schemata=[Drive/3, Drop/4, Lift/4, Load/4, Unload/4], constant_objects=[])
weights_size=145
[run] ALT_WL_ADD joint joint_n6k1h2_003 -> SOLVED expanded 18 wall 0.2s
[run] ALT_WL_ADD joint joint_n6k1h2_007 -> SOLVED expanded 44 wall 0.2s
[run] ALT_WL_ADD joint joint_n6k1h2_011 -> SOLVED expanded 20 wall 0.2s
[run] ALT_WL_ADD joint joint_n6k1h2_015 -> SOLVED expanded 11 wall 0.2s
[run] ALT_WL_ADD joint joint_n6k1h4_003 -> SOLVED expanded 206 wall 0.2s
[run] ALT_WL_ADD joint joint_n6k1h4_007 -> SOLVED expanded 74 wall 0.2s
[run] ALT_WL_ADD joint joint_n6k1h4_011 -> SOLVED expanded 48 wall 0.2s
[run] ALT_WL_ADD joint joint_n6k1h4_015 -> SOLVED expanded 118 wall 0.2s
[run] ALT_WL_ADD joint joint_n6k2h2_003 -> SOLVED expanded 36 wall 0.2s
[run] ALT_WL_ADD joint joint_n6k2h2_007 -> SOLVED expanded 90 wall 0.2s
[run] ALT_WL_ADD joint joint_n6k2h2_011 -> SOLVED expanded 16 wall 0.2s
[run] ALT_WL_ADD joint joint_n6k2h2_015 -> SOLVED expanded 76 wall 0.2s
[run] ALT_WL_ADD joint joint_n6k2h4_003 -> SOLVED expanded 56 wall 0.2s
[run] ALT_WL_ADD joint joint_n6k2h4_007 -> SOLVED expanded 54 wall 0.2s
[run] ALT_WL_ADD joint joint_n6k2h4_011 -> SOLVED expanded 514 wall 0.3s
[run] ALT_WL_ADD joint joint_n6k2h4_015 -> SOLVED expanded 78 wall 0.2s
[run] ALT_WL_ADD joint joint_n8k1h2_003 -> SOLVED expanded 66 wall 0.3s
[run] ALT_WL_ADD joint joint_n8k1h2_007 -> SOLVED expanded 86 wall 0.3s
[run] ALT_WL_ADD joint joint_n8k1h2_011 -> SOLVED expanded 36 wall 0.2s
[run] ALT_WL_ADD joint joint_n8k1h2_015 -> SOLVED expanded 82 wall 0.3s
[run] ALT_WL_ADD joint joint_n8k1h4_003 -> SOLVED expanded 72 wall 0.3s
[run] ALT_WL_ADD joint joint_n8k1h4_007 -> SOLVED expanded 1638 wall 0.8s
[run] ALT_WL_ADD joint joint_n8k1h4_011 -> SOLVED expanded 108 wall 0.3s
[run] ALT_WL_ADD joint joint_n8k1h4_015 -> SOLVED expanded 44 wall 0.2s
[run] ALT_WL_ADD joint joint_n8k2h2_003 -> SOLVED expanded 110 wall 0.3s
[run] ALT_WL_ADD joint joint_n8k2h2_007 -> SOLVED expanded 56 wall 0.3s
[run] ALT_WL_ADD joint joint_n8k2h2_011 -> SOLVED expanded 112 wall 0.3s
[run] ALT_WL_ADD joint joint_n8k2h2_015 -> SOLVED expanded 40 wall 0.2s
[run] ALT_WL_ADD joint joint_n8k2h4_003 -> SOLVED expanded 2794 wall 1.3s
[run] ALT_WL_ADD joint joint_n8k2h4_007 -> SOLVED expanded 94 wall 0.3s
[run] ALT_WL_ADD joint joint_n8k2h4_011 -> SOLVED expanded 24 wall 0.2s
[run] ALT_WL_ADD joint joint_n8k2h4_015 -> SOLVED expanded 56 wall 0.3s
