package_version=2.2.0
feature_name=wl
graph_representation=ilg
iterations=2
pruning=a-m
multiset_hash=0
domain=wlplan.planning.Domain(name=depots, predicates=[at/2, available/1, clear/1, in/2, lifting/2, on/2], functions=[], schemata=[Drive/3, Drop/4, Lift/4, Load/4, Unload/4], constant_objects=[])
weights_size=145
[run] ALT_WL_ADD joint joint_n6k1h2_002 -> SOLVED expanded 54 wall 0.2s
[run] ALT_WL_ADD joint joint_n6k1h2_006 -> SOLVED expanded 40 wall 0.2s
[run] ALT_WL_ADD joint joint_n6k1h2_010 -> SOLVED expanded 36 wall 0.2s
[run] ALT_WL_ADD joint joint_n6k1h2_014 -> SOLVED expanded 38 wall 0.2s
[run] ALT_WL_ADD joint joint_n6k1h4_002 -> SOLVED expanded 302 wall 0.3s
[run] ALT_WL_ADD joint joint_n6k1h4_006 -> SOLVED expanded 42 wall 0.2s
[run] ALT_WL_ADD joint joint_n6k1h4_010 -> SOLVED expanded 156 wall 0.2s
[run] ALT_WL_ADD joint joint_n6k1h4_014 -> SOLVED expanded 318 wall 0.3s
[run] ALT_WL_ADD joint joint_n6k2h2_002 -> SOLVED expanded 50 wall 0.2s
[run] ALT_WL_ADD joint joint_n6k2h2_006 -> SOLVED expanded 50 wall 0.2s
[run] ALT_WL_ADD joint joint_n6k2h2_010 -> SOLVED expanded 18 wall 0.2s
[run] ALT_WL_ADD joint joint_n6k2h2_014 -> SOLVED expanded 56 wall 0.2s
[run] ALT_WL_ADD joint joint_n6k2h4_002 -> SOLVED expanded 132 wall 0.2s
[run] ALT_WL_ADD joint joint_n6k2h4_006 -> SOLVED expanded 430 wall 0.3s
[run] ALT_WL_ADD joint joint_n6k2h4_010 -> SOLVED expanded 186 wall 0.2s
[run] ALT_WL_ADD joint joint_n6k2h4_014 -> SOLVED expanded 14 wall 0.2s
[run] ALT_WL_ADD joint joint_n8k1h2_002 -> SOLVED expanded 50 wall 0.3s
[run] ALT_WL_ADD joint joint_n8k1h2_006 -> SOLVED expanded 38 wall 0.2s
[run] ALT_WL_ADD joint joint_n8k1h2_010 -> SOLVED expanded 20 wall 0.2s
[run] ALT_WL_ADD joint joint_n8k1h2_014 -> SOLVED expanded 22 wall 0.2s
[run] ALT_WL_ADD joint joint_n8k1h4_002 -> SOLVED expanded 72 wall 0.3s
[run] ALT_WL_ADD joint joint_n8k1h4_006 -> SOLVED expanded 100 wall 0.3s
[run] ALT_WL_ADD joint joint_n8k1h4_010 -> SOLVED expanded 682 wall 0.5s
[run] ALT_WL_ADD joint joint_n8k1h4_014 -> SOLVED expanded 298 wall 0.3s
[run] ALT_WL_ADD joint joint_n8k2h2_002 -> SOLVED expanded 62 wall 0.3s
[run] ALT_WL_ADD joint joint_n8k2h2_006 -> SOLVED expanded 46 wall 0.2s
[run] ALT_WL_ADD joint joint_n8k2h2_010 -> SOLVED expanded 32 wall 0.2s
[run] ALT_WL_ADD joint joint_n8k2h2_014 -> SOLVED expanded 94 wall 0.3s
[run] ALT_WL_ADD joint joint_n8k2h4_002 -> SOLVED expanded 238 wall 0.3s
[run] ALT_WL_ADD joint joint_n8k2h4_006 -> SOLVED expanded 1250 wall 0.7s
[run] ALT_WL_ADD joint joint_n8k2h4_010 -> SOLVED expanded 148 wall 0.3s
[run] ALT_WL_ADD joint joint_n8k2h4_014 -> SOLVED expanded 100 wall 0.3s
