package_version=2.2.0
feature_name=wl
graph_representation=ilg
iterations=2
pruning=a-m
multiset_hash=0
domain=wlplan.planning.Domain(name=depots, predicates=[at/2, available/1, clear/1, in/2, lifting/2, on/2], functions=[], schemata=[Drive/3, Drop/4, Lift/4, Load/4, Unload/4], constant_objects=[])
weights_size=145
[run] ALT_WL_ADD struct struct_n4_000 -> SOLVED expanded 44 wall 0.2s
[run] ALT_WL_ADD struct struct_n4_001 -> SOLVED expanded 22 wall 0.2s
[run] ALT_WL_ADD struct struct_n4_002 -> SOLVED expanded 22 wall 0.2s
[run] ALT_WL_ADD struct struct_n4_003 -> SOLVED expanded 20 wall 0.2s
[run] ALT_WL_ADD struct struct_n4_004 -> SOLVED expanded 23 wall 0.2s
[run] ALT_WL_ADD struct struct_n4_005 -> SOLVED expanded 26 wall 0.2s
[run] ALT_WL_ADD struct struct_n4_006 -> SOLVED expanded 40 wall 0.2s
[run] ALT_WL_ADD struct struct_n4_007 -> SOLVED expanded 64 wall 0.2s
[run] ALT_WL_ADD struct struct_n4_008 -> SOLVED expanded 18 wall 0.1s
[run] ALT_WL_ADD struct struct_n4_009 -> SOLVED expanded 32 wall 0.2s
[run] ALT_WL_ADD struct struct_n4_010 -> SOLVED expanded 38 wall 0.2s
[run] ALT_WL_ADD struct struct_n4_011 -> SOLVED expanded 90 wall 0.2s
[run] ALT_WL_ADD struct struct_n4_012 -> SOLVED expanded 28 wall 0.2s
[run] ALT_WL_ADD struct struct_n4_013 -> SOLVED expanded 4 wall 0.1s
[run] ALT_WL_ADD struct struct_n4_014 -> SOLVED expanded 2 wall 0.1s
[run] ALT_WL_ADD struct struct_n4_015 -> SOLVED expanded 20 wall 0.2s
[run] ALT_WL_ADD struct struct_n5_000 -> SOLVED expanded 44 wall 0.2s
[run] ALT_WL_ADD struct struct_n5_001 -> SOLVED expanded 60 wall 0.2s
[run] ALT_WL_ADD struct struct_n5_002 -> SOLVED expanded 72 wall 0.2s
[run] ALT_WL_ADD struct struct_n5_003 -> SOLVED expanded 62 wall 0.2s
[run] ALT_WL_ADD struct struct_n5_004 -> SOLVED expanded 40 wall 0.2s
[run] ALT_WL_ADD struct struct_n5_005 -> SOLVED expanded 72 wall 0.2s
[run] ALT_WL_ADD struct struct_n5_006 -> SOLVED expanded 46 wall 0.2s
[run] ALT_WL_ADD struct struct_n5_007 -> SOLVED expanded 30 wall 0.2s
[run] ALT_WL_ADD struct struct_n5_008 -> SOLVED expanded 42 wall 0.2s
[run] ALT_WL_ADD struct struct_n5_009 -> SOLVED expanded 64 wall 0.2s
[run] ALT_WL_ADD struct struct_n5_010 -> SOLVED expanded 102 wall 0.2s
[run] ALT_WL_ADD struct struct_n5_011 -> SOLVED expanded 28 wall 0.2s
[run] ALT_WL_ADD struct struct_n5_012 -> SOLVED expanded 84 wall 0.2s
[run] ALT_WL_ADD struct struct_n5_013 -> SOLVED expanded 26 wall 0.2s
[run] ALT_WL_ADD struct struct_n5_014 -> SOLVED expanded 56 wall 0.2s
[run] ALT_WL_ADD struct struct_n5_015 -> SOLVED expanded 90 wall 0.2s
