package_version=2.2.0
feature_name=wl
graph_representation=ilg
iterations=2
pruning=a-m
multiset_hash=0
domain=wlplan.planning.Domain(name=depots, predicates=[at/2, available/1, clear/1, in/2, lifting/2, on/2], functions=[], schemata=[Drive/3, Drop/4, Lift/4, Load/4, Unload/4], constant_objects=[])
weights_size=145
[run] ALT_WL_ADD joint joint_n6k1h2_000 -> SOLVED expanded 40 wall 0.2s
[run] ALT_WL_ADD joint joint_n6k1h2_004 -> SOLVED expanded 36 wall 0.2s
[run] ALT_WL_ADD joint joint_n6k1h2_008 -> SOLVED expanded 72 wall 0.2s
[run] ALT_WL_ADD joint joint_n6k1h2_012 -> SOLVED expanded 40 wall 0.2s
[run] ALT_WL_ADD joint joint_n6k1h4_000 -> SOLVED expanded 72 wall 0.2s
[run] ALT_WL_ADD joint joint_n6k1h4_004 -> SOLVED expanded 46 wall 0.2s
[run] ALT_WL_ADD joint joint_n6k1h4_008 -> SOLVED expanded 992 wall 0.4s
[run] ALT_WL_ADD joint joint_n6k1h4_012 -> SOLVED expanded 414 wall 0.3s
[run] ALT_WL_ADD joint joint_n6k2h2_000 -> SOLVED expanded 36 wall 0.2s
[run] ALT_WL_ADD joint joint_n6k2h2_004 -> SOLVED expanded 60 wall 0.2s
[run] ALT_WL_ADD joint joint_n6k2h2_008 -> SOLVED expanded 54 wall 0.2s
[run] ALT_WL_ADD joint joint_n6k2h2_012 -> SOLVED expanded 30 wall 0.2s
[run] ALT_WL_ADD joint joint_n6k2h4_000 -> SOLVED expanded 426 wall 0.3s
[run] ALT_WL_ADD joint joint_n6k2h4_004 -> SOLVED expanded 76 wall 0.2s
[run] ALT_WL_ADD joint joint_n6k2h4_008 -> SOLVED expanded 86 wall 0.2s
[run] ALT_WL_ADD joint joint_n6k2h4_012 -> SOLVED expanded 96 wall 0.2s
[run] ALT_WL_ADD joint joint_n8k1h2_000 -> SOLVED expanded 42 wall 0.2s
[run] ALT_WL_ADD joint joint_n8k1h2_004 -> SOLVED expanded 28 wall 0.2s
[run] ALT_WL_ADD joint joint_n8k1h2_008 -> SOLVED expanded 64 wall 0.3s
[run] ALT_WL_ADD joint joint_n8k1h2_012 -> SOLVED expanded 36 wall 0.2s
[run] ALT_WL_ADD joint joint_n8k1h4_000 -> SOLVED expanded 94 wall 0.3s
[run] ALT_WL_ADD joint joint_n8k1h4_004 -> SOLVED expanded 32 wall 0.2s
[run] ALT_WL_ADD joint joint_n8k1h4_008 -> SOLVED expanded 336 wall 0.4s
[run] ALT_WL_ADD joint joint_n8k1h4_012 -> SOLVED expanded 48 wall 0.2s
[run] ALT_WL_ADD joint joint_n8k2h2_000 -> SOLVED expanded 58 wall 0.3s
[run] ALT_WL_ADD joint joint_n8k2h2_004 -> SOLVED expanded 138 wall 0.3s
[run] ALT_WL_ADD joint joint_n8k2h2_008 -> SOLVED expanded 94 wall 0.3s
[run] ALT_WL_ADD joint joint_n8k2h2_012 -> SOLVED expanded 18 wall 0.2s
[run] ALT_WL_ADD joint joint_n8k2h4_000 -> SOLVED expanded 102 wall 0.3s
[run] ALT_WL_ADD joint joint_n8k2h4_004 -> SOLVED expanded 70 wall 0.3s
[run] ALT_WL_ADD joint joint_n8k2h4_008 -> SOLVED expanded 910 wall 0.6s
[run] ALT_WL_ADD joint joint_n8k2h4_012 -> SOLVED expanded 54 wall 0.2s
