package_version=2.2.0
feature_name=wl
graph_representation=ilg
iterations=2
pruning=a-m
multiset_hash=0
domain=wlplan.planning.Domain(name=depot, predicates=[at/2, available/1, clear/1, crate/1, depot/1, distributor/1, hoist/1, in/2, lifting/2, locatable/1, on/2, pallet/1, place/1, surface/1, truck/1], functions=[], schemata=[drive/3, drop/4, lift/4, load/4, unload/4], constant_objects=[])
weights_size=145
[run] EAGER_WL ipc ipc_p02 -> SOLVED expanded 59 wall 0.2s
[run] EAGER_HADD ipc ipc_p02 -> SOLVED expanded 18 wall 0.0s
[run] ALT_WL_ADD ipc ipc_p02 -> SOLVED expanded 22 wall 0.2s
[run] EAGER_WL ipc ipc_p04 -> SOLVED expanded 229 wall 0.3s
[run] EAGER_HADD ipc ipc_p04 -> SOLVED expanded 4817 wall 0.9s
[run] ALT_WL_ADD ipc ipc_p04 -> SOLVED expanded 128 wall 0.3s
[run] EAGER_WL ipc ipc_p06 -> SOLVED expanded 593 wall 1.0s
[run] EAGER_HADD ipc ipc_p06 -> NODE_LIMIT expanded 100000 wall 61.7s
[run] ALT_WL_ADD ipc ipc_p06 -> SOLVED expanded 432 wall 1.5s
[run] EAGER_WL ipc ipc_p08 -> SOLVED expanded 156 wall 0.5s
[run] EAGER_HADD ipc ipc_p08 -> NODE_LIMIT expanded 100000 wall 35.6s
[run] ALT_WL_ADD ipc ipc_p08 -> SOLVED expanded 27272 wall 18.2s
[run] EAGER_WL ipc ipc_p10 -> SOLVED expanded 337 wall 0.5s
[run] EAGER_HADD ipc ipc_p10 -> SOLVED expanded 52855 wall 9.6s
[run] ALT_WL_ADD ipc ipc_p10 -> SOLVED expanded 444 wall 0.7s
[run] EAGER_WL ipc ipc_p12 -> SOLVED expanded 978 wall 2.2s
[run] EAGER_HADD ipc ipc_p12 -> NODE_LIMIT expanded 100000 wall 154.3s
[run] ALT_WL_ADD ipc ipc_p12 -> SOLVED expanded 70244 wall 100.6s
[run] EAGER_WL ipc ipc_p14 -> NODE_LIMIT expanded 100000 wall 38.2s
[run] EAGER_HADD ipc ipc_p14 -> NODE_LIMIT expanded 100000 wall 69.9s
[run] ALT_WL_ADD ipc ipc_p14 -> NODE_LIMIT expanded 100000 wall 99.1s
[run] EAGER_WL ipc ipc_p16 -> SOLVED expanded 689 wall 0.9s
[run] EAGER_HADD ipc ipc_p16 -> NODE_LIMIT expanded 100000 wall 43.6s
[run] ALT_WL_ADD ipc ipc_p16 -> SOLVED expanded 10224 wall 12.8s
[run] EAGER_WL ipc ipc_p18 -> SOLVED expanded 1148 wall 3.7s
[run] EAGER_HADD ipc ipc_p18 -> NODE_LIMIT expanded 100000 wall 277.8s
[run] ALT_WL_ADD ipc ipc_p18 -> SOLVED expanded 432 wall 4.7s
[run] EAGER_WL ipc ipc_p20 -> NODE_LIMIT expanded 100000 wall 92.9s
[run] EAGER_HADD ipc ipc_p20 -> TIMEOUT expanded 81513 wall 300.3s
[run] ALT_WL_ADD ipc ipc_p20 -> TIMEOUT expanded 67849 wall 300.3s
[run] EAGER_WL ipc ipc_p22 -> SOLVED expanded 48652 wall 225.2s
[run] EAGER_HADD ipc ipc_p22 -> TIMEOUT expanded 11508 wall 300.1s
[run] ALT_WL_ADD ipc ipc_p22 -> SOLVED expanded 3986 wall 148.5s
