package_version=2.2.0
feature_name=wl
graph_representation=ilg
iterations=2
pruning=a-m
multiset_hash=0
domain=wlplan.planning.Domain(name=depot, predicates=[at/2, available/1, clear/1, crate/1, depot/1, distributor/1, hoist/1, in/2, lifting/2, locatable/1, on/2, pallet/1, place/1, surface/1, truck/1], functions=[], schemata=[drive/3, drop/4, lift/4, load/4, unload/4], constant_objects=[])
weights_size=145
[run] EAGER_WL ipc ipc_p01 -> SOLVED expanded 107 wall 0.2s
[run] EAGER_HADD ipc ipc_p01 -> SOLVED expanded 10 wall 0.0s
[run] ALT_WL_ADD ipc ipc_p01 -> SOLVED expanded 12 wall 0.1s
[run] EAGER_WL ipc ipc_p03 -> SOLVED expanded 128 wall 0.2s
[run] EAGER_HADD ipc ipc_p03 -> SOLVED expanded 66 wall 0.1s
[run] ALT_WL_ADD ipc ipc_p03 -> SOLVED expanded 86 wall 0.3s
[run] EAGER_WL ipc ipc_p05 -> SOLVED expanded 702 wall 0.5s
[run] EAGER_HADD ipc ipc_p05 -> SOLVED expanded 13208 wall 3.7s
[run] ALT_WL_ADD ipc ipc_p05 -> SOLVED expanded 492 wall 0.6s
[run] EAGER_WL ipc ipc_p07 -> SOLVED expanded 159 wall 0.3s
[run] EAGER_HADD ipc ipc_p07 -> SOLVED expanded 2719 wall 0.5s
[run] ALT_WL_ADD ipc ipc_p07 -> SOLVED expanded 268 wall 0.3s
[run] EAGER_WL ipc ipc_p09 -> SOLVED expanded 9284 wall 4.6s
[run] EAGER_HADD ipc ipc_p09 -> NODE_LIMIT expanded 100000 wall 72.1s
[run] ALT_WL_ADD ipc ipc_p09 -> SOLVED expanded 7594 wall 8.6s
[run] EAGER_WL ipc ipc_p11 -> SOLVED expanded 1556 wall 1.4s
[run] EAGER_HADD ipc ipc_p11 -> SOLVED expanded 19068 wall 10.1s
[run] ALT_WL_ADD ipc ipc_p11 -> SOLVED expanded 18454 wall 13.8s
[run] EAGER_WL ipc ipc_p13 -> SOLVED expanded 238 wall 0.5s
[run] EAGER_HADD ipc ipc_p13 -> SOLVED expanded 36 wall 0.2s
[run] ALT_WL_ADD ipc ipc_p13 -> SOLVED expanded 36 wall 0.5s
[run] EAGER_WL ipc ipc_p15 -> NODE_LIMIT expanded 100000 wall 56.5s
[run] EAGER_HADD ipc ipc_p15 -> NODE_LIMIT expanded 100000 wall 104.0s
[run] ALT_WL_ADD ipc ipc_p15 -> NODE_LIMIT expanded 100000 wall 161.7s
[run] EAGER_WL ipc ipc_p17 -> SOLVED expanded 588 wall 1.6s
[run] EAGER_HADD ipc ipc_p17 -> NODE_LIMIT expanded 100000 wall 114.7s
[run] ALT_WL_ADD ipc ipc_p17 -> SOLVED expanded 194 wall 1.7s
[run] EAGER_WL ipc ipc_p19 -> NODE_LIMIT expanded 100000 wall 52.6s
[run] EAGER_HADD ipc ipc_p19 -> NODE_LIMIT expanded 100000 wall 91.7s
[run] ALT_WL_ADD ipc ipc_p19 -> NODE_LIMIT expanded 100000 wall 103.7s
[run] EAGER_WL ipc ipc_p21 -> SOLVED expanded 25037 wall 61.2s
[run] EAGER_HADD ipc ipc_p21 -> SOLVED expanded 139 wall 2.9s
[run] ALT_WL_ADD ipc ipc_p21 -> SOLVED expanded 174 wall 5.6s
