{
  "decision": "REFINE1_TRAINING_COMPLETE",
  "checks": {
    "job_count_12": true,
    "all_pass": true,
    "all_cuda": true,
    "all_steps_2000": true,
    "all_checkpoint": true,
    "test_rollout_count_zero": true
  },
  "records": [
    {
      "job_id": "transport_recovery__linear_sarm_equiv__s20260912",
      "task_id": "transport_recovery",
      "method": "linear_sarm_equiv",
      "policy_seed": 20260912,
      "status": "PASS",
      "cuda_used": true,
      "optimizer_steps": 2000,
      "best_val_action_loss": 0.021133729305042686,
      "init_sha256": "17872c757630a60e36b378d31ddeb0ecc05c2eceeee3bc67aada59d31e50288e",
      "weight_sha256": "4fd714c408f41d097b83c547e10f154e5b8d4f68b256e5ee8f4aa2c1caf8f8bd",
      "checkpoint_exists": true
    },
    {
      "job_id": "transport_recovery__pathgraph_reward_v1_locked__s20260912",
      "task_id": "transport_recovery",
      "method": "pathgraph_reward_v1_locked",
      "policy_seed": 20260912,
      "status": "PASS",
      "cuda_used": true,
      "optimizer_steps": 2000,
      "best_val_action_loss": 0.02086560851507334,
      "init_sha256": "17872c757630a60e36b378d31ddeb0ecc05c2eceeee3bc67aada59d31e50288e",
      "weight_sha256": "47213ee58e174d01f3781eef760b809770baf3e48758c1ac7fb576f638c863fe",
      "checkpoint_exists": true
    },
    {
      "job_id": "transport_recovery__linear_sarm_equiv__s20260913",
      "task_id": "transport_recovery",
      "method": "linear_sarm_equiv",
      "policy_seed": 20260913,
      "status": "PASS",
      "cuda_used": true,
      "optimizer_steps": 2000,
      "best_val_action_loss": 0.02107434991016267,
      "init_sha256": "2bb28a500ad8722795713430062e54bb261afa5c1921e7320d027039c778db6e",
      "weight_sha256": "4fd714c408f41d097b83c547e10f154e5b8d4f68b256e5ee8f4aa2c1caf8f8bd",
      "checkpoint_exists": true
    },
    {
      "job_id": "transport_recovery__pathgraph_reward_v1_locked__s20260913",
      "task_id": "transport_recovery",
      "method": "pathgraph_reward_v1_locked",
      "policy_seed": 20260913,
      "status": "PASS",
      "cuda_used": true,
      "optimizer_steps": 2000,
      "best_val_action_loss": 0.020769766077157307,
      "init_sha256": "2bb28a500ad8722795713430062e54bb261afa5c1921e7320d027039c778db6e",
      "weight_sha256": "47213ee58e174d01f3781eef760b809770baf3e48758c1ac7fb576f638c863fe",
      "checkpoint_exists": true
    },
    {
      "job_id": "transport_recovery__linear_sarm_equiv__s20260914",
      "task_id": "transport_recovery",
      "method": "linear_sarm_equiv",
      "policy_seed": 20260914,
      "status": "PASS",
      "cuda_used": true,
      "optimizer_steps": 2000,
      "best_val_action_loss": 0.020971197198048106,
      "init_sha256": "d088aa24e44f3f405f47bae3d3251a56b41cf4dec54329cb40bc6319443d1aee",
      "weight_sha256": "4fd714c408f41d097b83c547e10f154e5b8d4f68b256e5ee8f4aa2c1caf8f8bd",
      "checkpoint_exists": true
    },
    {
      "job_id": "transport_recovery__pathgraph_reward_v1_locked__s20260914",
      "task_id": "transport_recovery",
      "method": "pathgraph_reward_v1_locked",
      "policy_seed": 20260914,
      "status": "PASS",
      "cuda_used": true,
      "optimizer_steps": 2000,
      "best_val_action_loss": 0.020651605358002947,
      "init_sha256": "d088aa24e44f3f405f47bae3d3251a56b41cf4dec54329cb40bc6319443d1aee",
      "weight_sha256": "47213ee58e174d01f3781eef760b809770baf3e48758c1ac7fb576f638c863fe",
      "checkpoint_exists": true
    },
    {
      "job_id": "transport_dual_order__linear_sarm_equiv__s20260912",
      "task_id": "transport_dual_order",
      "method": "linear_sarm_equiv",
      "policy_seed": 20260912,
      "status": "PASS",
      "cuda_used": true,
      "optimizer_steps": 2000,
      "best_val_action_loss": 6.812050269218161e-05,
      "init_sha256": "b6ea821dc4711f6ef6947e583b1f9ed41e582e9ee105625ed61f93f159618cb7",
      "weight_sha256": "4fd714c408f41d097b83c547e10f154e5b8d4f68b256e5ee8f4aa2c1caf8f8bd",
      "checkpoint_exists": true
    },
    {
      "job_id": "transport_dual_order__pathgraph_reward_v1_locked__s20260912",
      "task_id": "transport_dual_order",
      "method": "pathgraph_reward_v1_locked",
      "policy_seed": 20260912,
      "status": "PASS",
      "cuda_used": true,
      "optimizer_steps": 2000,
      "best_val_action_loss": 6.811623183735224e-05,
      "init_sha256": "b6ea821dc4711f6ef6947e583b1f9ed41e582e9ee105625ed61f93f159618cb7",
      "weight_sha256": "47213ee58e174d01f3781eef760b809770baf3e48758c1ac7fb576f638c863fe",
      "checkpoint_exists": true
    },
    {
      "job_id": "transport_dual_order__linear_sarm_equiv__s20260913",
      "task_id": "transport_dual_order",
      "method": "linear_sarm_equiv",
      "policy_seed": 20260913,
      "status": "PASS",
      "cuda_used": true,
      "optimizer_steps": 2000,
      "best_val_action_loss": 6.782566269976087e-05,
      "init_sha256": "9e9c6df1ab6009a88cd21f7bd44d07fd17b7c7bd82917cca3cad9ee70a288f21",
      "weight_sha256": "4fd714c408f41d097b83c547e10f154e5b8d4f68b256e5ee8f4aa2c1caf8f8bd",
      "checkpoint_exists": true
    },
    {
      "job_id": "transport_dual_order__pathgraph_reward_v1_locked__s20260913",
      "task_id": "transport_dual_order",
      "method": "pathgraph_reward_v1_locked",
      "policy_seed": 20260913,
      "status": "PASS",
      "cuda_used": true,
      "optimizer_steps": 2000,
      "best_val_action_loss": 6.783966051774438e-05,
      "init_sha256": "9e9c6df1ab6009a88cd21f7bd44d07fd17b7c7bd82917cca3cad9ee70a288f21",
      "weight_sha256": "47213ee58e174d01f3781eef760b809770baf3e48758c1ac7fb576f638c863fe",
      "checkpoint_exists": true
    },
    {
      "job_id": "transport_dual_order__linear_sarm_equiv__s20260914",
      "task_id": "transport_dual_order",
      "method": "linear_sarm_equiv",
      "policy_seed": 20260914,
      "status": "PASS",
      "cuda_used": true,
      "optimizer_steps": 2000,
      "best_val_action_loss": 6.788366206985136e-05,
      "init_sha256": "4a82acdebb89e201d9435b36160a9e7020699daf3b0e3bc4ea3af1dc25a9c883",
      "weight_sha256": "4fd714c408f41d097b83c547e10f154e5b8d4f68b256e5ee8f4aa2c1caf8f8bd",
      "checkpoint_exists": true
    },
    {
      "job_id": "transport_dual_order__pathgraph_reward_v1_locked__s20260914",
      "task_id": "transport_dual_order",
      "method": "pathgraph_reward_v1_locked",
      "policy_seed": 20260914,
      "status": "PASS",
      "cuda_used": true,
      "optimizer_steps": 2000,
      "best_val_action_loss": 6.800685573993674e-05,
      "init_sha256": "4a82acdebb89e201d9435b36160a9e7020699daf3b0e3bc4ea3af1dc25a9c883",
      "weight_sha256": "47213ee58e174d01f3781eef760b809770baf3e48758c1ac7fb576f638c863fe",
      "checkpoint_exists": true
    }
  ]
}
