[INFO t=1.4121s] Setting option specified in config file mode: wlf
[INFO t=1.4122s] Setting option specified in config file graph_representation: ilg
[INFO t=1.4123s] Setting option specified in config file iterations: 2
[INFO t=1.4123s] Setting option specified in config file features: wl
[INFO t=1.4123s] Setting option specified in config file optimisation: rank-svm
[INFO t=1.4124s] Setting option specified in config file feature_pruning: a-m
[INFO t=1.4124s] Setting option specified in config file hash: set
[INFO t=1.4124s] Setting option specified in config file data_pruning: equivalent-weighted
[INFO t=1.4125s] Setting option specified in config file state_representation: downward
[INFO t=1.4125s] WLF mode detected. Ignoring all GNN options.
[INFO t=1.4137s] TRAIN OPTIONS:
| Option               | Value                                                                                                                                         |
|:---------------------|:----------------------------------------------------------------------------------------------------------------------------------------------|
| domain_directory     | /home/xushijie3/work/graph_cp_disr/runs/final_master/c1_route_b/public_depots_rel_v1/20261008T063544Z_9898106e/goose/train_ipc                |
| model_config         | /home/xushijie3/ext/goose/configurations/classic.toml                                                                                         |
| graph_representation | ilg                                                                                                                                           |
| iterations           | 2                                                                                                                                             |
| mode                 | wlf                                                                                                                                           |
| policy_type          | search                                                                                                                                        |
| features             | wl                                                                                                                                            |
| feature_pruning      | a-m                                                                                                                                           |
| hash                 | set                                                                                                                                           |
| optimisation         | rank-svm                                                                                                                                      |
| num_hidden           | None                                                                                                                                          |
| learning_rate        | None                                                                                                                                          |
| patience             | None                                                                                                                                          |
| reduction            | None                                                                                                                                          |
| batch_size           | None                                                                                                                                          |
| epochs               | None                                                                                                                                          |
| cache                | None                                                                                                                                          |
| num_data             | None                                                                                                                                          |
| data_generation      | plan                                                                                                                                          |
| data_pruning         | equivalent-weighted                                                                                                                           |
| state_representation | downward                                                                                                                                      |
| random_seed          | 2024                                                                                                                                          |
| save_file            | /home/xushijie3/work/graph_cp_disr/runs/final_master/c1_route_b/public_depots_rel_v1/20261008T063544Z_9898106e/goose/train_ipc/wl_goose.model |
| visualise_pca        | False                                                                                                                                         |
| distinguish_test     | False                                                                                                                                         |
[INFO t=1.4139s] Training using WL features
[INFO t=1.4139s] Started collecting training data...
[INFO t=1.6799s] predicates='[at/2, available/1, clear/1, crate/1, depot/1, distributor/1, hoist/1, in/2, lifting/2, locatable/1, on/2, pallet/1, place/1, surface/1, truck/1]'
[INFO t=39.6752s] Finished collecting training data in 38.2611243724823s
Initial node colours:
0 -> _OBJECT_
1 -> at T_POS_GOAL
2 -> at F_POS_GOAL
3 -> at T_NEG_GOAL
4 -> at F_NEG_GOAL
5 -> at NON_GOAL
6 -> available T_POS_GOAL
7 -> available F_POS_GOAL
8 -> available T_NEG_GOAL
9 -> available F_NEG_GOAL
10 -> available NON_GOAL
11 -> clear T_POS_GOAL
12 -> clear F_POS_GOAL
13 -> clear T_NEG_GOAL
14 -> clear F_NEG_GOAL
15 -> clear NON_GOAL
16 -> crate T_POS_GOAL
17 -> crate F_POS_GOAL
18 -> crate T_NEG_GOAL
19 -> crate F_NEG_GOAL
20 -> crate NON_GOAL
21 -> depot T_POS_GOAL
22 -> depot F_POS_GOAL
23 -> depot T_NEG_GOAL
24 -> depot F_NEG_GOAL
25 -> depot NON_GOAL
26 -> distributor T_POS_GOAL
27 -> distributor F_POS_GOAL
28 -> distributor T_NEG_GOAL
29 -> distributor F_NEG_GOAL
30 -> distributor NON_GOAL
31 -> hoist T_POS_GOAL
32 -> hoist F_POS_GOAL
33 -> hoist T_NEG_GOAL
34 -> hoist F_NEG_GOAL
35 -> hoist NON_GOAL
36 -> in T_POS_GOAL
37 -> in F_POS_GOAL
38 -> in T_NEG_GOAL
39 -> in F_NEG_GOAL
40 -> in NON_GOAL
41 -> lifting T_POS_GOAL
42 -> lifting F_POS_GOAL
43 -> lifting T_NEG_GOAL
44 -> lifting F_NEG_GOAL
45 -> lifting NON_GOAL
46 -> locatable T_POS_GOAL
47 -> locatable F_POS_GOAL
48 -> locatable T_NEG_GOAL
49 -> locatable F_NEG_GOAL
50 -> locatable NON_GOAL
51 -> on T_POS_GOAL
52 -> on F_POS_GOAL
53 -> on T_NEG_GOAL
54 -> on F_NEG_GOAL
55 -> on NON_GOAL
56 -> pallet T_POS_GOAL
57 -> pallet F_POS_GOAL
58 -> pallet T_NEG_GOAL
59 -> pallet F_NEG_GOAL
60 -> pallet NON_GOAL
61 -> place T_POS_GOAL
62 -> place F_POS_GOAL
63 -> place T_NEG_GOAL
64 -> place F_NEG_GOAL
65 -> place NON_GOAL
66 -> surface T_POS_GOAL
67 -> surface F_POS_GOAL
68 -> surface T_NEG_GOAL
69 -> surface F_NEG_GOAL
70 -> surface NON_GOAL
71 -> truck T_POS_GOAL
72 -> truck F_POS_GOAL
73 -> truck T_NEG_GOAL
74 -> truck F_NEG_GOAL
75 -> truck NON_GOAL
[INFO t=39.8172s] Started collecting colours...
[Iteration 0]
Collecting.
[Iteration 1]
Collecting.
[Iteration 2]
Collecting.
[complete]
Minimising equivalent features...
Computing equivalence groups.
Encoding MaxSAT.
  Variables: 200
  Clauses: 1064
  Max variable name: 200
Solving MaxSAT with RC2.
MaxSAT solved!
  Solving time: 0.00761318s
  Solution cost: 145
Equivalent features minimised!
  Features kept: 145
  Features pruned: 55
Post-pruning iteration 0
Pruned an additional 0 features
[INFO t=40.4709s] Finished collecting colours in 0.6534817218780518s
[INFO t=40.4710s] n_colours_per_layer:
[INFO t=40.4711s]   0=9
[INFO t=40.4712s]   1=26
[INFO t=40.4712s]   2=110
[INFO t=40.4713s] Started constructing features...
[INFO t=41.0237s] Finished constructing features in 0.5522019863128662s
[INFO t=41.0238s] X.shape=(3334, 145)
[INFO t=41.0239s] Started training model...
[INFO t=41.1841s] Finished training model in 0.16008996963500977s
[INFO t=41.1843s] Started evaluating model...
[INFO t=41.1861s] mean_accuracy=0.7859649122807018
[INFO t=41.1863s] Finished evaluating model in 0.0019021034240722656s
[INFO t=41.1863s] Started saving model...
[INFO t=41.1879s] Finished saving model in 0.0014405250549316406s
[INFO t=41.1880s] Saved model successfully to /home/xushijie3/work/graph_cp_disr/runs/final_master/c1_route_b/public_depots_rel_v1/20261008T063544Z_9898106e/goose/train_ipc/wl_goose.model

Collecting data from problems:   0%|          | 0/96 [00:00<?, ?it/s]
Collecting data from problems:   1%|          | 1/96 [00:00<00:47,  1.99it/s]
Collecting data from problems:   2%|▏         | 2/96 [00:00<00:39,  2.40it/s]
Collecting data from problems:   3%|▎         | 3/96 [00:01<00:40,  2.31it/s]
Collecting data from problems:   4%|▍         | 4/96 [00:01<00:35,  2.56it/s]
Collecting data from problems:   5%|▌         | 5/96 [00:02<00:42,  2.16it/s]
Collecting data from problems:   6%|▋         | 6/96 [00:02<00:38,  2.34it/s]
Collecting data from problems:   7%|▋         | 7/96 [00:03<00:37,  2.36it/s]
Collecting data from problems:   8%|▊         | 8/96 [00:03<00:35,  2.50it/s]
Collecting data from problems:   9%|▉         | 9/96 [00:03<00:35,  2.46it/s]
Collecting data from problems:  10%|█         | 10/96 [00:04<00:34,  2.46it/s]
Collecting data from problems:  11%|█▏        | 11/96 [00:04<00:33,  2.56it/s]
Collecting data from problems:  12%|█▎        | 12/96 [00:04<00:32,  2.56it/s]
Collecting data from problems:  14%|█▎        | 13/96 [00:05<00:31,  2.64it/s]
Collecting data from problems:  15%|█▍        | 14/96 [00:05<00:31,  2.63it/s]
Collecting data from problems:  16%|█▌        | 15/96 [00:05<00:29,  2.73it/s]
Collecting data from problems:  17%|█▋        | 16/96 [00:06<00:30,  2.63it/s]
Collecting data from problems:  18%|█▊        | 17/96 [00:06<00:30,  2.61it/s]
Collecting data from problems:  19%|█▉        | 18/96 [00:07<00:29,  2.61it/s]
Collecting data from problems:  20%|█▉        | 19/96 [00:07<00:28,  2.70it/s]
Collecting data from problems:  21%|██        | 20/96 [00:07<00:29,  2.62it/s]
Collecting data from problems:  22%|██▏       | 21/96 [00:08<00:27,  2.71it/s]
Collecting data from problems:  23%|██▎       | 22/96 [00:08<00:27,  2.64it/s]
Collecting data from problems:  24%|██▍       | 23/96 [00:09<00:27,  2.70it/s]
Collecting data from problems:  25%|██▌       | 24/96 [00:09<00:27,  2.66it/s]
Collecting data from problems:  26%|██▌       | 25/96 [00:09<00:25,  2.75it/s]
Collecting data from problems:  27%|██▋       | 26/96 [00:10<00:26,  2.69it/s]
Collecting data from problems:  28%|██▊       | 27/96 [00:10<00:24,  2.80it/s]
Collecting data from problems:  29%|██▉       | 28/96 [00:10<00:24,  2.74it/s]
Collecting data from problems:  30%|███       | 29/96 [00:11<00:23,  2.84it/s]
Collecting data from problems:  31%|███▏      | 30/96 [00:11<00:25,  2.62it/s]
Collecting data from problems:  32%|███▏      | 31/96 [00:11<00:23,  2.73it/s]
Collecting data from problems:  33%|███▎      | 32/96 [00:12<00:23,  2.68it/s]
Collecting data from problems:  34%|███▍      | 33/96 [00:12<00:23,  2.69it/s]
Collecting data from problems:  35%|███▌      | 34/96 [00:13<00:23,  2.68it/s]
Collecting data from problems:  36%|███▋      | 35/96 [00:13<00:23,  2.63it/s]
Collecting data from problems:  38%|███▊      | 36/96 [00:13<00:23,  2.59it/s]
Collecting data from problems:  39%|███▊      | 37/96 [00:14<00:23,  2.48it/s]
Collecting data from problems:  40%|███▉      | 38/96 [00:14<00:23,  2.50it/s]
Collecting data from problems:  41%|████      | 39/96 [00:15<00:22,  2.51it/s]
Collecting data from problems:  42%|████▏     | 40/96 [00:15<00:21,  2.60it/s]
Collecting data from problems:  43%|████▎     | 41/96 [00:15<00:22,  2.48it/s]
Collecting data from problems:  44%|████▍     | 42/96 [00:16<00:21,  2.54it/s]
Collecting data from problems:  45%|████▍     | 43/96 [00:16<00:20,  2.53it/s]
Collecting data from problems:  46%|████▌     | 44/96 [00:17<00:20,  2.58it/s]
Collecting data from problems:  47%|████▋     | 45/96 [00:17<00:19,  2.59it/s]
Collecting data from problems:  48%|████▊     | 46/96 [00:17<00:18,  2.67it/s]
Collecting data from problems:  49%|████▉     | 47/96 [00:18<00:19,  2.52it/s]
Collecting data from problems:  50%|█████     | 48/96 [00:18<00:18,  2.61it/s]
Collecting data from problems:  51%|█████     | 49/96 [00:18<00:18,  2.59it/s]
Collecting data from problems:  52%|█████▏    | 50/96 [00:19<00:17,  2.65it/s]
Collecting data from problems:  53%|█████▎    | 51/96 [00:19<00:17,  2.63it/s]
Collecting data from problems:  54%|█████▍    | 52/96 [00:20<00:16,  2.66it/s]
Collecting data from problems:  55%|█████▌    | 53/96 [00:20<00:16,  2.59it/s]
Collecting data from problems:  56%|█████▋    | 54/96 [00:20<00:15,  2.64it/s]
Collecting data from problems:  57%|█████▋    | 55/96 [00:21<00:15,  2.63it/s]
Collecting data from problems:  58%|█████▊    | 56/96 [00:21<00:14,  2.70it/s]
Collecting data from problems:  59%|█████▉    | 57/96 [00:22<00:15,  2.47it/s]
Collecting data from problems:  60%|██████    | 58/96 [00:22<00:14,  2.56it/s]
Collecting data from problems:  61%|██████▏   | 59/96 [00:22<00:14,  2.47it/s]
Collecting data from problems:  62%|██████▎   | 60/96 [00:23<00:13,  2.58it/s]
Collecting data from problems:  64%|██████▎   | 61/96 [00:23<00:14,  2.47it/s]
Collecting data from problems:  65%|██████▍   | 62/96 [00:24<00:13,  2.44it/s]
Collecting data from problems:  66%|██████▌   | 63/96 [00:24<00:13,  2.51it/s]
Collecting data from problems:  67%|██████▋   | 64/96 [00:24<00:12,  2.46it/s]
Collecting data from problems:  68%|██████▊   | 65/96 [00:25<00:12,  2.52it/s]
Collecting data from problems:  69%|██████▉   | 66/96 [00:25<00:12,  2.42it/s]
Collecting data from problems:  70%|██████▉   | 67/96 [00:26<00:11,  2.49it/s]
Collecting data from problems:  71%|███████   | 68/96 [00:26<00:11,  2.43it/s]
Collecting data from problems:  72%|███████▏  | 69/96 [00:26<00:10,  2.49it/s]
Collecting data from problems:  73%|███████▎  | 70/96 [00:27<00:10,  2.47it/s]
Collecting data from problems:  74%|███████▍  | 71/96 [00:27<00:09,  2.51it/s]
Collecting data from problems:  75%|███████▌  | 72/96 [00:28<00:09,  2.48it/s]
Collecting data from problems:  76%|███████▌  | 73/96 [00:28<00:09,  2.54it/s]
Collecting data from problems:  77%|███████▋  | 74/96 [00:28<00:08,  2.47it/s]
Collecting data from problems:  78%|███████▊  | 75/96 [00:29<00:08,  2.49it/s]
Collecting data from problems:  79%|███████▉  | 76/96 [00:29<00:08,  2.45it/s]
Collecting data from problems:  80%|████████  | 77/96 [00:30<00:07,  2.52it/s]
Collecting data from problems:  81%|████████▏ | 78/96 [00:30<00:07,  2.47it/s]
Collecting data from problems:  82%|████████▏ | 79/96 [00:30<00:06,  2.52it/s]
Collecting data from problems:  83%|████████▎ | 80/96 [00:31<00:06,  2.49it/s]
Collecting data from problems:  84%|████████▍ | 81/96 [00:31<00:05,  2.54it/s]
Collecting data from problems:  85%|████████▌ | 82/96 [00:32<00:05,  2.52it/s]
Collecting data from problems:  86%|████████▋ | 83/96 [00:32<00:05,  2.57it/s]
Collecting data from problems:  88%|████████▊ | 84/96 [00:32<00:04,  2.49it/s]
Collecting data from problems:  89%|████████▊ | 85/96 [00:33<00:04,  2.55it/s]
Collecting data from problems:  90%|████████▉ | 86/96 [00:33<00:04,  2.46it/s]
Collecting data from problems:  91%|█████████ | 87/96 [00:34<00:03,  2.55it/s]
Collecting data from problems:  92%|█████████▏| 88/96 [00:34<00:03,  2.63it/s]
Collecting data from problems:  93%|█████████▎| 89/96 [00:34<00:02,  2.53it/s]
Collecting data from problems:  94%|█████████▍| 90/96 [00:35<00:02,  2.56it/s]
Collecting data from problems:  95%|█████████▍| 91/96 [00:35<00:01,  2.55it/s]
Collecting data from problems:  96%|█████████▌| 92/96 [00:36<00:01,  2.50it/s]
Collecting data from problems:  97%|█████████▋| 93/96 [00:36<00:01,  2.40it/s]
Collecting data from problems:  98%|█████████▊| 94/96 [00:36<00:00,  2.25it/s]
Collecting data from problems:  99%|█████████▉| 95/96 [00:37<00:00,  2.28it/s]
Collecting data from problems: 100%|██████████| 96/96 [00:37<00:00,  2.14it/s]
Collecting data from problems: 100%|██████████| 96/96 [00:37<00:00,  2.53it/s]

  0%|          | 0/1098 [00:00<?, ?it/s]
 44%|████▍     | 483/1098 [00:00<00:00, 4825.25it/s]
 88%|████████▊ | 966/1098 [00:00<00:00, 3164.68it/s]
100%|██████████| 1098/1098 [00:00<00:00, 3339.54it/s]
