{
  "dev_select_used": false,
  "fit_families": [
    "L2D_00_00_220710",
    "L2D_00_01_220710",
    "L2D_00_02_220710",
    "L2D_00_03_220710",
    "L2D_01_00_220710",
    "L2D_01_01_220710",
    "L2D_01_02_220710",
    "L2D_01_03_220710",
    "L2D_02_00_220710",
    "L2D_02_01_220710",
    "L2D_02_02_220710",
    "L2D_02_03_220710",
    "L2D_03_00_220710",
    "L2D_03_01_220710",
    "L2D_03_02_220710",
    "L2D_03_03_220710",
    "L2D_04_00_220710",
    "L2D_04_01_220710",
    "L2D_04_02_220710",
    "L2D_04_03_220710",
    "L2D_05_00_220710",
    "L2D_05_01_220710",
    "L2D_05_02_220710",
    "L2D_05_03_220710",
    "L2D_06_00_220710",
    "L2D_06_01_220710",
    "L2D_06_02_220710",
    "L2D_06_03_220710",
    "L2D_07_00_220710",
    "L2D_07_01_220710",
    "L2D_07_02_220710",
    "L2D_07_03_220710"
  ],
  "fit_family_count": 32,
  "fit_split": "dev_fit",
  "fresh_confirmation_used": false,
  "grid_sha256": "d9b52ba652b695e5e88cc62c566131f2ac703ec70d18251663f0cf3fe5dcb757",
  "online_inputs": [
    "front_rgb",
    "action_history",
    "gripper_command",
    "contact_sensor"
  ],
  "schema": "pathgraph_l2r_predicate_threshold_lock_v1",
  "selection_score": 0.39061453604430274,
  "status": "OBSERVABLE_PREDICATES_LOCKED",
  "thresholds": {
    "center_tolerance_ratio": 0.1,
    "co_motion_correlation": 0.55,
    "contact_loss_history_window": 4,
    "overlap_ratio": 0.45,
    "stability_speed_threshold": 0.005,
    "stability_window": 5,
    "visual_confidence_threshold": 0.4
  }
}
