[robosuite WARNING] No private macro file found! (__init__.py:7)
[robosuite WARNING] It is recommended to use a private macro file (__init__.py:8)
[robosuite WARNING] To setup, run: python /home/xushijie2/envs/lerobotpi0-xfs/lib/python3.10/site-packages/robosuite/scripts/setup_macros.py (__init__.py:9)
{"branch_id": "e9b7593e48b4d9e2", "status": "EXCEPTION"}
Exception ignored in: <function MjRenderContext.__del__ at 0x7f0b2cbb9480>
Traceback (most recent call last):
  File "/home/xushijie2/envs/lerobotpi0-xfs/lib/python3.10/site-packages/robosuite/utils/binding_utils.py", line 199, in __del__
    self.gl_ctx.free()
  File "/home/xushijie2/envs/lerobotpi0-xfs/lib/python3.10/site-packages/robosuite/renderers/context/egl_context.py", line 149, in free
    EGL.eglMakeCurrent(EGL_DISPLAY, EGL.EGL_NO_SURFACE, EGL.EGL_NO_SURFACE, EGL.EGL_NO_CONTEXT)
  File "/home/xushijie2/envs/lerobotpi0-xfs/lib/python3.10/site-packages/OpenGL/error.py", line 230, in glCheckError
    raise self._errorClass(
OpenGL.raw.EGL._errors.EGLError: EGLError(
	err = EGL_NOT_INITIALIZED,
	baseOperation = eglMakeCurrent,
	cArguments = (
		<OpenGL._opaque.EGLDisplay_pointer object at 0x7f0b0b8d28c0>,
		<OpenGL._opaque.EGLSurface_pointer object at 0x7f0b32546440>,
		<OpenGL._opaque.EGLSurface_pointer object at 0x7f0b32546440>,
		<OpenGL._opaque.EGLContext_pointer object at 0x7f0b325469c0>,
	),
	result = 0
)
Exception ignored in: <function EGLGLContext.__del__ at 0x7f0b2cbb92d0>
Traceback (most recent call last):
  File "/home/xushijie2/envs/lerobotpi0-xfs/lib/python3.10/site-packages/robosuite/renderers/context/egl_context.py", line 155, in __del__
    self.free()
  File "/home/xushijie2/envs/lerobotpi0-xfs/lib/python3.10/site-packages/robosuite/renderers/context/egl_context.py", line 149, in free
    EGL.eglMakeCurrent(EGL_DISPLAY, EGL.EGL_NO_SURFACE, EGL.EGL_NO_SURFACE, EGL.EGL_NO_CONTEXT)
  File "/home/xushijie2/envs/lerobotpi0-xfs/lib/python3.10/site-packages/OpenGL/error.py", line 230, in glCheckError
    raise self._errorClass(
OpenGL.raw.EGL._errors.EGLError: EGLError(
	err = EGL_NOT_INITIALIZED,
	baseOperation = eglMakeCurrent,
	cArguments = (
		<OpenGL._opaque.EGLDisplay_pointer object at 0x7f0b0b8d28c0>,
		<OpenGL._opaque.EGLSurface_pointer object at 0x7f0b32546440>,
		<OpenGL._opaque.EGLSurface_pointer object at 0x7f0b32546440>,
		<OpenGL._opaque.EGLContext_pointer object at 0x7f0b325469c0>,
	),
	result = 0
)
