[trace] dense ipc_p06 -> NODE_LIMIT expanded 4096 wall 46.4s snapshots 30
[trace] dense ipc_p11 -> NODE_LIMIT expanded 4096 wall 46.3s snapshots 30
[trace] dense ipc_p12 -> TIMEOUT expanded 4053 wall 60.0s snapshots 29
[trace] dense ipc_p14 -> SOLVED expanded 1290 wall 15.8s snapshots 25
[trace] dense ipc_p15 -> SOLVED expanded 804 wall 14.6s snapshots 23
[trace] dense ipc_p17 -> TIMEOUT expanded 2825 wall 60.0s snapshots 28
[trace] dense train_n3_008 -> SOLVED expanded 14 wall 0.2s snapshots 11
[trace] dense train_n3_020 -> SOLVED expanded 7 wall 0.1s snapshots 7
[trace] dense train_n5_010 -> SOLVED expanded 13 wall 0.2s snapshots 11
[trace] dense train_n5_028 -> SOLVED expanded 16 wall 0.2s snapshots 12
[score] dense ipc_p06 382 states 0.7s
[score] dense ipc_p11 460 states 0.8s
[score] dense ipc_p12 494 states 1.8s
[score] dense ipc_p14 484 states 1.0s
[score] dense ipc_p15 484 states 1.9s
[score] dense ipc_p17 609 states 1.5s
[score] dense train_n3_008 60 states 0.0s
[score] dense train_n3_020 23 states 0.0s
[score] dense train_n5_010 99 states 0.1s
[score] dense train_n5_028 112 states 0.1s
