{
  "candidate_count": 18,
  "coarse_graph_source": "V1",
  "created_at": "2026-09-08T00:24:51.140141+00:00",
  "entry_commit": "5a3aafd6ac6d139ba324ee57110bbac508e17570",
  "files": [
    {
      "logical_path": "artifacts/pathgraph_sarm/upgrade_v2/visual_coarse_l1_v1/layer2_entry_v1/entry_gate.json",
      "original_filename": "entry_gate.json",
      "original_path": "/home/__compress_data/xushijie/graph_github_upload/artifacts/pathgraph_sarm/upgrade_v2/visual_coarse_l1_v1/layer2_entry_v1/entry_gate.json",
      "purpose": "L1V layer-2 entry permission",
      "sha256": "3c672bdd615c93fdd812ba00f45822ab442a74a02566bb94fd4a2ccc652f119a",
      "size_bytes": 948
    },
    {
      "logical_path": "artifacts/pathgraph_sarm/upgrade_v2/visual_coarse_l1_v1/review_v2/blind_mapping.DO_NOT_SHOW_RATER.csv",
      "original_filename": "blind_mapping.DO_NOT_SHOW_RATER.csv",
      "original_path": "/home/__compress_data/xushijie/graph_github_upload/artifacts/pathgraph_sarm/upgrade_v2/visual_coarse_l1_v1/review_v2/blind_mapping.DO_NOT_SHOW_RATER.csv",
      "purpose": "blind ID to frozen request mapping",
      "sha256": "ba3c5e3eefea20fdc9b307d5ad8bb297a3675999712581f61e1cf0ef3048de2a",
      "size_bytes": 5997
    },
    {
      "logical_path": "artifacts/pathgraph_sarm/upgrade_v2/visual_coarse_l1_v1/review_v2/rating_evidence.jsonl",
      "original_filename": "rating_evidence.jsonl",
      "original_path": "/home/__compress_data/xushijie/graph_github_upload/artifacts/pathgraph_sarm/upgrade_v2/visual_coarse_l1_v1/review_v2/rating_evidence.jsonl",
      "purpose": "explicit 54-item semantic evidence",
      "sha256": "c7a63bdc7f8d879bc6e80f2b02e07140c09e453f70633ab8573e9f46ce81fad0",
      "size_bytes": 97185
    },
    {
      "logical_path": "artifacts/pathgraph_sarm/upgrade_v2/visual_coarse_l1_v1/review_v2/ratings_explicit.csv",
      "original_filename": "ratings_explicit.csv",
      "original_path": "/home/__compress_data/xushijie/graph_github_upload/artifacts/pathgraph_sarm/upgrade_v2/visual_coarse_l1_v1/review_v2/ratings_explicit.csv",
      "purpose": "explicit 54-item semantic ratings",
      "sha256": "2f7899b1b3d7f2144e68eef34ceb32ed52c253d71644e01b4e5da27d659f10f3",
      "size_bytes": 22113
    },
    {
      "logical_path": "artifacts/pathgraph_sarm/upgrade_v2/visual_coarse_l1_v1/run/candidates/confirm/confirm_F02_A_V1.json",
      "original_filename": "confirm_F02_A_V1.json",
      "original_path": "/home/__compress_data/xushijie/graph_github_upload/artifacts/pathgraph_sarm/upgrade_v2/visual_coarse_l1_v1/run/candidates/confirm/confirm_F02_A_V1.json",
      "purpose": "frozen V1 coarse graph confirm_F02_A_V1",
      "sha256": "065c85bedf7eb95d6ce7658be320044c80fb52836f891f5ec78f61beef19e747",
      "size_bytes": 3951
    },
    {
      "logical_path": "artifacts/pathgraph_sarm/upgrade_v2/visual_coarse_l1_v1/run/candidates/confirm/confirm_F02_B_V1.json",
      "original_filename": "confirm_F02_B_V1.json",
      "original_path": "/home/__compress_data/xushijie/graph_github_upload/artifacts/pathgraph_sarm/upgrade_v2/visual_coarse_l1_v1/run/candidates/confirm/confirm_F02_B_V1.json",
      "purpose": "frozen V1 coarse graph confirm_F02_B_V1",
      "sha256": "323a9b0d4cd147a5ff570d387b01c8d0063c690992fcafd795d1ee5d5873925e",
      "size_bytes": 6254
    },
    {
      "logical_path": "artifacts/pathgraph_sarm/upgrade_v2/visual_coarse_l1_v1/run/candidates/confirm/confirm_F03_A_V1.json",
      "original_filename": "confirm_F03_A_V1.json",
      "original_path": "/home/__compress_data/xushijie/graph_github_upload/artifacts/pathgraph_sarm/upgrade_v2/visual_coarse_l1_v1/run/candidates/confirm/confirm_F03_A_V1.json",
      "purpose": "frozen V1 coarse graph confirm_F03_A_V1",
      "sha256": "0e8800a2a04727d622c3f7cb2d67b748df8232cb46c9fab5b8124b694f269210",
      "size_bytes": 4666
    },
    {
      "logical_path": "artifacts/pathgraph_sarm/upgrade_v2/visual_coarse_l1_v1/run/candidates/confirm/confirm_F03_B_V1.json",
      "original_filename": "confirm_F03_B_V1.json",
      "original_path": "/home/__compress_data/xushijie/graph_github_upload/artifacts/pathgraph_sarm/upgrade_v2/visual_coarse_l1_v1/run/candidates/confirm/confirm_F03_B_V1.json",
      "purpose": "frozen V1 coarse graph confirm_F03_B_V1",
      "sha256": "5fb6504592452aa98fee8373ce27d4e7f83184e4c485ea61c378c2840456b82e",
      "size_bytes": 5781
    },
    {
      "logical_path": "artifacts/pathgraph_sarm/upgrade_v2/visual_coarse_l1_v1/run/candidates/confirm/confirm_F04_A_V1.json",
      "original_filename": "confirm_F04_A_V1.json",
      "original_path": "/home/__compress_data/xushijie/graph_github_upload/artifacts/pathgraph_sarm/upgrade_v2/visual_coarse_l1_v1/run/candidates/confirm/confirm_F04_A_V1.json",
      "purpose": "frozen V1 coarse graph confirm_F04_A_V1",
      "sha256": "674b97274d7fcf2b3722d5a17e9bb650e9307b8e3b119966039973487c11d0f6",
      "size_bytes": 5351
    },
    {
      "logical_path": "artifacts/pathgraph_sarm/upgrade_v2/visual_coarse_l1_v1/run/candidates/confirm/confirm_F04_B_V1.json",
      "original_filename": "confirm_F04_B_V1.json",
      "original_path": "/home/__compress_data/xushijie/graph_github_upload/artifacts/pathgraph_sarm/upgrade_v2/visual_coarse_l1_v1/run/candidates/confirm/confirm_F04_B_V1.json",
      "purpose": "frozen V1 coarse graph confirm_F04_B_V1",
      "sha256": "76f9d60af3d5afc0e2fae9f212735415971c44d9e604847998d6463ceb7f3a2c",
      "size_bytes": 5151
    },
    {
      "logical_path": "artifacts/pathgraph_sarm/upgrade_v2/visual_coarse_l1_v1/run/candidates/confirm/confirm_F06_A_V1.json",
      "original_filename": "confirm_F06_A_V1.json",
      "original_path": "/home/__compress_data/xushijie/graph_github_upload/artifacts/pathgraph_sarm/upgrade_v2/visual_coarse_l1_v1/run/candidates/confirm/confirm_F06_A_V1.json",
      "purpose": "frozen V1 coarse graph confirm_F06_A_V1",
      "sha256": "3b9dd9033a5eb82490e72eef5119739ecaf8826ae7b51891f7eccf746c1b0e3e",
      "size_bytes": 4336
    },
    {
      "logical_path": "artifacts/pathgraph_sarm/upgrade_v2/visual_coarse_l1_v1/run/candidates/confirm/confirm_F06_B_V1.json",
      "original_filename": "confirm_F06_B_V1.json",
      "original_path": "/home/__compress_data/xushijie/graph_github_upload/artifacts/pathgraph_sarm/upgrade_v2/visual_coarse_l1_v1/run/candidates/confirm/confirm_F06_B_V1.json",
      "purpose": "frozen V1 coarse graph confirm_F06_B_V1",
      "sha256": "0446a907ca467e76b6969a1031c10c6989071ed6b899fcbf4b0511810328ec27",
      "size_bytes": 5341
    },
    {
      "logical_path": "artifacts/pathgraph_sarm/upgrade_v2/visual_coarse_l1_v1/run/candidates/confirm/confirm_F07_A_V1.json",
      "original_filename": "confirm_F07_A_V1.json",
      "original_path": "/home/__compress_data/xushijie/graph_github_upload/artifacts/pathgraph_sarm/upgrade_v2/visual_coarse_l1_v1/run/candidates/confirm/confirm_F07_A_V1.json",
      "purpose": "frozen V1 coarse graph confirm_F07_A_V1",
      "sha256": "3c27a9ddd838457558b215205e539b90cee9d9d5202e4532377826d181cd2031",
      "size_bytes": 4311
    },
    {
      "logical_path": "artifacts/pathgraph_sarm/upgrade_v2/visual_coarse_l1_v1/run/candidates/confirm/confirm_F07_B_V1.json",
      "original_filename": "confirm_F07_B_V1.json",
      "original_path": "/home/__compress_data/xushijie/graph_github_upload/artifacts/pathgraph_sarm/upgrade_v2/visual_coarse_l1_v1/run/candidates/confirm/confirm_F07_B_V1.json",
      "purpose": "frozen V1 coarse graph confirm_F07_B_V1",
      "sha256": "6be8fd0888f79a5e43067520c88fbd79c75e441db4ff6896c6834cd8cfd6aa2f",
      "size_bytes": 4471
    },
    {
      "logical_path": "artifacts/pathgraph_sarm/upgrade_v2/visual_coarse_l1_v1/run/candidates/confirm/confirm_F08_A_V1.json",
      "original_filename": "confirm_F08_A_V1.json",
      "original_path": "/home/__compress_data/xushijie/graph_github_upload/artifacts/pathgraph_sarm/upgrade_v2/visual_coarse_l1_v1/run/candidates/confirm/confirm_F08_A_V1.json",
      "purpose": "frozen V1 coarse graph confirm_F08_A_V1",
      "sha256": "aeef684afb1dfd081a038e743ae2bcc5f163e27bbd7f6e9507d9de45712e8056",
      "size_bytes": 4664
    },
    {
      "logical_path": "artifacts/pathgraph_sarm/upgrade_v2/visual_coarse_l1_v1/run/candidates/confirm/confirm_F08_B_V1.json",
      "original_filename": "confirm_F08_B_V1.json",
      "original_path": "/home/__compress_data/xushijie/graph_github_upload/artifacts/pathgraph_sarm/upgrade_v2/visual_coarse_l1_v1/run/candidates/confirm/confirm_F08_B_V1.json",
      "purpose": "frozen V1 coarse graph confirm_F08_B_V1",
      "sha256": "2bbb699aef4ed9bef38c2178f77c78f5bae5975495a7ca149a00ab8f3bdf4a59",
      "size_bytes": 5772
    },
    {
      "logical_path": "artifacts/pathgraph_sarm/upgrade_v2/visual_coarse_l1_v1/run/candidates/confirm/confirm_F10_A_V1.json",
      "original_filename": "confirm_F10_A_V1.json",
      "original_path": "/home/__compress_data/xushijie/graph_github_upload/artifacts/pathgraph_sarm/upgrade_v2/visual_coarse_l1_v1/run/candidates/confirm/confirm_F10_A_V1.json",
      "purpose": "frozen V1 coarse graph confirm_F10_A_V1",
      "sha256": "a77527e6c24dfbdced2c52a05f0ec035a3c775979eced2f39df53e5ff80c045c",
      "size_bytes": 4397
    },
    {
      "logical_path": "artifacts/pathgraph_sarm/upgrade_v2/visual_coarse_l1_v1/run/candidates/confirm/confirm_F10_B_V1.json",
      "original_filename": "confirm_F10_B_V1.json",
      "original_path": "/home/__compress_data/xushijie/graph_github_upload/artifacts/pathgraph_sarm/upgrade_v2/visual_coarse_l1_v1/run/candidates/confirm/confirm_F10_B_V1.json",
      "purpose": "frozen V1 coarse graph confirm_F10_B_V1",
      "sha256": "94d3ea09d5c89be746e4356af8f7abb550cebd24e6d2d7fe8eaa90ef26ad66d5",
      "size_bytes": 4783
    },
    {
      "logical_path": "artifacts/pathgraph_sarm/upgrade_v2/visual_coarse_l1_v1/run/candidates/confirm/confirm_F11_A_V1.json",
      "original_filename": "confirm_F11_A_V1.json",
      "original_path": "/home/__compress_data/xushijie/graph_github_upload/artifacts/pathgraph_sarm/upgrade_v2/visual_coarse_l1_v1/run/candidates/confirm/confirm_F11_A_V1.json",
      "purpose": "frozen V1 coarse graph confirm_F11_A_V1",
      "sha256": "ab3552e297ab53c34c022ca473506d2e92303e6e68e48460834867e00497739d",
      "size_bytes": 4272
    },
    {
      "logical_path": "artifacts/pathgraph_sarm/upgrade_v2/visual_coarse_l1_v1/run/candidates/confirm/confirm_F11_B_V1.json",
      "original_filename": "confirm_F11_B_V1.json",
      "original_path": "/home/__compress_data/xushijie/graph_github_upload/artifacts/pathgraph_sarm/upgrade_v2/visual_coarse_l1_v1/run/candidates/confirm/confirm_F11_B_V1.json",
      "purpose": "frozen V1 coarse graph confirm_F11_B_V1",
      "sha256": "d1d5499eba1d030fb74f4582c6dfeb334e99594a3b59a660d32acd3170536567",
      "size_bytes": 4850
    },
    {
      "logical_path": "artifacts/pathgraph_sarm/upgrade_v2/visual_coarse_l1_v1/run/candidates/confirm/confirm_F12_A_V1.json",
      "original_filename": "confirm_F12_A_V1.json",
      "original_path": "/home/__compress_data/xushijie/graph_github_upload/artifacts/pathgraph_sarm/upgrade_v2/visual_coarse_l1_v1/run/candidates/confirm/confirm_F12_A_V1.json",
      "purpose": "frozen V1 coarse graph confirm_F12_A_V1",
      "sha256": "02d11e1e560e80e4ffaa06c100ee6a2af460a2e6babe97cdeb077b7e4333d104",
      "size_bytes": 4326
    },
    {
      "logical_path": "artifacts/pathgraph_sarm/upgrade_v2/visual_coarse_l1_v1/run/candidates/confirm/confirm_F12_B_V1.json",
      "original_filename": "confirm_F12_B_V1.json",
      "original_path": "/home/__compress_data/xushijie/graph_github_upload/artifacts/pathgraph_sarm/upgrade_v2/visual_coarse_l1_v1/run/candidates/confirm/confirm_F12_B_V1.json",
      "purpose": "frozen V1 coarse graph confirm_F12_B_V1",
      "sha256": "bf437e6fe3183f3c9b8ebc26b7d61336cfb57ebb8014d181f73683f94190250b",
      "size_bytes": 5999
    },
    {
      "logical_path": "artifacts/pathgraph_sarm/upgrade_v2/visual_coarse_l1_v1/run/states/confirm/confirm_F02_A_V1.json",
      "original_filename": "confirm_F02_A_V1.json",
      "original_path": "/home/__compress_data/xushijie/graph_github_upload/artifacts/pathgraph_sarm/upgrade_v2/visual_coarse_l1_v1/run/states/confirm/confirm_F02_A_V1.json",
      "purpose": "frozen V1 request state confirm_F02_A_V1",
      "sha256": "6b837b9e4d446cd910e021bc96424442b6f205812875a75002d0e3c6f2faca55",
      "size_bytes": 1072
    },
    {
      "logical_path": "artifacts/pathgraph_sarm/upgrade_v2/visual_coarse_l1_v1/run/states/confirm/confirm_F02_B_V1.json",
      "original_filename": "confirm_F02_B_V1.json",
      "original_path": "/home/__compress_data/xushijie/graph_github_upload/artifacts/pathgraph_sarm/upgrade_v2/visual_coarse_l1_v1/run/states/confirm/confirm_F02_B_V1.json",
      "purpose": "frozen V1 request state confirm_F02_B_V1",
      "sha256": "4912cda203481e925ab046ebd38f3aaed7b90b8fd4cdbb7ab2834a4ef8bc5d6f",
      "size_bytes": 1070
    },
    {
      "logical_path": "artifacts/pathgraph_sarm/upgrade_v2/visual_coarse_l1_v1/run/states/confirm/confirm_F03_A_V1.json",
      "original_filename": "confirm_F03_A_V1.json",
      "original_path": "/home/__compress_data/xushijie/graph_github_upload/artifacts/pathgraph_sarm/upgrade_v2/visual_coarse_l1_v1/run/states/confirm/confirm_F03_A_V1.json",
      "purpose": "frozen V1 request state confirm_F03_A_V1",
      "sha256": "4c0d414349b70c9ee8cb1b9d2c8703ca5facdaf1b6472009316fa39de27d0087",
      "size_bytes": 1072
    },
    {
      "logical_path": "artifacts/pathgraph_sarm/upgrade_v2/visual_coarse_l1_v1/run/states/confirm/confirm_F03_B_V1.json",
      "original_filename": "confirm_F03_B_V1.json",
      "original_path": "/home/__compress_data/xushijie/graph_github_upload/artifacts/pathgraph_sarm/upgrade_v2/visual_coarse_l1_v1/run/states/confirm/confirm_F03_B_V1.json",
      "purpose": "frozen V1 request state confirm_F03_B_V1",
      "sha256": "9802c22123c25c43149f1a1e73e68763148ea030fa03226f811a131ecf3d64a7",
      "size_bytes": 1072
    },
    {
      "logical_path": "artifacts/pathgraph_sarm/upgrade_v2/visual_coarse_l1_v1/run/states/confirm/confirm_F04_A_V1.json",
      "original_filename": "confirm_F04_A_V1.json",
      "original_path": "/home/__compress_data/xushijie/graph_github_upload/artifacts/pathgraph_sarm/upgrade_v2/visual_coarse_l1_v1/run/states/confirm/confirm_F04_A_V1.json",
      "purpose": "frozen V1 request state confirm_F04_A_V1",
      "sha256": "a5a59eaebc0233a9a6b911ee331e38236b29015c43e3c4a3c4133704f0819da2",
      "size_bytes": 1072
    },
    {
      "logical_path": "artifacts/pathgraph_sarm/upgrade_v2/visual_coarse_l1_v1/run/states/confirm/confirm_F04_B_V1.json",
      "original_filename": "confirm_F04_B_V1.json",
      "original_path": "/home/__compress_data/xushijie/graph_github_upload/artifacts/pathgraph_sarm/upgrade_v2/visual_coarse_l1_v1/run/states/confirm/confirm_F04_B_V1.json",
      "purpose": "frozen V1 request state confirm_F04_B_V1",
      "sha256": "181f2797c3656acb44fee28d9ca40ae8cb15c3646cb364e1d37cd270542f864a",
      "size_bytes": 1072
    },
    {
      "logical_path": "artifacts/pathgraph_sarm/upgrade_v2/visual_coarse_l1_v1/run/states/confirm/confirm_F06_A_V1.json",
      "original_filename": "confirm_F06_A_V1.json",
      "original_path": "/home/__compress_data/xushijie/graph_github_upload/artifacts/pathgraph_sarm/upgrade_v2/visual_coarse_l1_v1/run/states/confirm/confirm_F06_A_V1.json",
      "purpose": "frozen V1 request state confirm_F06_A_V1",
      "sha256": "09f095aa899d2cea18191b90965b1d0048bd70b6b6ab65929ca3678a9b783469",
      "size_bytes": 1072
    },
    {
      "logical_path": "artifacts/pathgraph_sarm/upgrade_v2/visual_coarse_l1_v1/run/states/confirm/confirm_F06_B_V1.json",
      "original_filename": "confirm_F06_B_V1.json",
      "original_path": "/home/__compress_data/xushijie/graph_github_upload/artifacts/pathgraph_sarm/upgrade_v2/visual_coarse_l1_v1/run/states/confirm/confirm_F06_B_V1.json",
      "purpose": "frozen V1 request state confirm_F06_B_V1",
      "sha256": "9c996b147cc5abec6dc2f8957b0ad15a1cda4e4b26eabc2e5afefcd54988bf47",
      "size_bytes": 1072
    },
    {
      "logical_path": "artifacts/pathgraph_sarm/upgrade_v2/visual_coarse_l1_v1/run/states/confirm/confirm_F07_A_V1.json",
      "original_filename": "confirm_F07_A_V1.json",
      "original_path": "/home/__compress_data/xushijie/graph_github_upload/artifacts/pathgraph_sarm/upgrade_v2/visual_coarse_l1_v1/run/states/confirm/confirm_F07_A_V1.json",
      "purpose": "frozen V1 request state confirm_F07_A_V1",
      "sha256": "ea30e3f784b2608f292b5f28f4748550896c221d4214c2e5b6253c7aa27ab51a",
      "size_bytes": 1072
    },
    {
      "logical_path": "artifacts/pathgraph_sarm/upgrade_v2/visual_coarse_l1_v1/run/states/confirm/confirm_F07_B_V1.json",
      "original_filename": "confirm_F07_B_V1.json",
      "original_path": "/home/__compress_data/xushijie/graph_github_upload/artifacts/pathgraph_sarm/upgrade_v2/visual_coarse_l1_v1/run/states/confirm/confirm_F07_B_V1.json",
      "purpose": "frozen V1 request state confirm_F07_B_V1",
      "sha256": "53a797a05dc790704267b7d9655cfbc20a32b6ae674a685d246f287861cbf429",
      "size_bytes": 1072
    },
    {
      "logical_path": "artifacts/pathgraph_sarm/upgrade_v2/visual_coarse_l1_v1/run/states/confirm/confirm_F08_A_V1.json",
      "original_filename": "confirm_F08_A_V1.json",
      "original_path": "/home/__compress_data/xushijie/graph_github_upload/artifacts/pathgraph_sarm/upgrade_v2/visual_coarse_l1_v1/run/states/confirm/confirm_F08_A_V1.json",
      "purpose": "frozen V1 request state confirm_F08_A_V1",
      "sha256": "010665364e0098d2b90de357d0bf41dc4e365408717d695eed460f536726ef75",
      "size_bytes": 1072
    },
    {
      "logical_path": "artifacts/pathgraph_sarm/upgrade_v2/visual_coarse_l1_v1/run/states/confirm/confirm_F08_B_V1.json",
      "original_filename": "confirm_F08_B_V1.json",
      "original_path": "/home/__compress_data/xushijie/graph_github_upload/artifacts/pathgraph_sarm/upgrade_v2/visual_coarse_l1_v1/run/states/confirm/confirm_F08_B_V1.json",
      "purpose": "frozen V1 request state confirm_F08_B_V1",
      "sha256": "37db42324e3d022d1f99e2f682a6fb47f08af161125afa1598e468dc3e5b35a4",
      "size_bytes": 1072
    },
    {
      "logical_path": "artifacts/pathgraph_sarm/upgrade_v2/visual_coarse_l1_v1/run/states/confirm/confirm_F10_A_V1.json",
      "original_filename": "confirm_F10_A_V1.json",
      "original_path": "/home/__compress_data/xushijie/graph_github_upload/artifacts/pathgraph_sarm/upgrade_v2/visual_coarse_l1_v1/run/states/confirm/confirm_F10_A_V1.json",
      "purpose": "frozen V1 request state confirm_F10_A_V1",
      "sha256": "7da6fe0dddfc1b48cb27721f772add4b030494534a5d37cae6e8192dc5f68a4a",
      "size_bytes": 1072
    },
    {
      "logical_path": "artifacts/pathgraph_sarm/upgrade_v2/visual_coarse_l1_v1/run/states/confirm/confirm_F10_B_V1.json",
      "original_filename": "confirm_F10_B_V1.json",
      "original_path": "/home/__compress_data/xushijie/graph_github_upload/artifacts/pathgraph_sarm/upgrade_v2/visual_coarse_l1_v1/run/states/confirm/confirm_F10_B_V1.json",
      "purpose": "frozen V1 request state confirm_F10_B_V1",
      "sha256": "0555bd2b1d82b577ca59cfd13d3b2e93f7a454012345dcc6fa8eca6460cd3017",
      "size_bytes": 1072
    },
    {
      "logical_path": "artifacts/pathgraph_sarm/upgrade_v2/visual_coarse_l1_v1/run/states/confirm/confirm_F11_A_V1.json",
      "original_filename": "confirm_F11_A_V1.json",
      "original_path": "/home/__compress_data/xushijie/graph_github_upload/artifacts/pathgraph_sarm/upgrade_v2/visual_coarse_l1_v1/run/states/confirm/confirm_F11_A_V1.json",
      "purpose": "frozen V1 request state confirm_F11_A_V1",
      "sha256": "e9f410b921b6b8dcbc44db99ce2a58aff43928dbab9b6de323297ad1365ced44",
      "size_bytes": 1072
    },
    {
      "logical_path": "artifacts/pathgraph_sarm/upgrade_v2/visual_coarse_l1_v1/run/states/confirm/confirm_F11_B_V1.json",
      "original_filename": "confirm_F11_B_V1.json",
      "original_path": "/home/__compress_data/xushijie/graph_github_upload/artifacts/pathgraph_sarm/upgrade_v2/visual_coarse_l1_v1/run/states/confirm/confirm_F11_B_V1.json",
      "purpose": "frozen V1 request state confirm_F11_B_V1",
      "sha256": "e9d081afdf59ca71b1388187325bae914bbbc4e7b460ac6dea4ecddae76d045d",
      "size_bytes": 1072
    },
    {
      "logical_path": "artifacts/pathgraph_sarm/upgrade_v2/visual_coarse_l1_v1/run/states/confirm/confirm_F12_A_V1.json",
      "original_filename": "confirm_F12_A_V1.json",
      "original_path": "/home/__compress_data/xushijie/graph_github_upload/artifacts/pathgraph_sarm/upgrade_v2/visual_coarse_l1_v1/run/states/confirm/confirm_F12_A_V1.json",
      "purpose": "frozen V1 request state confirm_F12_A_V1",
      "sha256": "8d60aa4cece91f499e3d55fa88986ccff858523646435e0107e5233fbcf31934",
      "size_bytes": 1072
    },
    {
      "logical_path": "artifacts/pathgraph_sarm/upgrade_v2/visual_coarse_l1_v1/run/states/confirm/confirm_F12_B_V1.json",
      "original_filename": "confirm_F12_B_V1.json",
      "original_path": "/home/__compress_data/xushijie/graph_github_upload/artifacts/pathgraph_sarm/upgrade_v2/visual_coarse_l1_v1/run/states/confirm/confirm_F12_B_V1.json",
      "purpose": "frozen V1 request state confirm_F12_B_V1",
      "sha256": "11b03e0f0f9e4a802ff42c635e042d503b5174c084bbde1bdacd8fc583492332",
      "size_bytes": 1071
    }
  ],
  "manual_path_correction": {
    "actual_evidence": "review_v2/rating_evidence.jsonl",
    "actual_ratings": "review_v2/ratings_explicit.csv",
    "reason": "use the auditable files produced by the fixed L1V entry commit",
    "specified_evidence": "review_v2/evidence.jsonl",
    "specified_ratings": "review_v2/ratings.csv"
  },
  "new_api_calls": 0,
  "new_training_jobs": 0,
  "request_ids": [
    "confirm_F02_A_V1",
    "confirm_F02_B_V1",
    "confirm_F03_A_V1",
    "confirm_F03_B_V1",
    "confirm_F04_A_V1",
    "confirm_F04_B_V1",
    "confirm_F06_A_V1",
    "confirm_F06_B_V1",
    "confirm_F07_A_V1",
    "confirm_F07_B_V1",
    "confirm_F08_A_V1",
    "confirm_F08_B_V1",
    "confirm_F10_A_V1",
    "confirm_F10_B_V1",
    "confirm_F11_A_V1",
    "confirm_F11_B_V1",
    "confirm_F12_A_V1",
    "confirm_F12_B_V1"
  ],
  "schema": "pathgraph_l2r_l1v_source_lock_v1",
  "status": "L2R_ENTRY_AND_SOURCE_LOCKED"
}
