[robosuite WARNING] No private macro file found! (__init__.py:7)
[robosuite WARNING] It is recommended to use a private macro file (__init__.py:8)
[robosuite WARNING] To setup, run: python /home/__compress_data/xushijie/.conda/envs/lerobotpi0/lib/python3.10/site-packages/robosuite/scripts/setup_macros.py (__init__.py:9)
[stage2a_v11] 2026-09-23T12:44:45Z T_B B0 training start dir=/home/__compress_data/xushijie/graph_cp_disr_v2_1/runs/stage_2a/T_B/B0/seed_0/20260923T121938Z_79c690f9
Warning: make sure gym is installed if you want to use the GymWrapper.
[stage2a_v11] 2026-09-23T13:05:37Z T_B B0 PPO complete update transitions=1024 N=1024 T=1903.7500000006398
[stage2a_v11] 2026-09-23T13:08:50Z T_B B0 first-update self-check PASS
[stage2a_v11] 2026-09-23T13:18:58Z T_B B0 PPO complete update transitions=1024 N=2048 T=1954.9500000005933
Traceback (most recent call last):
  File "/home/__compress_data/xushijie/.conda/envs/lerobot/lib/python3.10/runpy.py", line 196, in _run_module_as_main
    return _run_code(code, main_globals, None,
  File "/home/__compress_data/xushijie/.conda/envs/lerobot/lib/python3.10/runpy.py", line 86, in _run_code
    exec(code, run_globals)
  File "/home/__compress_data/xushijie/graph_cp_disr_v2_1/src/cp_disr/cli.py", line 201, in <module>
    raise SystemExit(main())
  File "/home/__compress_data/xushijie/graph_cp_disr_v2_1/src/cp_disr/cli.py", line 179, in main
    result = stage2a_v11.cmd_stage_2a_v11_run(root, gpu=getattr(a, "gpu", 0), phase=getattr(a, "phase", "all"), task=getattr(a, "task", None), method=getattr(a, "method", None), stamp=getattr(a, "stamp", None), configsha=getattr(a, "configsha", None), resume=bool(getattr(a, "resume", False)), skip_startup_gates=bool(getattr(a, "skip_startup_gates", False)), max_updates=int(getattr(a, "max_updates", 64)))
  File "/home/__compress_data/xushijie/graph_cp_disr_v2_1/src/cp_disr/stage2a_v11.py", line 1407, in cmd_stage_2a_v11_run
    summary = train_job(root, task, method, device, device_name, prof, hashes_doc, stamp, configsha8, max_updates=max_updates, resume=resume)
  File "/home/__compress_data/xushijie/graph_cp_disr_v2_1/src/cp_disr/stage2a_v11.py", line 1176, in train_job
    tstep, result = collector.step(snap, deterministic=False)
  File "/home/__compress_data/xushijie/graph_cp_disr_v2_1/src/cp_disr/collector.py", line 34, in step
    with torch.no_grad():out=self.policy(snapshot,prefix_hidden(self.policy,prefix))
  File "/home/__compress_data/xushijie/graph_cp_disr_v2_1/src/cp_disr/torch_rl.py", line 33, in prefix_hidden
    for snapshot in prefix:hidden=policy.advance_hidden(snapshot.base_input,hidden)
  File "/home/__compress_data/xushijie/graph_cp_disr_v2_1/src/cp_disr/neural.py", line 282, in advance_hidden
    return self.gru(torch.relu(self.observation(x)), hidden)
  File "/home/__compress_data/xushijie/.conda/envs/lerobotpi0/lib/python3.10/site-packages/torch/nn/modules/module.py", line 1751, in _wrapped_call_impl
    return self._call_impl(*args, **kwargs)
  File "/home/__compress_data/xushijie/.conda/envs/lerobotpi0/lib/python3.10/site-packages/torch/nn/modules/module.py", line 1762, in _call_impl
    return forward_call(*args, **kwargs)
  File "/home/__compress_data/xushijie/.conda/envs/lerobotpi0/lib/python3.10/site-packages/torch/nn/modules/linear.py", line 125, in forward
    return F.linear(input, self.weight, self.bias)
KeyboardInterrupt
