package_version=2.2.0
feature_name=wl
graph_representation=ilg
iterations=2
pruning=a-m
multiset_hash=0
domain=wlplan.planning.Domain(name=depots, predicates=[at/2, available/1, clear/1, in/2, lifting/2, on/2], functions=[], schemata=[Drive/3, Drop/4, Lift/4, Load/4, Unload/4], constant_objects=[])
weights_size=145
[search] H_WL joint joint_n6k1h2_001 -> SOLVED expanded 29 wall 0.2s
[search] H_WL joint joint_n6k1h2_005 -> SOLVED expanded 42 wall 0.2s
[search] H_WL joint joint_n6k1h2_009 -> SOLVED expanded 41 wall 0.2s
[search] H_WL joint joint_n6k1h2_013 -> SOLVED expanded 21 wall 0.2s
[search] H_WL joint joint_n6k1h4_001 -> SOLVED expanded 48 wall 0.2s
[search] H_WL joint joint_n6k1h4_005 -> SOLVED expanded 319 wall 0.2s
[search] H_WL joint joint_n6k1h4_009 -> SOLVED expanded 249 wall 0.2s
[search] H_WL joint joint_n6k1h4_013 -> SOLVED expanded 19 wall 0.2s
[search] H_WL joint joint_n6k2h2_001 -> SOLVED expanded 64 wall 0.2s
[search] H_WL joint joint_n6k2h2_005 -> SOLVED expanded 28 wall 0.2s
[search] H_WL joint joint_n6k2h2_009 -> SOLVED expanded 29 wall 0.2s
[search] H_WL joint joint_n6k2h2_013 -> SOLVED expanded 39 wall 0.2s
[search] H_WL joint joint_n6k2h4_001 -> SOLVED expanded 115 wall 0.2s
[search] H_WL joint joint_n6k2h4_005 -> SOLVED expanded 63 wall 0.2s
[search] H_WL joint joint_n6k2h4_009 -> SOLVED expanded 142 wall 0.2s
[search] H_WL joint joint_n6k2h4_013 -> SOLVED expanded 28 wall 0.2s
[search] H_WL joint joint_n8k1h2_001 -> SOLVED expanded 35 wall 0.2s
[search] H_WL joint joint_n8k1h2_005 -> SOLVED expanded 86 wall 0.3s
[search] H_WL joint joint_n8k1h2_009 -> SOLVED expanded 34 wall 0.2s
[search] H_WL joint joint_n8k1h2_013 -> SOLVED expanded 38 wall 0.2s
[search] H_WL joint joint_n8k1h4_001 -> SOLVED expanded 2045 wall 0.6s
[search] H_WL joint joint_n8k1h4_005 -> SOLVED expanded 298 wall 0.4s
[search] H_WL joint joint_n8k1h4_009 -> SOLVED expanded 62 wall 0.2s
[search] H_WL joint joint_n8k1h4_013 -> SOLVED expanded 126 wall 0.3s
[search] H_WL joint joint_n8k2h2_001 -> SOLVED expanded 104 wall 0.3s
[search] H_WL joint joint_n8k2h2_005 -> SOLVED expanded 100 wall 0.3s
[search] H_WL joint joint_n8k2h2_009 -> SOLVED expanded 32 wall 0.2s
[search] H_WL joint joint_n8k2h2_013 -> SOLVED expanded 40 wall 0.2s
[search] H_WL joint joint_n8k2h4_001 -> SOLVED expanded 70 wall 0.2s
[search] H_WL joint joint_n8k2h4_005 -> SOLVED expanded 314 wall 0.3s
[search] H_WL joint joint_n8k2h4_009 -> SOLVED expanded 131 wall 0.3s
[search] H_WL joint joint_n8k2h4_013 -> SOLVED expanded 1272 wall 0.5s
