package_version=2.2.0
feature_name=wl
graph_representation=ilg
iterations=2
pruning=a-m
multiset_hash=0
domain=wlplan.planning.Domain(name=depots, predicates=[at/2, available/1, clear/1, in/2, lifting/2, on/2], functions=[], schemata=[Drive/3, Drop/4, Lift/4, Load/4, Unload/4], constant_objects=[])
weights_size=145
[search] H_WL struct struct_n4_000 -> SOLVED expanded 30 wall 0.2s
[search] H_WL struct struct_n4_001 -> SOLVED expanded 21 wall 0.2s
[search] H_WL struct struct_n4_002 -> SOLVED expanded 22 wall 0.2s
[search] H_WL struct struct_n4_003 -> SOLVED expanded 18 wall 0.2s
[search] H_WL struct struct_n4_004 -> SOLVED expanded 19 wall 0.2s
[search] H_WL struct struct_n4_005 -> SOLVED expanded 21 wall 0.2s
[search] H_WL struct struct_n4_006 -> SOLVED expanded 30 wall 0.2s
[search] H_WL struct struct_n4_007 -> SOLVED expanded 60 wall 0.2s
[search] H_WL struct struct_n4_008 -> SOLVED expanded 18 wall 0.2s
[search] H_WL struct struct_n4_009 -> SOLVED expanded 29 wall 0.2s
[search] H_WL struct struct_n4_010 -> SOLVED expanded 39 wall 0.2s
[search] H_WL struct struct_n4_011 -> SOLVED expanded 55 wall 0.2s
[search] H_WL struct struct_n4_012 -> SOLVED expanded 17 wall 0.2s
[search] H_WL struct struct_n4_013 -> SOLVED expanded 5 wall 0.1s
[search] H_WL struct struct_n4_014 -> SOLVED expanded 2 wall 0.1s
[search] H_WL struct struct_n4_015 -> SOLVED expanded 17 wall 0.2s
[search] H_WL struct struct_n5_000 -> SOLVED expanded 34 wall 0.2s
[search] H_WL struct struct_n5_001 -> SOLVED expanded 61 wall 0.2s
[search] H_WL struct struct_n5_002 -> SOLVED expanded 53 wall 0.2s
[search] H_WL struct struct_n5_003 -> SOLVED expanded 75 wall 0.2s
[search] H_WL struct struct_n5_004 -> SOLVED expanded 47 wall 0.2s
[search] H_WL struct struct_n5_005 -> SOLVED expanded 56 wall 0.2s
[search] H_WL struct struct_n5_006 -> SOLVED expanded 59 wall 0.2s
[search] H_WL struct struct_n5_007 -> SOLVED expanded 32 wall 0.2s
[search] H_WL struct struct_n5_008 -> SOLVED expanded 23 wall 0.2s
[search] H_WL struct struct_n5_009 -> SOLVED expanded 47 wall 0.2s
[search] H_WL struct struct_n5_010 -> SOLVED expanded 65 wall 0.2s
[search] H_WL struct struct_n5_011 -> SOLVED expanded 31 wall 0.2s
[search] H_WL struct struct_n5_012 -> SOLVED expanded 69 wall 0.2s
[search] H_WL struct struct_n5_013 -> SOLVED expanded 22 wall 0.2s
[search] H_WL struct struct_n5_014 -> SOLVED expanded 41 wall 0.2s
[search] H_WL struct struct_n5_015 -> SOLVED expanded 61 wall 0.2s
