package_version=2.2.0
feature_name=wl
graph_representation=ilg
iterations=2
pruning=a-m
multiset_hash=0
domain=wlplan.planning.Domain(name=depots, predicates=[at/2, available/1, clear/1, in/2, lifting/2, on/2], functions=[], schemata=[Drive/3, Drop/4, Lift/4, Load/4, Unload/4], constant_objects=[])
weights_size=145
[search] H_WL joint joint_n6k1h2_002 -> SOLVED expanded 39 wall 0.2s
[search] H_WL joint joint_n6k1h2_006 -> SOLVED expanded 44 wall 0.2s
[search] H_WL joint joint_n6k1h2_010 -> SOLVED expanded 32 wall 0.2s
[search] H_WL joint joint_n6k1h2_014 -> SOLVED expanded 38 wall 0.2s
[search] H_WL joint joint_n6k1h4_002 -> SOLVED expanded 194 wall 0.2s
[search] H_WL joint joint_n6k1h4_006 -> SOLVED expanded 29 wall 0.2s
[search] H_WL joint joint_n6k1h4_010 -> SOLVED expanded 34 wall 0.2s
[search] H_WL joint joint_n6k1h4_014 -> SOLVED expanded 45 wall 0.2s
[search] H_WL joint joint_n6k2h2_002 -> SOLVED expanded 47 wall 0.2s
[search] H_WL joint joint_n6k2h2_006 -> SOLVED expanded 48 wall 0.2s
[search] H_WL joint joint_n6k2h2_010 -> SOLVED expanded 16 wall 0.2s
[search] H_WL joint joint_n6k2h2_014 -> SOLVED expanded 70 wall 0.2s
[search] H_WL joint joint_n6k2h4_002 -> SOLVED expanded 102 wall 0.2s
[search] H_WL joint joint_n6k2h4_006 -> SOLVED expanded 41 wall 0.2s
[search] H_WL joint joint_n6k2h4_010 -> SOLVED expanded 76 wall 0.2s
[search] H_WL joint joint_n6k2h4_014 -> SOLVED expanded 16 wall 0.2s
[search] H_WL joint joint_n8k1h2_002 -> SOLVED expanded 39 wall 0.2s
[search] H_WL joint joint_n8k1h2_006 -> SOLVED expanded 43 wall 0.2s
[search] H_WL joint joint_n8k1h2_010 -> SOLVED expanded 33 wall 0.2s
[search] H_WL joint joint_n8k1h2_014 -> SOLVED expanded 25 wall 0.2s
[search] H_WL joint joint_n8k1h4_002 -> SOLVED expanded 76 wall 0.2s
[search] H_WL joint joint_n8k1h4_006 -> SOLVED expanded 73 wall 0.2s
[search] H_WL joint joint_n8k1h4_010 -> SOLVED expanded 405 wall 0.3s
[search] H_WL joint joint_n8k1h4_014 -> SOLVED expanded 157 wall 0.3s
[search] H_WL joint joint_n8k2h2_002 -> SOLVED expanded 69 wall 0.2s
[search] H_WL joint joint_n8k2h2_006 -> SOLVED expanded 39 wall 0.2s
[search] H_WL joint joint_n8k2h2_010 -> SOLVED expanded 29 wall 0.2s
[search] H_WL joint joint_n8k2h2_014 -> SOLVED expanded 86 wall 0.2s
[search] H_WL joint joint_n8k2h4_002 -> SOLVED expanded 410 wall 0.3s
[search] H_WL joint joint_n8k2h4_006 -> SOLVED expanded 777 wall 0.4s
[search] H_WL joint joint_n8k2h4_010 -> SOLVED expanded 120 wall 0.2s
[search] H_WL joint joint_n8k2h4_014 -> SOLVED expanded 81 wall 0.2s
