package_version=2.2.0
feature_name=wl
graph_representation=ilg
iterations=2
pruning=a-m
multiset_hash=0
domain=wlplan.planning.Domain(name=depots, predicates=[at/2, available/1, clear/1, in/2, lifting/2, on/2], functions=[], schemata=[Drive/3, Drop/4, Lift/4, Load/4, Unload/4], constant_objects=[])
weights_size=145
[search] H_WL joint joint_n6k1h2_003 -> SOLVED expanded 19 wall 0.2s
[search] H_WL joint joint_n6k1h2_007 -> SOLVED expanded 50 wall 0.2s
[search] H_WL joint joint_n6k1h2_011 -> SOLVED expanded 18 wall 0.2s
[search] H_WL joint joint_n6k1h2_015 -> SOLVED expanded 9 wall 0.2s
[search] H_WL joint joint_n6k1h4_003 -> SOLVED expanded 124 wall 0.2s
[search] H_WL joint joint_n6k1h4_007 -> SOLVED expanded 77 wall 0.2s
[search] H_WL joint joint_n6k1h4_011 -> SOLVED expanded 127 wall 0.2s
[search] H_WL joint joint_n6k1h4_015 -> SOLVED expanded 109 wall 0.2s
[search] H_WL joint joint_n6k2h2_003 -> SOLVED expanded 38 wall 0.2s
[search] H_WL joint joint_n6k2h2_007 -> SOLVED expanded 77 wall 0.2s
[search] H_WL joint joint_n6k2h2_011 -> SOLVED expanded 27 wall 0.2s
[search] H_WL joint joint_n6k2h2_015 -> SOLVED expanded 74 wall 0.2s
[search] H_WL joint joint_n6k2h4_003 -> SOLVED expanded 30 wall 0.2s
[search] H_WL joint joint_n6k2h4_007 -> SOLVED expanded 63 wall 0.2s
[search] H_WL joint joint_n6k2h4_011 -> SOLVED expanded 304 wall 0.2s
[search] H_WL joint joint_n6k2h4_015 -> SOLVED expanded 84 wall 0.2s
[search] H_WL joint joint_n8k1h2_003 -> SOLVED expanded 56 wall 0.2s
[search] H_WL joint joint_n8k1h2_007 -> SOLVED expanded 75 wall 0.2s
[search] H_WL joint joint_n8k1h2_011 -> SOLVED expanded 31 wall 0.2s
[search] H_WL joint joint_n8k1h2_015 -> SOLVED expanded 46 wall 0.2s
[search] H_WL joint joint_n8k1h4_003 -> SOLVED expanded 44 wall 0.2s
[search] H_WL joint joint_n8k1h4_007 -> SOLVED expanded 1082 wall 0.4s
[search] H_WL joint joint_n8k1h4_011 -> SOLVED expanded 74 wall 0.2s
[search] H_WL joint joint_n8k1h4_015 -> SOLVED expanded 34 wall 0.2s
[search] H_WL joint joint_n8k2h2_003 -> SOLVED expanded 138 wall 0.3s
[search] H_WL joint joint_n8k2h2_007 -> SOLVED expanded 63 wall 0.2s
[search] H_WL joint joint_n8k2h2_011 -> SOLVED expanded 83 wall 0.3s
[search] H_WL joint joint_n8k2h2_015 -> SOLVED expanded 31 wall 0.2s
[search] H_WL joint joint_n8k2h4_003 -> SOLVED expanded 1583 wall 0.5s
[search] H_WL joint joint_n8k2h4_007 -> SOLVED expanded 80 wall 0.2s
[search] H_WL joint joint_n8k2h4_011 -> SOLVED expanded 25 wall 0.2s
[search] H_WL joint joint_n8k2h4_015 -> SOLVED expanded 44 wall 0.2s
