package_version=2.2.0
feature_name=wl
graph_representation=ilg
iterations=2
pruning=a-m
multiset_hash=0
domain=wlplan.planning.Domain(name=depots, predicates=[at/2, available/1, clear/1, in/2, lifting/2, on/2], functions=[], schemata=[Drive/3, Drop/4, Lift/4, Load/4, Unload/4], constant_objects=[])
weights_size=145
[search] H_WL joint joint_n6k1h2_000 -> SOLVED expanded 46 wall 0.2s
[search] H_WL joint joint_n6k1h2_004 -> SOLVED expanded 37 wall 0.2s
[search] H_WL joint joint_n6k1h2_008 -> SOLVED expanded 74 wall 0.2s
[search] H_WL joint joint_n6k1h2_012 -> SOLVED expanded 41 wall 0.2s
[search] H_WL joint joint_n6k1h4_000 -> SOLVED expanded 68 wall 0.2s
[search] H_WL joint joint_n6k1h4_004 -> SOLVED expanded 24 wall 0.2s
[search] H_WL joint joint_n6k1h4_008 -> SOLVED expanded 592 wall 0.3s
[search] H_WL joint joint_n6k1h4_012 -> SOLVED expanded 233 wall 0.2s
[search] H_WL joint joint_n6k2h2_000 -> SOLVED expanded 40 wall 0.2s
[search] H_WL joint joint_n6k2h2_004 -> SOLVED expanded 33 wall 0.2s
[search] H_WL joint joint_n6k2h2_008 -> SOLVED expanded 42 wall 0.2s
[search] H_WL joint joint_n6k2h2_012 -> SOLVED expanded 23 wall 0.2s
[search] H_WL joint joint_n6k2h4_000 -> SOLVED expanded 275 wall 0.2s
[search] H_WL joint joint_n6k2h4_004 -> SOLVED expanded 62 wall 0.2s
[search] H_WL joint joint_n6k2h4_008 -> SOLVED expanded 79 wall 0.2s
[search] H_WL joint joint_n6k2h4_012 -> SOLVED expanded 52 wall 0.2s
[search] H_WL joint joint_n8k1h2_000 -> SOLVED expanded 49 wall 0.2s
[search] H_WL joint joint_n8k1h2_004 -> SOLVED expanded 46 wall 0.2s
[search] H_WL joint joint_n8k1h2_008 -> SOLVED expanded 48 wall 0.2s
[search] H_WL joint joint_n8k1h2_012 -> SOLVED expanded 31 wall 0.2s
[search] H_WL joint joint_n8k1h4_000 -> SOLVED expanded 100 wall 0.2s
[search] H_WL joint joint_n8k1h4_004 -> SOLVED expanded 33 wall 0.2s
[search] H_WL joint joint_n8k1h4_008 -> SOLVED expanded 241 wall 0.3s
[search] H_WL joint joint_n8k1h4_012 -> SOLVED expanded 43 wall 0.2s
[search] H_WL joint joint_n8k2h2_000 -> SOLVED expanded 76 wall 0.2s
[search] H_WL joint joint_n8k2h2_004 -> SOLVED expanded 105 wall 0.3s
[search] H_WL joint joint_n8k2h2_008 -> SOLVED expanded 89 wall 0.2s
[search] H_WL joint joint_n8k2h2_012 -> SOLVED expanded 19 wall 0.2s
[search] H_WL joint joint_n8k2h4_000 -> SOLVED expanded 61 wall 0.2s
[search] H_WL joint joint_n8k2h4_004 -> SOLVED expanded 72 wall 0.2s
[search] H_WL joint joint_n8k2h4_008 -> SOLVED expanded 111 wall 0.3s
[search] H_WL joint joint_n8k2h4_012 -> SOLVED expanded 51 wall 0.2s
