[2026-09-21T13:24:39Z] Stage 1A start gpu=0 only_gates=True resume=False max_updates=16
[2026-09-21T13:24:39Z] device=cuda:0 name=NVIDIA A100-SXM4-40GB visible=5
[2026-09-21T13:24:41Z] startup gate A: corrected dry-run fields
[2026-09-21T13:25:03Z] startup gate B: B2 effective prior empty at input layer
[2026-09-21T13:25:11Z] startup gate C: Full DP/Delta on frozen nonempty prior
[2026-09-21T13:25:20Z] startup gate D: independent init, seeds, pytest, cache immutability
[2026-09-21T13:25:20Z] running Stage 0B pytest marker=pure or torch_runtime
[2026-09-21T13:25:41Z] startup gates FAILED; no PPO
[2026-09-21T13:28:30Z] Stage 1A start gpu=0 only_gates=False resume=False max_updates=16
[2026-09-21T13:28:30Z] device=cuda:0 name=NVIDIA A100-SXM4-40GB visible=5
[2026-09-21T13:28:32Z] startup gate A: corrected dry-run fields
[2026-09-21T13:28:44Z] startup gate B: B2 effective prior empty at input layer
[2026-09-21T13:28:49Z] startup gate C: Full DP/Delta on frozen nonempty prior
[2026-09-21T13:28:56Z] startup gate D: independent init, seeds, pytest, cache immutability
[2026-09-21T13:28:56Z] running Stage 0B pytest marker=pure or torch_runtime
[2026-09-21T13:29:14Z] train B2 to 8 updates
[2026-09-21T13:29:15Z] B2 eval step0
[2026-09-21T13:33:18Z] B2 training start target_updates=8
[2026-09-21T13:35:22Z] training exception: Invalid independently confirmed reward event
[2026-09-21T13:47:29Z] Stage 1A start gpu=0 only_gates=False resume=False max_updates=16
[2026-09-21T13:47:29Z] device=cuda:0 name=NVIDIA A100-SXM4-40GB visible=2
[2026-09-21T13:47:31Z] startup gate A: corrected dry-run fields
[2026-09-21T13:47:44Z] startup gate B: B2 effective prior empty at input layer
[2026-09-21T13:47:50Z] startup gate C: Full DP/Delta on frozen nonempty prior
[2026-09-21T13:47:57Z] startup gate D: independent init, seeds, pytest, cache immutability
[2026-09-21T13:47:57Z] running Stage 0B pytest marker=pure or torch_runtime
[2026-09-21T13:48:14Z] train B2 to 8 updates
[2026-09-21T13:48:15Z] B2 eval step0
[2026-09-21T13:52:11Z] B2 training start target_updates=8
[2026-09-21T14:04:51Z] training exception: Runtime repeatedly exposes no executable skill
[2026-09-21T14:04:53Z] Stage 1A finished status=NEEDS_RERUN next=1B
[2026-09-21T14:10:06Z] Stage 1A start gpu=0 only_gates=False resume=False max_updates=16
[2026-09-21T14:10:06Z] device=cuda:0 name=NVIDIA A100-SXM4-40GB visible=0
[2026-09-21T14:10:08Z] startup gate A: corrected dry-run fields
[2026-09-21T14:10:28Z] startup gate B: B2 effective prior empty at input layer
[2026-09-21T14:10:37Z] startup gate C: Full DP/Delta on frozen nonempty prior
[2026-09-21T14:10:47Z] startup gate D: independent init, seeds, pytest, cache immutability
[2026-09-21T14:10:48Z] running Stage 0B pytest marker=pure or torch_runtime
[2026-09-21T14:11:08Z] train B2 to 8 updates
[2026-09-21T14:11:09Z] B2 eval step0
[2026-09-21T14:15:36Z] B2 training start target_updates=8
[2026-09-21T15:08:35Z] B2 PPO update 1 transitions=1024
[2026-09-21T16:27:59Z] B2 PPO update 2 transitions=1024
[2026-09-21T17:30:33Z] B2 PPO update 3 transitions=1024
[2026-09-21T18:18:04Z] B2 PPO update 4 transitions=1024
[2026-09-21T18:33:43Z] B2 eval update 4
[2026-09-21T19:09:30Z] B2 PPO update 5 transitions=1024
[2026-09-21T20:01:08Z] B2 PPO update 6 transitions=1024
[2026-09-21T20:54:55Z] B2 PPO update 7 transitions=1024
[2026-09-21T22:03:30Z] B2 PPO update 8 transitions=1024
[2026-09-21T22:29:15Z] B2 eval update 8
[2026-09-21T22:30:30Z] train Full to 8 updates
[2026-09-21T22:30:31Z] Full eval step0
[2026-09-21T22:33:54Z] Full training start target_updates=8
[2026-09-21T23:13:11Z] Full PPO update 1 transitions=1024
[2026-09-22T00:16:55Z] Full PPO update 2 transitions=1024
[2026-09-22T00:37:57Z] Full PPO update 3 transitions=1024
[2026-09-22T00:53:31Z] Full PPO update 4 transitions=1024
[2026-09-22T01:02:28Z] Full eval update 4
[2026-09-22T01:13:07Z] Full PPO update 5 transitions=1024
[2026-09-22T01:35:00Z] Full PPO update 6 transitions=1024
[2026-09-22T02:15:58Z] Full PPO update 7 transitions=1024
[2026-09-22T03:09:13Z] Full PPO update 8 transitions=1024
[2026-09-22T03:29:00Z] Full eval update 8
[2026-09-22T03:30:10Z] stop-gate at 8 updates: True []
[2026-09-22T03:30:12Z] Stage 1A finished status=PASS next=2A
