Using GPU 2
python /home/__compress_data/xushijie/graph_cp_disr_v2_1/.venv-stage0a/bin/python
[robosuite WARNING] No private macro file found! (__init__.py:7)
[robosuite WARNING] It is recommended to use a private macro file (__init__.py:8)
[robosuite WARNING] To setup, run: python /home/__compress_data/xushijie/.conda/envs/lerobotpi0/lib/python3.10/site-packages/robosuite/scripts/setup_macros.py (__init__.py:9)
[2026-09-21T13:47:29Z] Stage 1A start gpu=0 only_gates=False resume=False max_updates=16
[2026-09-21T13:47:29Z] device=cuda:0 name=NVIDIA A100-SXM4-40GB visible=2
[2026-09-21T13:47:31Z] startup gate A: corrected dry-run fields
Warning: make sure gym is installed if you want to use the GymWrapper.
[2026-09-21T13:47:44Z] startup gate B: B2 effective prior empty at input layer
[2026-09-21T13:47:50Z] startup gate C: Full DP/Delta on frozen nonempty prior
[2026-09-21T13:47:57Z] startup gate D: independent init, seeds, pytest, cache immutability
[2026-09-21T13:47:57Z] running Stage 0B pytest marker=pure or torch_runtime
........................................                                 [100%]
40 passed, 34 deselected in 15.25s
[2026-09-21T13:48:14Z] train B2 to 8 updates
[2026-09-21T13:48:15Z] B2 eval step0
[2026-09-21T13:52:11Z] B2 training start target_updates=8
[2026-09-21T14:04:51Z] training exception: Runtime repeatedly exposes no executable skill
/home/__compress_data/xushijie/graph_cp_disr_v2_1/src/cp_disr/stage1a_smoke.py:762: UserWarning: No artists with labels found to put in legend.  Note that artists whose label start with an underscore are ignored when legend() is called with no argument.
  ax.set_xlabel(xlabel); ax.set_ylabel(ylabel); ax.set_title(title); ax.legend(); fig.tight_layout(); fig.savefig(png, dpi=120); plt.close(fig)
[2026-09-21T14:04:53Z] Stage 1A finished status=NEEDS_RERUN next=1B
{"b2":{"completed_updates":null,"final_dev_success":null,"step0_dev_success":null,"train_success_episodes":null,"valid_transitions":null},"full":{"absent_episode_n":null,"completed_updates":null,"final_dev_success":null,"original_episode_n":null,"step0_dev_success":null,"train_success_episodes":null,"valid_transitions":null},"gates":[{"b2_n":2,"full_n":2,"gate":"A","issues":[],"passed":true},{"effective_prior_relation_count":0,"gate":"B","issues":[],"passed":true,"source_cache_relation_count":1},{"delta_nonzero_any":true,"dp_nonzero_any":true,"gate":"C","issues":[],"max_abs_residual":0.00010990955343004316,"passed":true,"prior_edges":1,"qualifying_n":3},{"device":"cuda:0","device_name":"NVIDIA A100-SXM4-40GB","gate":"D","issues":[],"passed":true,"pytest_rc":0}],"next_stage":"1B","reasons":["Runtime repeatedly exposes no executable skill"],"status":"NEEDS_RERUN"}
