key_present=yes
[robosuite WARNING] No private macro file found! (__init__.py:7)
[robosuite WARNING] It is recommended to use a private macro file (__init__.py:8)
[robosuite WARNING] To setup, run: python /home/__compress_data/xushijie/.conda/envs/lerobotpi0/lib/python3.10/site-packages/robosuite/scripts/setup_macros.py (__init__.py:9)
[stage2a_v11] 2026-09-23T12:20:10Z captured T_B_train_00
[stage2a_v11] 2026-09-23T12:20:12Z captured T_B_train_01
[stage2a_v11] 2026-09-23T12:20:13Z captured T_B_train_02
[stage2a_v11] 2026-09-23T12:20:14Z captured T_B_train_03
[stage2a_v11] 2026-09-23T12:20:16Z captured T_B_train_04
[stage2a_v11] 2026-09-23T12:20:17Z captured T_B_train_05
[stage2a_v11] 2026-09-23T12:20:18Z captured T_B_train_06
[stage2a_v11] 2026-09-23T12:20:19Z captured T_B_train_07
[stage2a_v11] 2026-09-23T12:20:21Z captured T_B_train_08
[stage2a_v11] 2026-09-23T12:20:22Z captured T_B_train_09
[stage2a_v11] 2026-09-23T12:20:23Z captured T_B_train_10
[stage2a_v11] 2026-09-23T12:20:24Z captured T_B_train_11
[stage2a_v11] 2026-09-23T12:20:26Z captured T_B_train_12
[stage2a_v11] 2026-09-23T12:20:27Z captured T_B_train_13
[stage2a_v11] 2026-09-23T12:20:28Z captured T_B_train_14
[stage2a_v11] 2026-09-23T12:20:29Z captured T_B_train_15
[stage2a_v11] 2026-09-23T12:20:31Z captured T_B_train_16
[stage2a_v11] 2026-09-23T12:20:32Z captured T_B_train_17
[stage2a_v11] 2026-09-23T12:20:33Z captured T_B_train_18
[stage2a_v11] 2026-09-23T12:20:34Z captured T_B_train_19
[stage2a_v11] 2026-09-23T12:20:35Z captured T_B_train_20
[stage2a_v11] 2026-09-23T12:20:37Z captured T_B_train_21
[stage2a_v11] 2026-09-23T12:20:38Z captured T_B_train_22
[stage2a_v11] 2026-09-23T12:20:39Z captured T_B_train_23
[stage2a_v11] 2026-09-23T12:20:40Z captured T_B_train_24
[stage2a_v11] 2026-09-23T12:20:42Z captured T_B_train_25
[stage2a_v11] 2026-09-23T12:20:43Z captured T_B_train_26
[stage2a_v11] 2026-09-23T12:20:44Z captured T_B_train_27
[stage2a_v11] 2026-09-23T12:20:45Z captured T_B_train_28
[stage2a_v11] 2026-09-23T12:20:46Z captured T_B_train_29
[stage2a_v11] 2026-09-23T12:20:48Z captured T_B_train_30
[stage2a_v11] 2026-09-23T12:20:49Z captured T_B_train_31
[stage2a_v11] 2026-09-23T12:20:50Z captured T_B_train_32
[stage2a_v11] 2026-09-23T12:20:51Z captured T_B_train_33
[stage2a_v11] 2026-09-23T12:20:52Z captured T_B_train_34
[stage2a_v11] 2026-09-23T12:20:54Z captured T_B_train_35
[stage2a_v11] 2026-09-23T12:20:55Z captured T_B_train_36
[stage2a_v11] 2026-09-23T12:20:56Z captured T_B_train_37
[stage2a_v11] 2026-09-23T12:20:57Z captured T_B_train_38
[stage2a_v11] 2026-09-23T12:20:59Z captured T_B_train_39
[stage2a_v11] 2026-09-23T12:21:00Z captured T_B_train_40
[stage2a_v11] 2026-09-23T12:21:01Z captured T_B_train_41
[stage2a_v11] 2026-09-23T12:21:02Z captured T_B_train_42
[stage2a_v11] 2026-09-23T12:21:04Z captured T_B_train_43
[stage2a_v11] 2026-09-23T12:21:05Z captured T_B_train_44
[stage2a_v11] 2026-09-23T12:21:06Z captured T_B_train_45
[stage2a_v11] 2026-09-23T12:21:08Z captured T_B_train_46
[stage2a_v11] 2026-09-23T12:21:09Z captured T_B_train_47
[stage2a_v11] 2026-09-23T12:21:10Z captured T_B_train_48
[stage2a_v11] 2026-09-23T12:21:11Z captured T_B_train_49
[stage2a_v11] 2026-09-23T12:21:13Z captured T_B_train_50
[stage2a_v11] 2026-09-23T12:21:14Z captured T_B_train_51
[stage2a_v11] 2026-09-23T12:21:15Z captured T_B_train_52
[stage2a_v11] 2026-09-23T12:21:17Z captured T_B_train_53
[stage2a_v11] 2026-09-23T12:21:18Z captured T_B_train_54
[stage2a_v11] 2026-09-23T12:21:19Z captured T_B_train_55
[stage2a_v11] 2026-09-23T12:21:20Z captured T_B_train_56
[stage2a_v11] 2026-09-23T12:21:21Z captured T_B_train_57
[stage2a_v11] 2026-09-23T12:21:23Z captured T_B_train_58
[stage2a_v11] 2026-09-23T12:21:24Z captured T_B_train_59
[stage2a_v11] 2026-09-23T12:21:25Z captured T_B_train_60
[stage2a_v11] 2026-09-23T12:21:26Z captured T_B_train_61
[stage2a_v11] 2026-09-23T12:21:28Z captured T_B_train_62
[stage2a_v11] 2026-09-23T12:21:29Z captured T_B_train_63
[stage2a_v11] 2026-09-23T12:21:30Z captured T_B_dev_08
[stage2a_v11] 2026-09-23T12:21:32Z captured T_B_dev_09
[stage2a_v11] 2026-09-23T12:21:33Z captured T_B_dev_10
[stage2a_v11] 2026-09-23T12:21:34Z captured T_B_dev_11
[stage2a_v11] 2026-09-23T12:21:35Z captured T_B_dev_12
[stage2a_v11] 2026-09-23T12:21:36Z captured T_B_dev_13
[stage2a_v11] 2026-09-23T12:21:38Z captured T_B_dev_14
[stage2a_v11] 2026-09-23T12:21:39Z captured T_B_dev_15
[stage2a_v11] 2026-09-23T12:21:40Z captured T_B_dev_16
[stage2a_v11] 2026-09-23T12:21:41Z captured T_B_dev_17
[stage2a_v11] 2026-09-23T12:21:43Z captured T_B_dev_18
[stage2a_v11] 2026-09-23T12:21:44Z captured T_B_dev_19
[stage2a_v11] 2026-09-23T12:21:45Z captured T_B_test_00
[stage2a_v11] 2026-09-23T12:21:46Z captured T_B_test_01
[stage2a_v11] 2026-09-23T12:21:48Z captured T_B_test_02
[stage2a_v11] 2026-09-23T12:21:49Z captured T_B_test_03
[stage2a_v11] 2026-09-23T12:21:50Z captured T_B_test_04
[stage2a_v11] 2026-09-23T12:21:52Z captured T_B_test_05
[stage2a_v11] 2026-09-23T12:21:53Z captured T_B_test_06
[stage2a_v11] 2026-09-23T12:21:54Z captured T_B_test_07
[stage2a_v11] 2026-09-23T12:21:55Z captured T_B_test_08
[stage2a_v11] 2026-09-23T12:21:57Z captured T_B_test_09
[stage2a_v11] 2026-09-23T12:21:58Z captured T_B_test_10
[stage2a_v11] 2026-09-23T12:21:59Z captured T_B_test_11
[stage2a_v11] 2026-09-23T12:22:00Z captured T_B_test_12
[stage2a_v11] 2026-09-23T12:22:02Z captured T_B_test_13
[stage2a_v11] 2026-09-23T12:22:03Z captured T_B_test_14
[stage2a_v11] 2026-09-23T12:22:04Z captured T_B_test_15
[stage2a_v11] 2026-09-23T12:22:06Z captured T_B_test_16
[stage2a_v11] 2026-09-23T12:22:07Z captured T_B_test_17
[stage2a_v11] 2026-09-23T12:22:08Z captured T_B_test_18
[stage2a_v11] 2026-09-23T12:22:10Z captured T_B_test_19
[stage2a_v11] 2026-09-23T12:22:11Z captured T_B_test_20
[stage2a_v11] 2026-09-23T12:22:12Z captured T_B_test_21
[stage2a_v11] 2026-09-23T12:22:13Z captured T_B_test_22
[stage2a_v11] 2026-09-23T12:22:15Z captured T_B_test_23
[stage2a_v11] 2026-09-23T12:22:16Z captured T_B_test_24
[stage2a_v11] 2026-09-23T12:22:17Z captured T_B_test_25
[stage2a_v11] 2026-09-23T12:22:18Z captured T_B_test_26
[stage2a_v11] 2026-09-23T12:22:20Z captured T_B_test_27
[stage2a_v11] 2026-09-23T12:22:21Z captured T_B_test_28
[stage2a_v11] 2026-09-23T12:22:22Z captured T_B_test_29
[stage2a_v11] 2026-09-23T12:22:32Z cache T_B T_B_train_00 SUCCESS
[stage2a_v11] 2026-09-23T12:22:39Z cache T_B T_B_train_01 SUCCESS
[stage2a_v11] 2026-09-23T12:22:46Z cache T_B T_B_train_02 SUCCESS
[stage2a_v11] 2026-09-23T12:22:54Z cache T_B T_B_train_03 SUCCESS
[stage2a_v11] 2026-09-23T12:23:01Z cache T_B T_B_train_04 SUCCESS
[stage2a_v11] 2026-09-23T12:23:05Z cache T_B T_B_train_05 SUCCESS
[stage2a_v11] 2026-09-23T12:23:12Z cache T_B T_B_train_06 SUCCESS
[stage2a_v11] 2026-09-23T12:23:19Z cache T_B T_B_train_07 SUCCESS
[stage2a_v11] 2026-09-23T12:23:26Z cache T_B T_B_train_08 SUCCESS
[stage2a_v11] 2026-09-23T12:23:33Z cache T_B T_B_train_09 SUCCESS
[stage2a_v11] 2026-09-23T12:23:40Z cache T_B T_B_train_10 SUCCESS
[stage2a_v11] 2026-09-23T12:23:47Z cache T_B T_B_train_11 SUCCESS
[stage2a_v11] 2026-09-23T12:23:54Z cache T_B T_B_train_12 SUCCESS
[stage2a_v11] 2026-09-23T12:24:01Z cache T_B T_B_train_13 SUCCESS
[stage2a_v11] 2026-09-23T12:24:08Z cache T_B T_B_train_14 SUCCESS
[stage2a_v11] 2026-09-23T12:24:15Z cache T_B T_B_train_15 SUCCESS
[stage2a_v11] 2026-09-23T12:24:23Z cache T_B T_B_train_16 SUCCESS
[stage2a_v11] 2026-09-23T12:24:30Z cache T_B T_B_train_17 SUCCESS
[stage2a_v11] 2026-09-23T12:24:37Z cache T_B T_B_train_18 SUCCESS
[stage2a_v11] 2026-09-23T12:24:44Z cache T_B T_B_train_19 SUCCESS
[stage2a_v11] 2026-09-23T12:24:51Z cache T_B T_B_train_20 SUCCESS
[stage2a_v11] 2026-09-23T12:24:58Z cache T_B T_B_train_21 SUCCESS
[stage2a_v11] 2026-09-23T12:25:05Z cache T_B T_B_train_22 SUCCESS
[stage2a_v11] 2026-09-23T12:25:12Z cache T_B T_B_train_23 SUCCESS
[stage2a_v11] 2026-09-23T12:25:20Z cache T_B T_B_train_24 SUCCESS
[stage2a_v11] 2026-09-23T12:25:26Z cache T_B T_B_train_25 SUCCESS
[stage2a_v11] 2026-09-23T12:25:33Z cache T_B T_B_train_26 SUCCESS
[stage2a_v11] 2026-09-23T12:25:40Z cache T_B T_B_train_27 SUCCESS
[stage2a_v11] 2026-09-23T12:25:47Z cache T_B T_B_train_28 SUCCESS
[stage2a_v11] 2026-09-23T12:25:54Z cache T_B T_B_train_29 SUCCESS
[stage2a_v11] 2026-09-23T12:26:01Z cache T_B T_B_train_30 SUCCESS
[stage2a_v11] 2026-09-23T12:26:08Z cache T_B T_B_train_31 SUCCESS
[stage2a_v11] 2026-09-23T12:26:15Z cache T_B T_B_train_32 SUCCESS
[stage2a_v11] 2026-09-23T12:26:22Z cache T_B T_B_train_33 SUCCESS
[stage2a_v11] 2026-09-23T12:26:29Z cache T_B T_B_train_34 SUCCESS
[stage2a_v11] 2026-09-23T12:26:37Z cache T_B T_B_train_35 SUCCESS
[stage2a_v11] 2026-09-23T12:26:47Z cache T_B T_B_train_36 SUCCESS
[stage2a_v11] 2026-09-23T12:26:53Z cache T_B T_B_train_37 SUCCESS
[stage2a_v11] 2026-09-23T12:27:00Z cache T_B T_B_train_38 SUCCESS
[stage2a_v11] 2026-09-23T12:27:07Z cache T_B T_B_train_39 SUCCESS
[stage2a_v11] 2026-09-23T12:27:16Z cache T_B T_B_train_40 SUCCESS
[stage2a_v11] 2026-09-23T12:27:23Z cache T_B T_B_train_41 SUCCESS
[stage2a_v11] 2026-09-23T12:27:30Z cache T_B T_B_train_42 SUCCESS
[stage2a_v11] 2026-09-23T12:27:37Z cache T_B T_B_train_43 SUCCESS
[stage2a_v11] 2026-09-23T12:27:44Z cache T_B T_B_train_44 SUCCESS
[stage2a_v11] 2026-09-23T12:27:52Z cache T_B T_B_train_45 SUCCESS
[stage2a_v11] 2026-09-23T12:27:59Z cache T_B T_B_train_46 SUCCESS
[stage2a_v11] 2026-09-23T12:28:06Z cache T_B T_B_train_47 SUCCESS
[stage2a_v11] 2026-09-23T12:28:15Z cache T_B T_B_train_48 SUCCESS
[stage2a_v11] 2026-09-23T12:28:25Z cache T_B T_B_train_49 SUCCESS
[stage2a_v11] 2026-09-23T12:28:32Z cache T_B T_B_train_50 SUCCESS
[stage2a_v11] 2026-09-23T12:28:39Z cache T_B T_B_train_51 SUCCESS
[stage2a_v11] 2026-09-23T12:28:46Z cache T_B T_B_train_52 SUCCESS
[stage2a_v11] 2026-09-23T12:28:53Z cache T_B T_B_train_53 SUCCESS
[stage2a_v11] 2026-09-23T12:29:01Z cache T_B T_B_train_54 SUCCESS
[stage2a_v11] 2026-09-23T12:29:08Z cache T_B T_B_train_55 SUCCESS
[stage2a_v11] 2026-09-23T12:29:16Z cache T_B T_B_train_56 SUCCESS
[stage2a_v11] 2026-09-23T12:29:22Z cache T_B T_B_train_57 SUCCESS
[stage2a_v11] 2026-09-23T12:29:29Z cache T_B T_B_train_58 SUCCESS
[stage2a_v11] 2026-09-23T12:29:37Z cache T_B T_B_train_59 SUCCESS
[stage2a_v11] 2026-09-23T12:29:45Z cache T_B T_B_train_60 SUCCESS
[stage2a_v11] 2026-09-23T12:29:52Z cache T_B T_B_train_61 SUCCESS
[stage2a_v11] 2026-09-23T12:29:56Z cache T_B T_B_train_62 SUCCESS
[stage2a_v11] 2026-09-23T12:30:04Z cache T_B T_B_train_63 SUCCESS
[stage2a_v11] 2026-09-23T12:30:11Z cache T_B T_B_dev_08 SUCCESS
[stage2a_v11] 2026-09-23T12:30:18Z cache T_B T_B_dev_09 SUCCESS
[stage2a_v11] 2026-09-23T12:30:26Z cache T_B T_B_dev_10 SUCCESS
[stage2a_v11] 2026-09-23T12:30:33Z cache T_B T_B_dev_11 SUCCESS
[stage2a_v11] 2026-09-23T12:30:41Z cache T_B T_B_dev_12 SUCCESS
[stage2a_v11] 2026-09-23T12:30:46Z cache T_B T_B_dev_13 SUCCESS
[stage2a_v11] 2026-09-23T12:30:53Z cache T_B T_B_dev_14 SUCCESS
[stage2a_v11] 2026-09-23T12:31:02Z cache T_B T_B_dev_15 SUCCESS
[stage2a_v11] 2026-09-23T12:31:09Z cache T_B T_B_dev_16 SUCCESS
[stage2a_v11] 2026-09-23T12:31:15Z cache T_B T_B_dev_17 SUCCESS
[stage2a_v11] 2026-09-23T12:31:21Z cache T_B T_B_dev_18 SUCCESS
[stage2a_v11] 2026-09-23T12:31:28Z cache T_B T_B_dev_19 SUCCESS
[stage2a_v11] 2026-09-23T12:31:35Z cache T_B T_B_test_00 SUCCESS
[stage2a_v11] 2026-09-23T12:31:42Z cache T_B T_B_test_01 SUCCESS
[stage2a_v11] 2026-09-23T12:31:49Z cache T_B T_B_test_02 SUCCESS
[stage2a_v11] 2026-09-23T12:31:57Z cache T_B T_B_test_03 SUCCESS
[stage2a_v11] 2026-09-23T12:32:04Z cache T_B T_B_test_04 SUCCESS
[stage2a_v11] 2026-09-23T12:32:12Z cache T_B T_B_test_05 SUCCESS
[stage2a_v11] 2026-09-23T12:32:16Z cache T_B T_B_test_06 SUCCESS
[stage2a_v11] 2026-09-23T12:32:24Z cache T_B T_B_test_07 SUCCESS
[stage2a_v11] 2026-09-23T12:32:32Z cache T_B T_B_test_08 SUCCESS
[stage2a_v11] 2026-09-23T12:32:41Z cache T_B T_B_test_09 SUCCESS
[stage2a_v11] 2026-09-23T12:32:49Z cache T_B T_B_test_10 SUCCESS
[stage2a_v11] 2026-09-23T12:32:56Z cache T_B T_B_test_11 SUCCESS
[stage2a_v11] 2026-09-23T12:33:00Z cache T_B T_B_test_12 SUCCESS
[stage2a_v11] 2026-09-23T12:33:08Z cache T_B T_B_test_13 SUCCESS
[stage2a_v11] 2026-09-23T12:33:14Z cache T_B T_B_test_14 SUCCESS
[stage2a_v11] 2026-09-23T12:33:22Z cache T_B T_B_test_15 SUCCESS
[stage2a_v11] 2026-09-23T12:33:30Z cache T_B T_B_test_16 SUCCESS
[stage2a_v11] 2026-09-23T12:33:38Z cache T_B T_B_test_17 SUCCESS
[stage2a_v11] 2026-09-23T12:33:46Z cache T_B T_B_test_18 SUCCESS
[stage2a_v11] 2026-09-23T12:33:54Z cache T_B T_B_test_19 SUCCESS
[stage2a_v11] 2026-09-23T12:34:02Z cache T_B T_B_test_20 SUCCESS
[stage2a_v11] 2026-09-23T12:34:09Z cache T_B T_B_test_21 SUCCESS
[stage2a_v11] 2026-09-23T12:34:16Z cache T_B T_B_test_22 SUCCESS
[stage2a_v11] 2026-09-23T12:34:23Z cache T_B T_B_test_23 SUCCESS
[stage2a_v11] 2026-09-23T12:34:30Z cache T_B T_B_test_24 SUCCESS
[stage2a_v11] 2026-09-23T12:34:38Z cache T_B T_B_test_25 SUCCESS
[stage2a_v11] 2026-09-23T12:34:46Z cache T_B T_B_test_26 SUCCESS
[stage2a_v11] 2026-09-23T12:34:52Z cache T_B T_B_test_27 SUCCESS
[stage2a_v11] 2026-09-23T12:35:01Z cache T_B T_B_test_28 SUCCESS
[stage2a_v11] 2026-09-23T12:35:08Z cache T_B T_B_test_29 SUCCESS
[stage2a_v11] 2026-09-23T12:35:08Z cache audit T_B {'n': 114, 'n_missing': 0, 'n_legal_empty': 114, 'n_nonempty': 0, 'new_or_rechecked': 106}
[stage2a_v11] 2026-09-23T12:35:09Z captured T_C_test_00
[stage2a_v11] 2026-09-23T12:35:10Z captured T_C_test_01
[stage2a_v11] 2026-09-23T12:35:12Z captured T_C_test_02
[stage2a_v11] 2026-09-23T12:35:13Z captured T_C_test_03
[stage2a_v11] 2026-09-23T12:35:14Z captured T_C_test_04
[stage2a_v11] 2026-09-23T12:35:15Z captured T_C_test_05
[stage2a_v11] 2026-09-23T12:35:17Z captured T_C_test_06
[stage2a_v11] 2026-09-23T12:35:18Z captured T_C_test_07
[stage2a_v11] 2026-09-23T12:35:20Z captured T_C_test_08
[stage2a_v11] 2026-09-23T12:35:21Z captured T_C_test_09
[stage2a_v11] 2026-09-23T12:35:22Z captured T_C_test_10
[stage2a_v11] 2026-09-23T12:35:23Z captured T_C_test_11
[stage2a_v11] 2026-09-23T12:35:25Z captured T_C_test_12
[stage2a_v11] 2026-09-23T12:35:26Z captured T_C_test_13
[stage2a_v11] 2026-09-23T12:35:27Z captured T_C_test_14
[stage2a_v11] 2026-09-23T12:35:29Z captured T_C_test_15
[stage2a_v11] 2026-09-23T12:35:30Z captured T_C_test_16
[stage2a_v11] 2026-09-23T12:35:31Z captured T_C_test_17
[stage2a_v11] 2026-09-23T12:35:32Z captured T_C_test_18
[stage2a_v11] 2026-09-23T12:35:34Z captured T_C_test_19
[stage2a_v11] 2026-09-23T12:35:35Z captured T_C_test_20
[stage2a_v11] 2026-09-23T12:35:37Z captured T_C_test_21
[stage2a_v11] 2026-09-23T12:35:38Z captured T_C_test_22
[stage2a_v11] 2026-09-23T12:35:39Z captured T_C_test_23
[stage2a_v11] 2026-09-23T12:35:41Z captured T_C_test_24
[stage2a_v11] 2026-09-23T12:35:42Z captured T_C_test_25
[stage2a_v11] 2026-09-23T12:35:43Z captured T_C_test_26
[stage2a_v11] 2026-09-23T12:35:44Z captured T_C_test_27
[stage2a_v11] 2026-09-23T12:35:46Z captured T_C_test_28
[stage2a_v11] 2026-09-23T12:35:47Z captured T_C_test_29
[stage2a_v11] 2026-09-23T12:35:53Z cache T_C T_C_test_00 SUCCESS
[stage2a_v11] 2026-09-23T12:35:59Z cache T_C T_C_test_01 SUCCESS
[stage2a_v11] 2026-09-23T12:36:04Z cache T_C T_C_test_02 SUCCESS
[stage2a_v11] 2026-09-23T12:36:10Z cache T_C T_C_test_03 SUCCESS
[stage2a_v11] 2026-09-23T12:36:15Z cache T_C T_C_test_04 SUCCESS
[stage2a_v11] 2026-09-23T12:36:21Z cache T_C T_C_test_05 SUCCESS
[stage2a_v11] 2026-09-23T12:36:26Z cache T_C T_C_test_06 SUCCESS
[stage2a_v11] 2026-09-23T12:36:32Z cache T_C T_C_test_07 SUCCESS
[stage2a_v11] 2026-09-23T12:36:38Z cache T_C T_C_test_08 SUCCESS
[stage2a_v11] 2026-09-23T12:36:44Z cache T_C T_C_test_09 SUCCESS
[stage2a_v11] 2026-09-23T12:36:50Z cache T_C T_C_test_10 SUCCESS
[stage2a_v11] 2026-09-23T12:36:55Z cache T_C T_C_test_11 SUCCESS
[stage2a_v11] 2026-09-23T12:37:00Z cache T_C T_C_test_12 SUCCESS
[stage2a_v11] 2026-09-23T12:37:04Z cache T_C T_C_test_13 SUCCESS
[stage2a_v11] 2026-09-23T12:37:10Z cache T_C T_C_test_14 SUCCESS
[stage2a_v11] 2026-09-23T12:37:15Z cache T_C T_C_test_15 SUCCESS
[stage2a_v11] 2026-09-23T12:37:22Z cache T_C T_C_test_16 SUCCESS
[stage2a_v11] 2026-09-23T12:37:27Z cache T_C T_C_test_17 SUCCESS
[stage2a_v11] 2026-09-23T12:37:31Z cache T_C T_C_test_18 SUCCESS
[stage2a_v11] 2026-09-23T12:37:37Z cache T_C T_C_test_19 SUCCESS
[stage2a_v11] 2026-09-23T12:37:43Z cache T_C T_C_test_20 SUCCESS
[stage2a_v11] 2026-09-23T12:37:48Z cache T_C T_C_test_21 SUCCESS
[stage2a_v11] 2026-09-23T12:37:54Z cache T_C T_C_test_22 SUCCESS
[stage2a_v11] 2026-09-23T12:38:00Z cache T_C T_C_test_23 SUCCESS
[stage2a_v11] 2026-09-23T12:38:06Z cache T_C T_C_test_24 SUCCESS
[stage2a_v11] 2026-09-23T12:38:12Z cache T_C T_C_test_25 SUCCESS
[stage2a_v11] 2026-09-23T12:38:18Z cache T_C T_C_test_26 SUCCESS
[stage2a_v11] 2026-09-23T12:38:23Z cache T_C T_C_test_27 SUCCESS
[stage2a_v11] 2026-09-23T12:38:28Z cache T_C T_C_test_28 SUCCESS
[stage2a_v11] 2026-09-23T12:38:34Z cache T_C T_C_test_29 SUCCESS
[stage2a_v11] 2026-09-23T12:38:34Z cache audit T_C {'n': 114, 'n_missing': 0, 'n_legal_empty': 103, 'n_nonempty': 11, 'new_or_rechecked': 30}
{"audit":{"T_B":{"n":114,"n_legal_empty":114,"n_missing":0,"n_nonempty":0,"new_or_rechecked":106},"T_C":{"n":114,"n_legal_empty":103,"n_missing":0,"n_nonempty":11,"new_or_rechecked":30}},"status":"MATERIALIZED"}
